0
0
0
0
0
0
0
0
0
0
0
0
0
0
0
0
0
0
0
0
0
0
0
0
0
0
0
0
0
0
0
0
0
0
0
0
0
0
0
0
0
0
0
0
0
0
0
0
0
0
0
0
0
0
0
0
0
0
0
0
0
0
0
0
0
0
0
0
0
0
0
0
0
0
0
0
0
0
0
0
0
0
0
0
0
0
0
0
0
0
0
0
0
0
0
0
0
0
0
0
0
0
0
0
0
0
0
0
0
0
0
0
0
0
0
0
0
0
0
0
0
0
0
0
0
0
0
0
0
0
0
0
0
0
0
0
0
0
0
0
0
0
0
0
0
0
0
0
0
0
0
0
0
0
0
0
0
0
0
0
0
0
0
0
0
0
0
0
0
0
0
0
0
0
0
0
0
0
0
0
0
0
0
0
0
0
0
0
0
0
0
0
0
0
0
0
0
0
0
0
0
0
0
0
0
0
0
0
0
0
0
0
0
0
0
0
0
0
0
0
0
0
0
0
0
0
0
0
0
0
0
0
0
0
0
0
0
0
0
0
0
0
0
0
0
0
0
0
0
0
0
0
0
0
0
0
0
0
0
0
0
0
0
0
0
0
0
0
0
0
0
0
0
0
0
0
0
0
0
0
0
0
0
0
0
0
0
0
0
0
0
0
0
0
0
0
0
0
0
0
0
0
0
0
0
0
0
0
0
0
0
0
0
0
0
0
0
0
0
0
0
0
0
0
0
0
0
0
0
0
0
0
0
0
0
0
0
0
0
0
0
0
0
0
0
0
0
0
0
0
0
0
0
0
0
0
0
0
0
0
0
0
0
0
0
0
0
0
0
0
0
0
0
0
0
0
0
0
0
0
0
0
0
0
0
0
0
0
0
0
0
0
0
0
0
0
0
0
0
0
0
0
0
0
0
0
0
0
0
0
0
0
0
0
0
0
0
0
0
0
0
0
0
0
0
0
0
0
0
0
0
0
0
0
0
0
0
0
0
0
0
0
0
0
0
0
0
0
0
0
0
0
0
0
0
0
0
0
0
0
0
0
0
0
0
0
0
0
0
0
0
0
0
0
0
0
0
0
0
0
0
0
0
0
0
0
0
0
0
0
0
0
0
0
0
0
0
0
0
0
0
0
0
0
0
0
0
0
0
0
0
0
0
0
0
0
0
0
0
0
0
0
0
0
0
0
0
0
0
0
0
0
0
0
0
0
0
0
0
0
0
0
0
0
0
0
0
0
0
0
0
0
0
0
0
0
0
0
0
0
0
0
0
0
0
0
0
0
0
0
0
0
0
0
0
0
0
0
0
0
0
0
0
0
0
0
0
0
0
0
0
0
0
0
0
0
0
0
0
0
0
0
0
0
0
0
0
0
0
0
0
0
0
0
0
0
0
0
0
0
0
0
0
0
0
0
0
0
0
0
0
0
0
0
0
0
0
0
0
0
0
0
0
0
0
0
0
0
0
0
0
0
0
0
0
0
0
0
0
0
0
0
0
0
0
0
0
0
0
0
0
0
0
0
0
0
0
0
0
0
0
0
0
0
0
0
0
0
0
0
0
0
0
0
0
0
0
0
0
0
0
0
0
0
0
0
0
0
0
0
0
0
0
0
0
0
0
0
0
0
0
0
0
0
0
0
0
0
0
0
0
0
0
0
0
0
0
0
0
0
0
0
0
0
0
0
0
0
0
0
0
0
0
0
0
0
0
0
0
0
0
0
0
0
0
0
0
0
0
0
0
0
0
0
0
0
0
0
0
0
0
0
0
0
0
0
0
0
0
0
0
0
0
0
0
0
0
0
0
0
0
0
0
0
0
0
0
0
0
0
0
0
0
0
0
0
0
0
0
0
0
0
0
0
0
0
0
0
0
0
0
0
0
0
0
0
0
0
0
0
0
0
0
0
0
0
0
0
0
0
0
0
0
0
0
0
0
0
0
0
0
0
0
0
0
0
0
0
0
0
0
0
0
0
0
0
0
0
0
0
0
0
0
0
0
0
0
0
0
0
0
0
0
0
0
0
0
0
0
0
0
0
0
0
0
0
0
0
0
0
0
0
0
0
0
0
0
0
0
0
0
0
0
0
0
0
0
0
0
0
0
0
0
0
0
0
0
0
0
0
0
0
0
0
0
0
0
0
0
0
0
0
0
0
0
0
0
0
0
0
0
0
0
0
0
0
0
0
0
0
0
0
0
0
0
0
0
0
0
0
0
0
0
0
0
0
0
0
0
0
0
0
0
0
0
0
0
0
0
0
0
0
0
0
0
0
0
0
0
0
0
0
0
0
0
0
0
0
0
0
0
0
0
0
0
0
0
0
0
0
0
0
0
0
0
0
0
0
0
0
0
0
0
0
0
0
0
0
0
0
0
0
0
0
0
0
0
0
0
0
0
0
0
0
0
0
0
0
0
0
0
0
0
0
0
0
0
0
0
0
0
0
0
0
0
0
0
0
0
0
0
0
0
0
0
0
0
0
0
0
0
0
0
0
0
0
0
0
0
0
0
0
0
0
0
0
0
0
0
0
0
0
0
0
0
0
0
0
0
0
0
0
0
0
0
0
0
0
0
0
0
0
0
0
0
0
0
0
0
0
0
0
0
0
0
0
0
0
0
0
0
0
0
0
0
0
0
0
0
0
0
0
0
0
0
0
0
0
0
0
0
0
0
0
0
0
0
0
0
0
0
0
0
0
0
0
0
0
0
0
0
0
0
0
0
0
0
0
0
0
0
0
0
0
0
0
0
0
0
0
0
0
0
0
0
0
0
0
0
0
0
0
0
0
0
0
0
0
0
0
0
0
0
0
0
0
0
0
0
0
0
0
0
0
0
0
0
0
0
0
0
0
0
0
0
0
0
0
0
0
0
0
0
0
0
0
0
0
0
0
0
0
0
0
0
0
0
0
0
0
0
0
0
0
0
0
0
0
0
0
0
0
0
0
0
0
0
0
0
0
0
0
0
0
0
0
0
0
0
0
0
0
0
0
0
0
0
0
0
0
0
0
0
0
0
0
0
0
0
0
0
0
0
0
0
0
0
0
0
0
0
0
0
0
0
0
0
0
0
0
0
0
0
0
0
0
0
0
0
0
0
0
0
0
0
0
0
0
0
0
0
0
0
0
0
0
0
0
0
0
0
0
0
0
0
0
0
0
0
0
0
0
0
0
0
0
0
0
0
0
0
0
0
0
0
0
0
0
0
0
0
0
0
0
0
0
0
0
0
0
0
0
0
0
0
0
0
0
0
0
0
0
0
0
0
0
0
0
0
0
0
0
0
0
0
0
0
0
0
0
0
0
0
0
0
0
0
0
0
0
0
0
0
0
0
0
0
0
0
0
0
0
0
0
0
0
0
0
0
0
0
0
0
0
0
0
0
0
0
0
0
0
0
0
0
0
0
0
0
0
0
0
0
0
0
0
0
0
0
0
0
0
0
0
0
0
0
0
0
0
0
0
0
0
0
0
0
0
0
0
0
0
0
0
0
0
0
0
0
0
0
0
0
0
0
0
0
0
0
0
0
0
0
0
0
0
0
0
0
0
0
0
0
0
0
0
0
0
0
0
0
0
0
0
0
0
0
0
0
0
0
0
0
0
0
0
0
0
0
0
0
0
0
0
0
0
0
0
0
0
0
0
0
0
0
0
0
0
0
0
0
0
0
0
0
0
0
0
0
0
0
0
0
0
0
0
0
0
0
0
0
0
0
0
0
0
0
0
0
0
0
0
0
0
0
0
0
0
0
0
0
0
0
0
0
0
0
0
0
0
0
0
0
0
0
0
0
0
0
0
0
0
0
0
0
0
0
0
0
0
0
0
0
0
0
0
0
0
0
0
0
0
0
0
0
0
0
0
0
0
0
0
0
0
0
0
0
0
0
0
0
0
0
0
0
0
0
0
0
0
0
0
0
0
0
0
0
0
0
0
0
0
0
0
0
0
0
0
0
0
0
0
0
0
0
0
0
0
0
0
0
0
0
0
0
0
0
0
0
0
0
0
0
0
0
0
0
0
0
0
0
0
0
0
0
0
0
0
0
0
0
0
0
0
0
0
0
0
0
0
0
0
0
0
0
0
0
0
0
0
0
0
0
0
0
0
0
0
0
0
0
0
0
0
0
0
0
0
0
0
0
0
0
0
0
0
0
0
0
0
0
0
0
0
0
0
0
0
0
0
0
0
0
0
0
0
0
0
0
0
0
0
0
0
0
0
0
0
0
0
0
0
0
0
0
0
0
0
0
0
0
0
0
0
0
0
0
0
0
0
0
0
0
0
0
0
0
0
0
0
0
0
0
0
0
0
0
0
0
0
0
0
0
0
0
0
0
0
0
0
0
0
0
0
0
0
0
0
0
0
0
0
0
0
0
0
0
0
0
0
0
0
0
0
0
0
0
0
0
0
0
0
0
0
0
0
0
0
0
0
0
0
0
0
0
0
0
0
0
0
0
0
0
0
0
0
0
0
0
0
0
0
0
0
0
0
0
0
0
0
0
0
0
0
0
0
0
0
0
0
0
0
0
0
0
0
0
0
0
0
0
0
0
0
0
0
0
0
0
0
0
0
0
0
0
0
0
0
0
0
0
0
0
0
0
0
0
0
0
0
0
0
0
0
0
0
0
0
0
0
0
0
0
0
0
0
0
0
0
0
0
0
0
0
0
0
0
0
0
0
0
0
0
0
0
0
0
0
0
0
0
0
0
0
0
0
0
0
0
0
0
0
0
0
0
0
0
0
0
0
0
0
0
0
0
0
0
0
0
0
0
0
0
0
0
0
0
0
0
0
0
0
0
0
0
0
0
0
0
0
0
0
0
0
0
0
0
0
0
0
0
0
0
0
0
0
0
0
0
0
0
0
0
0
0
0
0
0
0
0
0
0
0
0
0
0
0
0
0
0
0
0
0
0
0
0
0
0
0
0
0
0
0
0
0
0
0
0
0
0
0
0
0
0
0
0
0
0
0
0
0
0
0
0
0
0
0
0
0
0
0
0
0
0
0
0
0
0
0
0
0
0
0
0
0
0
0
0
0
0
0
0
0
0
0
0
0
0
0
0
0
0
0
0
0
0
0
0
0
0
0
0
0
0
0
0
0
0
0
0
0
0
0
0
0
0
0
0
0
0
0
0
0
0
0
0
0
0
0
0
0
0
0
0
0
0
0
0
0
0
0
0
0
0
0
0
0
0
0
0
0
0
0
0
0
0
0
0
0
0
0
0
0
0
0
0
0
0
0
0
0
0
0
0
0
0
0
0
0
0
0
0
0
0
0
0
0
0
0
0
0
0
0
0
0
0
0
0
0
0
0
0
0
0
0
0
0
0
0
0
0
0
0
0
0
0
0
0
0
0
0
0
0
0
0
0
0
0
0
0
0
0
0
0
0
0
0
0
0
0
0
0
0
0
0
0
0
0
0
0
0
0
0
0
0
0
0
0
0
0
0
0
0
0
0
0
0
0
0
0
0
0
0
0
0
0
0
0
0
0
0
0
0
0
0
0
0
0
0
0
0
0
0
0
0
0
0
0
0
0
0
0
0
0
0
0
0
0
0
0
0
0
0
0
0
0
0
0
0
0
0
0
0
0
0
0
0
0
0
0
0
0
0
0
0
0
0
0
0
0
0
0
0
0
0
0
0
0
0
0
0
0
0
0
0
0
0
0
0
0
0
0
0
0
0
0
0
0
0
0
0
0
0
0
0
0
0
0
0
0
0
0
0
0
0
0
0
0
0
0
0
0
0
0
0
0
0
0
0
0
0
0
0
0
0
0
0
0
0
0
0
0
0
0
0
0
0
0
0
0
0
0
0
0
0
0
0
0
0
0
0
0
0
0
0
0
0
0
0
0
0
0
0
0
0
0
0
0
0
0
0
0
0
0
0
0
0
0
0
0
0
0
0
0
0
0
0
0
0
0
0
0
0
0
0
0
0
0
0
0
0
0
0
0
0
0
0
0
0
0
0
0
0
0
0
0
0
0
0
0
0
0
0
0
0
0
0
0
0
0
0
0
0
0
0
0
0
0
0
0
0
0
0
0
0
0
0
0
0
0
0
0
0
0
0
0
0
0
0
0
0
0
0
0
0
0
0
0
0
0
0
0
0
0
0
0
0
0
0
0
0
0
0
0
0
0
0
0
0
0
0
0
0
0
0
0
0
0
0
0
0
0
0
0
0
0
0
0
0
0
0
0
0
0
0
0
0
0
0
0
0
0
0
0
0
0
0
0
0
0
0
0
0
0
0
0
0
0
0
0
0
0
0
0
0
0
0
0
0
0
0
0
0
0
0
0
0
0
0
0
0
0
0
0
0
0
0
0
0
0
0
0
0
0
0
0
0
0
0
0
0
0
0
0
0
0
0
0
0
0
0
0
0
0
0
0
0
0
0
0
0
0
0
0
0
0
0
0
0
0
0
0
0
0
0
0
0
0
0
0
0
0
0
0
0
0
0
0
0
0
0
0
0
0
0
0
0
0
0
0
0
0
0
0
0
0
0
0
0
0
0
0
0
0
0
0
0
0
0
0
0
0
0
0
0
0
0
0
0
0
0
0
0
0
0
0
0
0
0
0
0
0
0
0
0
0
0
0
0
0
0
0
0
0
0
0
0
0
0
0
0
0
0
0
0
0
0
0
0
0
0
0
0
0
0
0
0
0
0
0
0
0
0
0
0
0
0
0
0
0
0
0
0
0
0
0
0
0
0
0
0
0
0
0
0
0
0
0
0
0
0
0
0
0
0
0
0
0
0
0
0
0
0
0
0
0
0
0
0
0
0
0
0
0
0
0
0
0
0
0
0
0
0
0
0
0
0
0
0
0
0
0
0
0
0
0
0
0
0
0
0
0
0
0
0
0
0
0
0
0
0
0
0
0
0
0
0
0
0
0
0
0
0
0
0
0
0
0
0
0
0
0
0
0
0
0
0
0
0
0
0
0
0
0
0
0
0
0
0
0
0
0
0
0
0
0
0
0
0
0
0
0
0
0
0
0
0
0
0
0
0
0
0
0
0
0
0
0
0
0
0
0
0
0
0
0
0
0
0
0
0
0
0
0
0
0
0
0
0
0
0
0
0
0
0
0
0
0
0
0
0
0
0
0
0
0
0
0
0
0
0
0
0
0
0
0
0
0
0
0
0
0
0
0
0
0
0
0
0
0
0
0
0
0
0
0
0
0
0
0
0
0
0
0
0
0
0
0
0
0
0
0
0
0
0
0
0
0
0
0
0
0
0
0
0
0
0
0
0
0
0
0
0
0
0
0
0
0
0
0
0
0
0
0
0
0
0
0
0
0
0
0
0
0
0
0
0
0
0
0
0
0
0
0
0
0
0
0
0
0
0
0
0
0
0
0
0
0
0
0
0
0
0
0
0
0
0
0
0
0
0
0
0
0
0
0
0
0
0
0
0
0
0
0
0
0
0
0
0
0
0
0
0
0
0
0
0
0
0
0
0
0
0
0
0
0
0
0
0
0
0
0
0
0
0
0
0
0
0
0
0
0
0
0
0
0
0
0
0
0
0
0
0
0
0
0
0
0
0
0
0
0
0
0
0
0
0
0
0
0
0
0
0
0
0
0
0
0
0
0
0
0
0
0
0
0
0
0
0
0
0
0
0
0
0
0
0
0
0
0
0
0
0
0
0
0
0
0
0
0
0
0
0
0
0
0
0
0
0
0
0
0
0
0
0
0
0
0
0
0
0
0
0
0
0
0
0
0
0
0
0
0
0
0
0
0
0
0
0
0
0
0
0
0
0
0
0
0
0
0
0
0
0
0
0
0
0
0
0
0
0
0
0
0
0
0
0
0
0
0
0
0
0
0
0
0
0
0
0
0
0
0
0
0
0
0
0
0
0
0
0
0
0
0
0
0
0
0
0
0
0
0
0
0
0
0
0
0
0
0
0
0
0
0
0
0
0
0
0
0
0
0
0
0
0
0
0
0
0
0
0
0
0
0
0
0
0
0
0
0
0
0
0
0
0
0
0
0
0
0
0
0
0
0
0
0
0
0
0
0
0
0
0
0
0
0
0
0
0
0
0
0
0
0
0
0
0
0
0
0
0
0
0
0
0
0
0
0
0
0
0
0
0
0
0
0
0
0
0
0
0
0
0
0
0
0
0
0
0
0
0
0
0
0
0
0
0
0
0
0
0
0
0
0
0
0
0
0
0
0
0
0
0
0
0
0
0
0
0
0
0
0
0
0
0
0
0
0
0
0
0
0
0
0
0
0
0
0
0
0
0
0
0
0
0
0
0
0
0
0
0
0
0
0
0
0
0
0
0
0
0
0
0
0
0
0
0
0
0
0
0
0
0
0
0
0
0
0
0
0
0
0
0
0
0
0
0
0
0
0
0
0
0
0
0
0
0
0
0
0
0
0
0
0
0
0
0
0
0
0
0
0
0
0
0
0
0
0
0
0
0
0
0
0
0
0
0
0
0
0
0
0
0
0
0
0
0
0
0
0
0
0
0
0
0
0
0
0
0
0
0
0
0
0
0
0
0
0
0
0
0
0
0
0
0
0
0
0
0
0
0
0
0
0
0
0
0
0
0
0
0
0
0
0
0
0
0
0
0
0
0
0
0
0
0
0
0
0
0
0
0
0
0
0
0
0
0
0
0
0
0
0
0
0
0
0
0
0
0
0
0
0
0
0
0
0
0
0
0
0
0
0
0
0
0
0
0
0
0
0
0
0
0
0
0
0
0
0
0
0
0
0
0
0
0
0
0
0
0
0
0
0
0
0
0
0
0
0
0
0
0
0
0
0
0
0
0
0
0
0
0
0
0
0
0
0
0
0
0
0
0
0
0
0
0
0
0
0
0
0
0
0
0
0
0
0
0
0
0
0
0
0
0
0
0
0
0
0
0
0
0
0
0
0
0
0
0
0
0
0
0
0
0
0
0
0
0
0
0
0
0
0
0
0
0
0
0
0
0
0
0
0
0
0
0
0
0
0
0
0
0
0
0
0
0
0
0
0
0
0
0
0
0
0
0
0
0
0
0
0
0
0
0
0
0
0
0
0
0
0
0
0
0
0
0
0
0
0
0
0
0
0
0
0
0
0
0
0
0
0
0
0
0
0
0
0
0
0
0
0
0
0
0
0
0
0
0
0
0
0
0
0
0
0
0
0
0
0
0
0
0
0
0
0
0
0
0
0
0
0
0
0
0
0
0
0
0
0
0
0
0
0
0
0
0
0
0
0
0
0
0
0
0
0
0
0
0
0
0
0
0
0
0
0
0
0
0
0
0
0
0
0
0
0
0
0
0
0
0
0
0
0
0
0
0
0
0
0
0
0
0
0
0
0
0
0
0
0
0
0
0
0
0
0
0
0
0
0
0
0
0
0
0
0
0
0
0
0
0
0
0
0
0
0
0
0
0
0
0
0
0
0
0
0
0
0
0
0
0
0
0
0
0
0
0
0
0
0
0
0
0
0
0
0
0
0
0
0
0
0
0
0
0
0
0
0
0
0
0
0
0
0
0
0
0
0
0
0
0
0
0
0
0
0
0
0
0
0
0
0
0
0
0
0
0
0
0
0
0
0
0
0
0
0
0
0
0
0
0
0
0
0
0
0
0
0
0
0
0
0
0
0
0
0
0
0
0
0
0
0
0
0
0
0
0
0
0
0
0
0
0
0
0
0
0
0
0
0
0
0
0
0
0
0
0
0
0
0
0
0
0
0
0
0
0
0
0
0
0
0
0
0
0
0
0
0
0
0
0
0
0
0
0
0
0
0
0
0
0
0
0
0
0
0
0
0
0
0
0
0
0
0
0
0
0
0
0
0
0
0
0
0
0
0
0
0
0
0
0
0
0
0
0
0
0
0
0
0
0
0
0
0
0
0
0
0
0
0
0
0
0
0
0
0
0
0
0
0
0
0
0
0
0
0
0
0
0
0
0
0
0
0
0
0
0
0
0
0
0
0
0
0
0
0
0
0
0
0
0
0
0
0
0
0
0
0
0
0
0
0
0
0
0
0
0
0
0
0
0
0
0
0
0
0
0
0
0
0
0
0
0
0
0
0
0
0
0
0
0
0
0
0
0
0
0
0
0
0
0
0
0
0
0
0
0
0
0
0
0
0
0
0
0
0
0
0
0
0
0
0
0
0
0
0
0
0
0
0
0
0
0
0
0
0
0
0
0
0
0
0
0
0
0
0
0
0
0
0
0
0
0
0
0
0
0
0
0
0
0
0
0
0
0
0
0
0
0
0
0
0
0
0
0
0
0
0
0
0
0
0
0
0
0
0
0
0
0
0
0
0
0
0
0
0
0
0
0
0
0
0
0
0
0
0
0
0
0
0
0
0
0
0
0
0
0
0
0
0
0
0
0
0
0
0
0
0
0
0
0
0
0
0
0
0
0
0
0
0
0
0
0
0
0
0
0
0
0
0
0
0
0
0
0
0
0
0
0
0
0
0
0
0
0
0
0
0
0
0
0
0
0
0
0
0
0
0
0
0
0
0
0
0
0
0
0
0
0
0
0
0
0
0
0
0
0
0
0
0
0
0
0
0
0
0
0
0
0
0
0
0
0
0
0
0
0
0
0
0
0
0
0
0
0
0
0
0
0
0
0
0
0
0
0
0
0
0
0
0
0
0
0
0
0
0
0
0
0
0
0
0
0
0
0
0
0
0
0
0
0
0
0
0
0
0
0
0
0
0
0
0
0
0
0
0
0
0
0
0
0
0
0
0
0
0
0
0
0
0
0
0
0
0
0
0
0
0
0
0
0
0
0
0
0
0
0
0
0
0
0
0
0
0
0
0
0
0
0
0
0
0
0
0
0
0
0
0
0
0
0
0
0
0
0
0
0
0
0
0
0
0
0
0
0
0
0
0
0
0
0
0
0
0
0
0
0
0
0
0
0
0
0
0
0
0
0
0
0
0
0
0
0
0
0
0
0
0
0
0
0
0
0
0
0
0
0
0
0
0
0
0
0
0
0
0
0
0
0
0
0
0
0
0
0
0
0
0
0
0
0
0
0
0
0
0
0
0
0
0
0
0
0
0
0
0
0
0
0
0
0
0
0
0
0
0
0
0
0
0
0
0
0
0
0
0
0
0
0
0
0
0
0
0
0
0
0
0
0
0
0
0
0
0
0
0
0
0
0
0
0
0
0
0
0
0
0
0
0
0
0
0
0
0
0
0
0
0
0
0
0
0
0
0
0
0
0
0
0
0
0
0
0
0
0
0
0
0
0
0
0
0
0
0
0
0
0
0
0
0
0
0
0
0
0
0
0
0
0
0
0
0
0
0
0
0
0
0
0
0
0
0
0
0
0
0
0
0
0
0
0
0
0
0
0
0
0
0
0
0
0
0
0
0
0
0
0
0
0
0
0
0
0
0
0
0
0
0
0
0
0
0
0
0
0
0
0
0
0
0
0
0
0
0
0
0
0
0
0
0
0
0
0
0
0
0
0
0
0
0
0
0
0
0
0
0
0
0
0
0
0
0
0
0
0
0
0
0
0
0
0
0
0
0
0
0
0
0
0
0
0
0
0
0
0
0
0
0
0
0
0
0
0
0
0
0
0
0
0
0
0
0
0
0
0
0
0
0
0
0
0
0
0
0
0
0
0
0
0
0
0
0
0
0
0
0
0
0
0
0
0
0
0
0
0
0
0
0
0
0
0
0
0
0
0
0
0
0
0
0
0
0
0
0
0
0
0
0
0
0
0
0
0
0
0
0
0
0
0
0
0
0
0
0
0
0
0
0
0
0
0
0
0
0
0
0
0
0
0
0
0
0
0
0
0
0
0
0
0
0
0
0
0
0
0
0
0
0
0
0
0
0
0
0
0
0
0
0
0
0
0
0
0
0
0
0
0
0
0
0
0
0
0
0
0
0
0
0
0
0
0
0
0
0
0
0
0
0
0
0
0
0
0
0
0
0
0
0
0
0
0
0
0
0
0
0
0
0
0
0
0
0
0
0
0
0
0
0
0
0
0
0
0
0
0
0
0
0
0
0
0
0
0
0
0
0
0
0
0
0
0
0
0
0
0
0
0
0
0
0
0
0
0
0
0
0
0
0
0
0
0
0
0
0
0
0
0
0
0
0
0
0
0
0
0
0
0
0
0
0
0
0
0
0
0
0
0
0
0
0
0
0
0
0
0
0
0
0
0
0
0
0
0
0
0
0
0
0
0
0
0
0
0
0
0
0
0
0
0
0
0
0
0
0
0
0
0
0
0
0
0
0
0
0
0
0
0
0
0
0
0
0
0
0
0
0
0
0
0
0
0
0
0
0
0
0
0
0
0
0
0
0
0
0
0
0
0
0
0
0
0
0
0
0
0
0
0
0
0
0
0
0
0
0
0
0
0
0
0
0
0
0
0
0
0
0
0
0
0
0
0
0
0
0
0
0
0
0
0
0
0
0
0
0
0
0
0
0
0
0
0
0
0
0
0
0
0
0
0
0
0
0
0
0
0
0
0
0
0
0
0
0
0
0
0
0
0
0
0
0
0
0
0
0
0
0
0
0
0
0
0
0
0
0
0
0
0
0
0
0
0
0
0
0
0
0
0
0
0
0
0
0
0
0
0
0
0
0
0
0
0
0
0
0
0
0
0
0
0
0
0
0
0
0
0
0
0
0
0
0
0
0
0
0
0
0
0
0
0
0
0
0
0
0
0
0
0
0
0
0
0
0
0
0
0
0
0
0
0
0
0
0
0
0
0
0
0
0
0
0
0
0
0
0
0
0
0
0
0
0
0
0
0
0
0
0
0
0
0
0
0
0
0
0
0
0
0
0
0
0
0
0
0
0
0
0
0
0
0
0
0
0
0
0
0
0
0
0
0
0
0
0
0
0
0
0
0
0
0
0
0
0
0
0
0
0
0
0
0
0
0
0
0
0
0
0
0
0
0
0
0
0
0
0
0
0
0
0
0
0
0
0
0
0
0
0
0
0
0
0
0
0
0
0
0
0
0
0
0
0
0
0
0
0
0
0
0
0
0
0
0
0
0
0
0
0
0
0
0
0
0
0
0
0
0
0
0
0
0
0
0
0
0
0
0
0
0
0
0
0
0
0
0
0
0
0
0
0
0
0
0
0
0
0
0
0
0
0
0
0
0
0
0
0
0
0
0
0
0
0
0
0
0
0
0
0
0
0
0
0
0
0
0
0
0
0
0
0
0
0
0
0
0
0
0
0
0
0
0
0
0
0
0
0
0
0
0
0
0
0
0
0
0
0
0
0
0
0
0
0
0
0
0
0
0
0
0
0
0
0
0
0
0
0
0
0
0
0
0
0
0
0
0
0
0
0
0
0
0
0
0
0
0
0
0
0
0
0
0
0
0
0
0
0
0
0
0
0
0
0
0
0
0
0
0
0
0
0
0
0
0
0
0
0
0
0
0
0
0
0
0
0
0
0
0
0
0
0
0
0
0
0
0
0
0
0
0
0
0
0
0
0
0
0
0
0
0
0
0
0
0
0
0
0
0
0
0
0
0
0
0
0
0
0
0
0
0
0
0
0
0
0
0
0
0
0
0
0
0
0
0
0
0
0
0
0
0
0
0
0
0
0
0
0
0
0
0
0
0
0
0
0
0
0
0
0
0
0
0
0
0
0
0
0
0
0
0
0
0
0
0
0
0
0
0
0
0
0
0
0
0
0
0
0
0
0
0
0
0
0
0
0
0
0
0
0
0
0
0
0
0
0
0
0
0
0
0
0
0
0
0
0
0
0
0
0
0
0
0
0
0
0
0
0
0
0
0
0
0
0
0
0
0
0
0
0
0
0
0
0
0
0
0
0
0
0
0
0
0
0
0
0
0
0
0
0
0
0
0
0
0
0
0
0
0
0
0
0
0
0
0
0
0
0
0
0
0
0
0
0
0
0
0
0
0
0
0
0
0
0
0
0
0
0
0
0
0
0
0
0
0
0
0
0
0
0
0
0
0
0
0
0
0
0
0
0
0
0
0
0
0
0
0
0
0
0
0
0
0
0
0
0
0
0
0
0
0
0
0
0
0
0
0
0
0
0
0
0
0
0
0
0
0
0
0
0
0
0
0
0
0
0
0
0
0
0
0
0
0
0
0
0
0
0
0
0
0
0
0
0
0
0
0
0
0
0
0
0
0
0
0
0
0
0
0
0
0
0
0
0
0
0
0
0
0
0
0
0
0
0
0
0
0
0
0
0
0
0
0
0
0
0
0
0
0
0
0
0
0
0
0
0
0
0
0
0
0
0
0
0
0
0
0
0
0
0
0
0
0
0
0
0
0
0
0
0
0
0
0
0
0
0
0
0
0
0
0
0
0
0
0
0
0
0
0
0
0
0
0
0
0
0
0
0
0
0
0
0
0
0
0
0
0
0
0
0
0
0
0
0
0
0
0
0
0
0
0
0
0
0
0
0
0
0
0
0
0
0
0
0
0
0
0
0
0
0
0
0
0
0
0
0
0
0
0
0
0
0
0
0
0
0
0
0
0
0
0
0
0
0
0
0
0
0
0
0
0
0
0
0
0
0
0
0
0
0
0
0
0
0
0
0
0
0
0
0
0
0
0
0
0
0
0
0
0
0
0
0
0
0
0
0
0
0
0
0
0
0
0
0
0
0
0
0
0
0
0
0
0
0
0
0
0
0
0
0
0
0
0
0
0
0
0
0
0
0
0
0
0
0
0
0
0
0
0
0
0
0
0
0
0
0
0
0
0
0
0
0
0
0
0
0
0
0
0
0
0
0
0
0
0
0
0
0
0
0
0
0
0
0
0
0
0
0
0
0
0
0
0
0
0
0
0
0
0
0
0
0
0
0
0
0
0
0
0
0
0
0
0
0
0
0
0
0
0
0
0
0
0
0
0
0
0
0
0
0
0
0
0
0
0
0
0
0
0
0
0
0
0
0
0
0
0
0
0
0
0
0
0
0
0
0
0
0
0
0
0
0
0
0
0
0
0
0
0
0
0
0
0
0
0
0
0
0
0
0
0
0
0
0
0
0
0
0
0
0
0
0
0
0
0
0
0
0
0
0
0
0
0
0
0
0
0
0
0
0
0
0
0
0
0
0
0
0
0
0
0
0
0
0
0
0
0
0
0
0
0
0
0
0
0
0
0
0
0
0
0
0
0
0
0
0
0
0
0
0
0
0
0
0
0
0
0
0
0
0
0
0
0
0
0
0
0
0
0
0
0
0
0
0
0
0
0
0
0
0
0
0
0
0
0
0
0
0
0
0
0
0
0
0
0
0
0
0
0
0
0
0
0
0
0
0
0
0
0
0
0
0
0
0
0
0
0
0
0
0
0
0
0
0
0
0
0
0
0
0
0
0
0
0
0
0
0
0
0
0
0
0
0
0
0
0
0
0
0
0
0
0
0
0
0
0
0
0
0
0
0
0
0
0
0
0
0
0
0
0
0
0
0
0
0
0
0
0
0
0
0
0
0
0
0
0
0
0
0
0
0
0
0
0
0
0
0
0
0
0
0
0
0
0
0
0
0
0
0
0
0
0
0
0
0
0
0
0
0
0
0
0
0
0
0
0
0
0
0
0
0
0
0
0
0
0
0
0
0
0
0
0
0
0
0
0
0
0
0
0
0
0
0
0
0
0
0
0
0
0
0
0
0
0
0
0
0
0
0
0
0
0
0
0
0
0
0
0
0
0
0
0
0
0
0
0
0
0
0
0
0
0
0
0
0
0
0
0
0
0
0
0
0
0
0
0
0
0
0
0
0
0
0
0
0
0
0
0
0
0
0
0
0
0
0
0
0
0
0
0
0
0
0
0
0
0
0
0
0
0
0
0
0
0
0
0
0
0
0
0
0
0
0
0
0
0
0
0
0
0
0
0
0
0
0
0
0
0
0
0
0
0
0
0
0
0
0
0
0
0
0
0
0
0
0
0
0
0
0
0
0
0
0
0
0
0
0
0
0
0
0
0
0
0
0
0
0
0
0
0
0
0
0
0
0
0
0
0
0
0
0
0
0
0
0
0
0
0
0
0
0
0
0
0
0
0
0
0
0
0
0
0
0
0
0
0
0
0
0
0
0
0
0
0
0
0
0
0
0
0
0
0
0
0
0
0
0
0
0
0
0
0
0
0
0
0
0
0
0
0
0
0
0
0
0
0
0
0
0
0
0
0
0
0
0
0
0
0
0
0
0
0
0
0
0
0
0
0
0
0
0
0
0
0
0
0
0
0
0
0
0
0
0
0
0
0
0
0
0
0
0
0
0
0
0
0
0
0
0
0
0
0
0
0
0
0
0
0
0
0
0
0
0
0
0
0
0
0
0
0
0
0
0
0
0
0
0
0
0
0
0
0
0
0
0
0
0
0
0
0
0
0
0
0
0
0
0
0
0
0
0
0
0
0
0
0
0
0
0
0
0
0
0
0
0
0
0
0
0
0
0
0
0
0
0
0
0
0
0
0
0
0
0
0
0
0
0
0
0
0
0
0
0
0
0
0
0
0
0
0
0
0
0
0
0
0
0
0
0
0
0
0
0
0
0
0
0
0
0
0
0
0
0
0
0
0
0
0
0
0
0
0
0
0
0
0
0
0
0
0
0
0
0
0
0
0
0
0
0
0
0
0
0
0
0
0
0
0
0
0
0
0
0
0
0
0
0
0
0
0
0
0
0
0
0
0
0
0
0
0
0
0
0
0
0
0
0
0
0
0
0
0
0
0
0
0
0
0
0
0
0
0
0
0
0
0
0
0
0
0
0
0
0
0
0
0
0
0
0
0
0
0
0
0
0
0
0
0
0
0
0
0
0
0
0
0
0
0
0
0
0
0
0
0
0
0
0
0
0
0
0
0
0
0
0
0
0
0
0
0
0
0
0
0
0
0
0
0
0
0
0
0
0
0
0
0
0
0
0
0
0
0
0
0
0
0
0
0
0
0
0
0
0
0
0
0
0
0
0
0
0
0
0
0
0
0
0
0
0
0
0
0
0
0
0
0
0
0
0
0
0
0
0
0
0
0
0
0
0
0
0
0
0
0
0
0
0
0
0
0
0
0
0
0
0
0
0
0
0
0
0
0
0
0
0
0
0
0
0
0
0
0
0
0
0
0
0
0
0
0
0
0
0
0
0
0
0
0
0
0
0
0
0
0
0
0
0
0
0
0
0
0
0
0
0
0
0
0
0
0
0
0
0
0
0
0
0
0
0
0
0
0
0
0
0
0
0
0
0
0
0
0
0
0
0
0
0
0
0
0
0
0
0
0
0
0
0
0
0
0
0
0
0
0
0
0
0
0
0
0
0
0
0
0
0
0
0
0
0
0
0
0
0
0
0
0
0
0
0
0
0
0
0
0
0
0
0
0
0
0
0
0
0
0
0
0
0
0
0
0
0
0
0
0
0
0
0
0
0
0
0
0
0
0
0
0
0
0
0
0
0
0
0
0
0
0
0
0
0
0
0
0
0
0
0
0
0
0
0
0
0
0
0
0
0
0
0
0
0
0
0
0
0
0
0
0
0
0
0
0
0
0
0
0
0
0
0
0
0
0
0
0
0
0
0
0
0
0
0
0
0
0
0
0
0
0
0
0
0
0
0
0
0
0
0
0
0
0
0
0
0
0
0
0
0
0
0
0
0
0
0
0
0
0
0
0
0
0
0
0
0
0
0
0
0
0
0
0
0
0
0
0
0
0
0
0
0
0
0
0
0
0
0
0
0
0
0
0
0
0
0
0
0
0
0
0
0
0
0
0
0
0
0
0
0
0
0
0
0
0
0
0
0
0
0
0
0
0
0
0
0
0
0
0
0
0
0
0
0
0
0
0
0
0
0
0
0
0
0
0
0
0
0
0
0
0
0
0
0
0
0
0
0
0
0
0
0
0
0
0
0
0
0
0
0
0
0
0
0
0
0
0
0
0
0
0
0
0
0
0
0
0
0
0
0
0
0
0
0
0
0
0
0
0
0
0
0
0
0
0
0
0
0
0
0
0
0
0
0
0
0
0
0
0
0
0
0
0
0
0
0
0
0
0
0
0
0
0
0
0
0
0
0
0
0
0
0
0
0
0
0
0
0
0
0
0
0
0
0
0
0
0
0
0
0
0
0
0
0
0
0
0
0
0
0
0
0
0
0
0
0
0
0
0
0
0
0
0
0
0
0
0
0
0
0
0
0
0
0
0
0
0
0
0
0
0
0
0
0
0
0
0
0
0
0
0
0
0
0
0
0
0
0
0
0
0
0
0
0
0
0
0
0
0
0
0
0
0
0
0
0
0
0
0
0
0
0
0
0
0
0
0
0
0
0
0
0
0
0
0
0
0
0
0
0
0
0
0
0
0
0
0
0
0
0
0
0
0
0
0
0
0
0
0
0
0
0
0
0
0
0
0
0
0
0
0
0
0
0
0
0
0
0
0
0
0
0
0
0
0
0
0
0
0
0
0
0
0
0
0
0
0
0
0
0
0
0
0
0
0
0
0
0
0
0
0
0
0
0
0
0
0
0
0
0
0
0
0
0
0
0
0
0
0
0
0
0
0
0
0
0
0
0
0
0
0
0
0
0
0
0
0
0
0
0
0
0
0
0
0
0
0
0
0
0
0
0
0
0
0
0
0
0
0
0
0
0
0
0
0
0
0
0
0
0
0
0
0
0
0
0
0
0
0
0
0
0
0
0
0
0
0
0
0
0
0
0
0
0
0
0
0
0
0
0
0
0
0
0
0
0
0
0
0
0
0
0
0
0
0
0
0
0
0
0
0
0
0
0
0
0
0
0
0
0
0
0
0
0
0
0
0
0
0
0
0
0
0
0
0
0
0
0
0
0
0
0
0
0
0
0
0
0
0
0
0
0
0
0
0
0
0
0
0
0
0
0
0
0
0
0
0
0
0
0
0
0
0
0
0
0
0
0
0
0
0
0
0
0
0
0
0
0
0
0
0
0
0
0
0
0
0
0
0
0
0
0
0
0
0
0
0
0
0
0
0
0
0
0
0
0
0
0
0
0
0
0
0
0
0
0
0
0
0
0
0
0
0
0
0
0
0
0
0
0
0
0
0
0
0
0
0
0
0
0
0
0
0
0
0
0
0
0
0
0
0
0
0
0
0
0
0
0
0
0
0
0
0
0
0
0
0
0
0
0
0
0
0
0
0
0
0
0
0
0
0
0
0
0
0
0
0
0
0
0
0
0
0
0
0
0
0
0
0
0
0
0
0
0
0
0
0
0
0
0
0
0
0
0
0
0
0
0
0
0
0
0
0
0
0
0
0
0
0
0
0
0
0
0
0
0
0
0
0
0
0
0
0
0
0
0
0
0
0
0
0
0
0
0
0
0
0
0
0
0
0
0
0
0
0
0
0
0
0
0
0
0
0
0
0
0
0
0
0
0
0
0
0
0
0
0
0
0
0
0
0
0
0
0
0
0
0
0
0
0
0
0
0
0
0
0
0
0
0
0
0
0
0
0
0
0
0
0
0
0
0
0
0
0
0
0
0
0
0
0
0
0
0
0
0
0
0
0
0
0
0
0
0
0
0
0
0
0
0
0
0
0
0
0
0
0
0
0
0
0
0
0
0
0
0
0
0
0
0
0
0
0
0
0
0
0
0
0
0
0
0
0
0
0
0
0
0
0
0
0
0
0
0
0
0
0
0
0
0
0
0
0
0
0
0
0
0
0
0
0
0
0
0
0
0
0
0
0
0
0
0
0
0
0
0
0
0
0
0
0
0
0
0
0
0
0
0
0
0
0
0
0
0
0
0
0
0
0
0
0
0
0
0
0
0
0
0
0
0
0
0
0
0
0
0
0
0
0
0
0
0
0
0
0
0
0
0
0
0
0
0
0
0
0
0
0
0
0
0
0
0
0
0
0
0
0
0
0
0
0
0
0
0
0
0
0
0
0
0
0
0
0
0
0
0
0
0
0
0
0
0
0
0
0
0
0
0
0
0
0
0
0
0
0
0
0
0
0
0
0
0
0
0
0
0
0
0
0
0
0
0
0
0
0
0
0
0
0
0
0
0
0
0
0
0
0
0
0
0
0
0
0
0
0
0
0
0
0
0
0
0
0
0
0
0
0
0
0
0
0
0
0
0
0
0
0
0
0
0
0
0
0
0
0
0
0
0
0
0
0
0
0
0
0
0
0
0
0
0
0
0
0
0
0
0
0
0
0
0
0
0
0
0
0
0
0
0
0
0
0
0
0
0
0
0
0
0
0
0
0
0
0
0
0
0
0
0
0
0
0
0
0
0
0
0
0
0
0
0
0
0
0
0
0
0
0
0
0
0
0
0
0
0
0
0
0
0
0
0
0
0
0
0
0
0
0
0
0
0
0
0
0
0
0
0
0
0
0
0
0
0
0
0
0
0
0
0
0
0
0
0
0
0
0
0
0
0
0
0
0
0
0
0
0
0
0
0
0
0
0
0
0
0
0
0
0
0
0
0
0
0
0
0
0
0
0
0
0
0
0
0
0
0
0
0
0
0
0
0
0
0
0
0
0
0
0
0
0
0
0
0
0
0
0
0
0
0
0
0
0
0
0
0
0
0
0
0
0
0
0
0
0
0
0
0
0
0
0
0
0
0
0
0
0
0
0
0
0
0
0
0
0
0
0
0
0
0
0
0
0
0
0
0
0
0
0
0
0
0
0
0
0
0
0
0
0
0
0
0
0
0
0
0
0
0
0
0
0
0
0
0
0
0
0
0
0
0
0
0
0
0
0
0
0
0
0
0
0
0
0
0
0
0
0
0
0
0
0
0
0
0
0
0
0
0
0
0
0
0
0
0
0
0
0
0
0
0
0
0
0
0
0
0
0
0
0
0
0
0
0
0
0
0
0
0
0
0
0
0
0
0
0
0
0
0
0
0
0
0
0
0
0
0
0
0
0
0
0
0
0
0
0
0
0
0
0
0
0
0
0
0
0
0
0
0
0
0
0
0
0
0
0
0
0
0
0
0
0
0
0
0
0
0
0
0
0
0
0
0
0
0
0
0
0
0
0
0
0
0
0
0
0
0
0
0
0
0
0
0
0
0
0
0
0
0
0
0
0
0
0
0
0
0
0
0
0
0
0
0
0
0
0
0
0
0
0
0
0
0
0
0
0
0
0
0
0
0
0
0
0
0
0
0
0
0
0
0
0
0
0
0
0
0
0
0
0
0
0
0
0
0
0
0
0
0
0
0
0
0
0
0
0
0
0
0
0
0
0
0
0
0
0
0
0
0
0
0
0
0
0
0
0
0
0
0
0
0
0
0
0
0
0
0
0
0
0
0
0
0
0
0
0
0
0
0
0
0
0
0
0
0
0
0
0
0
0
0
0
0
0
0
0
0
0
0
0
0
0
0
0
0
0
0
0
0
0
0
0
0
0
0
0
0
0
0
0
0
0
0
0
0
0
0
0
0
0
0
0
0
0
0
0
0
0
0
0
0
0
0
0
0
0
0
0
0
0
0
0
0
0
0
0
0
0
0
0
0
0
0
0
0
0
0
0
0
0
0
0
0
0
0
0
0
0
0
0
0
0
0
0
0
0
0
0
0
0
0
0
0
0
0
0
0
0
0
0
0
0
0
0
0
0
0
0
0
0
0
0
0
0
0
0
0
0
0
0
0
0
0
0
0
0
0
0
0
0
0
0
0
0
0
0
0
0
0
0
0
0
0
0
0
0
0
0
0
0
0
0
0
0
0
0
0
0
0
0
0
0
0
0
0
0
0
0
0
0
0
0
0
0
0
0
0
0
0
0
0
0
0
0
0
0
0
0
0
0
0
0
0
0
0
0
0
0
0
0
0
0
0
0
0
0
0
0
0
0
0
0
0
0
0
0
0
0
0
0
0
0
0
0
0
0
0
0
0
0
0
0
0
0
0
0
0
0
0
0
0
0
0
0
0
0
0
0
0
0
0
0
0
0
0
0
0
0
0
0
0
0
0
0
0
0
0
0
0
0
0
0
0
0
0
0
0
0
0
0
0
0
0
0
0
0
0
0
0
0
0
0
0
0
0
0
0
0
0
0
0
0
0
0
0
0
0
0
0
0
0
0
0
0
0
0
0
0
0
0
0
0
0
0
0
0
0
0
0
0
0
0
0
0
0
0
0
0
0
0
0
0
0
0
0
0
0
0
0
0
0
0
0
0
0
0
0
0
0
0
0
0
0
0
0
0
0
0
0
0
0
0
0
0
0
0
0
0
0
0
0
0
0
0
0
0
0
0
0
0
0
0
0
0
0
0
0
0
0
0
0
0
0
0
0
0
0
0
0
0
0
0
0
0
0
0
0
0
0
0
0
0
0
0
0
0
0
0
0
0
0
0
0
0
0
0
0
0
0
0
0
0
0
0
0
0
0
0
0
0
0
0
0
0
0
0
0
0
0
0
0
0
0
0
0
0
0
0
0
0
0
0
0
0
0
0
0
0
0
0
0
0
0
0
0
0
0
0
0
0
0
0
0
0
0
0
0
0
0
0
0
0
0
0
0
0
0
0
0
0
0
0
0
0
0
0
0
0
0
0
0
0
0
0
0
0
0
0
0
0
0
0
0
0
0
0
0
0
0
0
0
0
0
0
0
0
0
0
0
0
0
0
0
0
0
0
0
0
0
0
0
0
0
0
0
0
0
0
0
0
0
0
0
0
0
Letus Put! tid=0, seq=1, key=-account00000000000000000000000000000000(0a3cd0cb47477f25a68c3decc0a9de8a6f8d59be0)
Letus Put! tid=0, seq=1, key=-account00000000000000000000000000000001(06d7f0aa277357d234bcc7a49888123b48840d6db)
Letus Put! tid=0, seq=1, key=-account00000000000000000000000000000002(07ee2723656b594df1ff4f734147b5e3a67c59d8f)
Letus Put! tid=0, seq=1, key=-account00000000000000000000000000000003(04ec0bb7255f11edbaf908222173a02b5f32c02e2)
Letus Put! tid=0, seq=1, key=-account00000000000000000000000000000004(0566292f926338da25ee942005b3c1b727a9bbf9a)
Letus Put! tid=0, seq=1, key=-account00000000000000000000000000000005(0fdd08cacbdc5f2c9bca82b5360d79d7f7f4f653e)
Letus Put! tid=0, seq=1, key=-account00000000000000000000000000000006(03b9b85b71f3aa48569c369b4954a9000d469d38f)
Letus Put! tid=0, seq=1, key=-account00000000000000000000000000000007(017fbbffa09fc6670d8b2b345d4de7047348636fc)
Letus Put! tid=0, seq=1, key=-account00000000000000000000000000000008(075ee11b28a2bbf7e922fc33221dccccb563dd42f)
Letus Put! tid=0, seq=1, key=-account00000000000000000000000000000009(0fc63efdd6e1d54bf94f2f77a4b5bba21ae5c3db0)
Letus Put! tid=0, seq=1, key=-account00000000000000000000000000000010(062df8aed0628d5ded7b64143cc754ff998d38154)
Letus Put! tid=0, seq=1, key=-account00000000000000000000000000000011(0a863d015bdd9ed09430a8e2d86348eec16f60c9b)
Letus Put! tid=0, seq=1, key=-account00000000000000000000000000000012(01431f7d218f6c9f474f617f9bc46e899f4d375be)
Letus Put! tid=0, seq=1, key=-account00000000000000000000000000000013(0a10404bac4566f9ebd809ba6286180139b6b8e3f)
Letus Put! tid=0, seq=1, key=-account00000000000000000000000000000014(05e018661f6e0e113c79c5a8f9d65a25b6f33034d)
Letus Put! tid=0, seq=1, key=-account00000000000000000000000000000015(0e4370061e46b97c0dde31cd2bc747bea7d1d371c)
Letus Put! tid=0, seq=1, key=-account00000000000000000000000000000016(0fdbc730a1ea6ccf789c5adaf032d956a268637a8)
Letus Put! tid=0, seq=1, key=-account00000000000000000000000000000017(0dfc4bc2b59bb69bfc16e022987a5db5f152309c3)
Letus Put! tid=0, seq=1, key=-account00000000000000000000000000000018(0075f0cb405ae0d0658a038c08cd439bcaccdaf7d)
Letus Put! tid=0, seq=1, key=-account00000000000000000000000000000019(071bf478333419ef0ca365a97bdaa6fd806bc5a6a)
Letus Put! tid=0, seq=1, key=-account00000000000000000000000000000020(0686d8ffb2b7d24c7a99e1f305c824ab4f382fadd)
Letus Put! tid=0, seq=1, key=-account00000000000000000000000000000021(00096e3b4c602b8aa96a53fa9f83de8f40268e99a)
Letus Put! tid=0, seq=1, key=-account00000000000000000000000000000022(0a00552d37562c1ec3a56c4d2748748e77acc09de)
Letus Put! tid=0, seq=1, key=-account00000000000000000000000000000023(0f871cab054b04ccc6e69c5372c65f289f8ea2751)
Letus Put! tid=0, seq=1, key=-account00000000000000000000000000000024(0ad0a51899ba488aedd9960b8b0789a50c6e409b2)
Letus Put! tid=0, seq=1, key=-account00000000000000000000000000000025(036b0e32634193b4a7a215b466ef56f2a32602e80)
Letus Put! tid=0, seq=1, key=-account00000000000000000000000000000026(00f5c753336ae8112291bd31f67d1bbb369427d0a)
Letus Put! tid=0, seq=1, key=-account00000000000000000000000000000027(0d0c7b6865135cc8441f8fddacd419414eee89453)
Letus Put! tid=0, seq=1, key=-account00000000000000000000000000000028(05fbcd584ee4427719e9765c971a85bcd398bfd72)
Letus Put! tid=0, seq=1, key=-account00000000000000000000000000000029(0fbeb646a110da0c78560f4dbf364e352c2267ff1)
Letus Put! tid=0, seq=1, key=-account00000000000000000000000000000030(08effda87c4b4f0b70a96d97b4cd3539493ead423)
Letus Put! tid=0, seq=1, key=-account00000000000000000000000000000031(0ccb6ba149df0b72324d7adca63cae115031289fb)
Letus Put! tid=0, seq=1, key=-account00000000000000000000000000000032(015930772632da7121e0605e2d174d09a56fea1a8)
Letus Put! tid=0, seq=1, key=-account00000000000000000000000000000033(0b3ab8e390c5b7035501b99d89351a61ef807e8d6)
Letus Put! tid=0, seq=1, key=-account00000000000000000000000000000034(0b7fd71a6b916a8e69c6c61b65558ee00360018de)
Letus Put! tid=0, seq=1, key=-account00000000000000000000000000000035(0628f4323bf92b6e99d174cd799bdb78d92072552)
Letus Put! tid=0, seq=1, key=-account00000000000000000000000000000036(02fd8b6c8724ab4d173838c882774cb9e1ad46554)
Letus Put! tid=0, seq=1, key=-account00000000000000000000000000000037(02dadee46f39eb8cd065387ad4d7e0887630ca860)
Letus Put! tid=0, seq=1, key=-account00000000000000000000000000000038(045be1f51e35784745a5d6fdc7432475b9e3ca0ee)
Letus Put! tid=0, seq=1, key=-account00000000000000000000000000000039(0cb98e7e63598b30c790dde3c7259d2ff8cec8c8e)
Letus Put! tid=0, seq=1, key=-account00000000000000000000000000000040(01aa6c1337b3fdeea24ff56d96a2fcc813ec6aab5)
Letus Put! tid=0, seq=1, key=-account00000000000000000000000000000041(015abb96b621272761404e3fe6b0d69bcad41a918)
Letus Put! tid=0, seq=1, key=-account00000000000000000000000000000042(0e78fbc0b012f726f07d0203195cbb35438baa2c4)
Letus Put! tid=0, seq=1, key=-account00000000000000000000000000000043(0037c225ac428504d31fa1e62428892c17140b453)
Letus Put! tid=0, seq=1, key=-account00000000000000000000000000000044(00b5d658c65ff6c3a3380a7968087dcc7d0063dc7)
Letus Put! tid=0, seq=1, key=-account00000000000000000000000000000045(07be74dbb535c1720008338e7cc15b175fd1c9710)
Letus Put! tid=0, seq=1, key=-account00000000000000000000000000000046(0eea7d5adaa839890bb2f258e5828311468a87643)
Letus Put! tid=0, seq=1, key=-account00000000000000000000000000000047(0fedf07284cf56e73037c9d68dd92ab3765b9cb9f)
Letus Put! tid=0, seq=1, key=-account00000000000000000000000000000048(0e477e800a8fb12d8d830723a821a722b847186cd)
Letus Put! tid=0, seq=1, key=-account00000000000000000000000000000049(0287eb91ca431599c3faef44494f18bb3912ff71b)
Letus Put! tid=0, seq=1, key=-account00000000000000000000000000000050(0f496e290c78c48637d7ffd590845dd9a10bb3d10)
Letus Put! tid=0, seq=1, key=-account00000000000000000000000000000051(03ddf1ad1742c99db35f2eda5fdc2b49036c77711)
Letus Put! tid=0, seq=1, key=-account00000000000000000000000000000052(0568a1322ab81c86623c7e6b3765e6d513f98f313)
Letus Put! tid=0, seq=1, key=-account00000000000000000000000000000053(04ffee9a69b7dbf8eab5d8388fae8f16ea4e0fbac)
Letus Put! tid=0, seq=1, key=-account00000000000000000000000000000054(0b42eacf3047da6de38f45ae54f4b53529556aa6a)
Letus Put! tid=0, seq=1, key=-account00000000000000000000000000000055(0a847a75304e73175fb3365cb75322cea698afc10)
Letus Put! tid=0, seq=1, key=-account00000000000000000000000000000056(065e228fc6cb8c071feeb484893adb26fb8ba1b43)
Letus Put! tid=0, seq=1, key=-account00000000000000000000000000000057(057c6651629c61688bcbc08d001a9040d113ca5e7)
Letus Put! tid=0, seq=1, key=-account00000000000000000000000000000058(03fa7b092d7df18c3eb1d43917954dd7aed7ce33e)
Letus Put! tid=0, seq=1, key=-account00000000000000000000000000000059(0f9a9824eb67b98eb201980c32a63f5d524848eb8)
Letus Put! tid=0, seq=1, key=-account00000000000000000000000000000060(0b26ed14d3eecd5776179e34506bf176b4e228bd1)
Letus Put! tid=0, seq=1, key=-account00000000000000000000000000000061(05ca11721e6de71c16d9d4010d970475d55f0f28b)
Letus Put! tid=0, seq=1, key=-account00000000000000000000000000000062(02db0922b4fa7a0b248a798a31b327208bd311ab7)
Letus Put! tid=0, seq=1, key=-account00000000000000000000000000000063(0be637421e0f7a456eafe75485c31871f451bef9a)
Letus Put! tid=0, seq=1, key=-account00000000000000000000000000000064(06566365b50d89f613c5d6c1d0a0c3d208f244901)
Letus Put! tid=0, seq=1, key=-account00000000000000000000000000000065(0498ebb9b12651b2253783a6b4ac44b00abeac741)
Letus Put! tid=0, seq=1, key=-account00000000000000000000000000000066(0643d005576addf81085e6aa56137a915559529bd)
Letus Put! tid=0, seq=1, key=-account00000000000000000000000000000067(0d33c37081f86dfed3d179ca6b66b0274a3ab4243)
Letus Put! tid=0, seq=1, key=-account00000000000000000000000000000068(0c3099b402e86c9141548b30ba12acfb8ad6d4266)
Letus Put! tid=0, seq=1, key=-account00000000000000000000000000000069(0c854a7012e2d33b441c9b77b9ffef7c63960cc21)
Letus Put! tid=0, seq=1, key=-account00000000000000000000000000000070(07eb8d7068be9ac6e66e5eff3456eec1c0fd2a86d)
Letus Put! tid=0, seq=1, key=-account00000000000000000000000000000071(0647115df25f26f73e017f3222701917ad79d6a40)
Letus Put! tid=0, seq=1, key=-account00000000000000000000000000000072(01e93cd38f54300528cc8602cffaa73c8dcefdf6b)
Letus Put! tid=0, seq=1, key=-account00000000000000000000000000000073(0b8ff35d65e6e8f3696b46f1fa43309725192b9dd)
Letus Put! tid=0, seq=1, key=-account00000000000000000000000000000074(0cbe3dfe8af8dbb89303723f3d04bbb27ffd95146)
Letus Put! tid=0, seq=1, key=-account00000000000000000000000000000075(09f6bb2b4764091ee11d0ce739c923f3a185f3b2f)
Letus Put! tid=0, seq=1, key=-account00000000000000000000000000000076(02ed9438429f087e6483095a6f54e20f101a727fe)
Letus Put! tid=0, seq=1, key=-account00000000000000000000000000000077(0606a1a46a56bb14d3bcbc44dc90805564eab46b9)
Letus Put! tid=0, seq=1, key=-account00000000000000000000000000000078(0b7d084496b0f260b343b712e47da7a9fac543e06)
Letus Put! tid=0, seq=1, key=-account00000000000000000000000000000079(033e45ec256e171a1821b9731d3621a8eb1f192b3)
Letus Put! tid=0, seq=1, key=-account00000000000000000000000000000080(0859bc8a09c36b20b62877be53ab6abaff9ee3b38)
Letus Put! tid=0, seq=1, key=-account00000000000000000000000000000081(052e511c5549e3a097ebba627695f50e12d926cdc)
Letus Put! tid=0, seq=1, key=-account00000000000000000000000000000082(0503c63d3b40433bdbf4e8adbea6f8fe35b6a6903)
Letus Put! tid=0, seq=1, key=-account00000000000000000000000000000083(0869b6143d6246b4168563e4fabba9e01dfcb9550)
Letus Put! tid=0, seq=1, key=-account00000000000000000000000000000084(0c3d3264fd9ad4b89212ba967c27cfe8249821944)
Letus Put! tid=0, seq=1, key=-account00000000000000000000000000000085(0618bd4d6fa1ae7e4bc3d2d94d6b8be06ef69677e)
Letus Put! tid=0, seq=1, key=-account00000000000000000000000000000086(090f22141e98d2d81a8aa062670db679161a8194b)
Letus Put! tid=0, seq=1, key=-account00000000000000000000000000000087(0d804e7cd852e29e6e12a59a83d5bd4869891ed57)
Letus Put! tid=0, seq=1, key=-account00000000000000000000000000000088(08f1932e31b147bd1135a84019f33994db2f4e8a0)
Letus Put! tid=0, seq=1, key=-account00000000000000000000000000000089(0d0bddf43357bb445ebdcf28eca5c9652693e849e)
Letus Put! tid=0, seq=1, key=-account00000000000000000000000000000090(0474168ba0445207ca02befaff0d22d578841cf59)
Letus Put! tid=0, seq=1, key=-account00000000000000000000000000000091(0496e2cf565f99ff399c8a3bb35dc21f73dbff2cb)
Letus Put! tid=0, seq=1, key=-account00000000000000000000000000000092(0c031886e8b7ae2609462bf14958130f4d0f2a5e8)
Letus Put! tid=0, seq=1, key=-account00000000000000000000000000000093(009d6ba28b8670cb6fa6c186d9dc9b226bf4c7a29)
Letus Put! tid=0, seq=1, key=-account00000000000000000000000000000094(016f04799116e59578377863eb36086fbd387bb0d)
Letus Put! tid=0, seq=1, key=-account00000000000000000000000000000095(0bb05927f156e2ec2f6e198d1e789a797c52a2d6f)
Letus Put! tid=0, seq=1, key=-account00000000000000000000000000000096(0cfc31923400176db507cadcf9082ce594e205be2)
Letus Put! tid=0, seq=1, key=-account00000000000000000000000000000097(0c44bdbb7d88a0d066c365e9fd2c764c3d55fd49f)
Letus Put! tid=0, seq=1, key=-account00000000000000000000000000000098(07f5d6030dc10d9db7ff45f0bf731cf9daee1be9d)
Letus Put! tid=0, seq=1, key=-account00000000000000000000000000000099(0add2eb447cc006195bec1782fcdfad4eadf0258f)
Letus Put! tid=0, seq=1, key=-account00000000000000000000000000000100(097afc3b65158737d45a2215067a943ffd589c261)
Letus Put! tid=0, seq=1, key=-account00000000000000000000000000000101(0bf5a6691b3d42dc696a01c0c922232abdc698879)
Letus Put! tid=0, seq=1, key=-account00000000000000000000000000000102(01158c442830bac3caa5d79417f77e37355b45ab2)
Letus Put! tid=0, seq=1, key=-account00000000000000000000000000000103(0ad49aa6dce5aca02a66540b9d75ce4a9d980b2a7)
Letus Put! tid=0, seq=1, key=-account00000000000000000000000000000104(028661d587c994e1d36607ad090e6a8d36a3f45c7)
Letus Put! tid=0, seq=1, key=-account00000000000000000000000000000105(03fab8031de5606872b8541df3a4ac213dcd585b2)
Letus Put! tid=0, seq=1, key=-account00000000000000000000000000000106(0de7dda77de2faa9dd9c150ab557ec71e53ceab97)
Letus Put! tid=0, seq=1, key=-account00000000000000000000000000000107(0d8d361bf1cbc9c8146589431c1180d5bd891ace8)
Letus Put! tid=0, seq=1, key=-account00000000000000000000000000000108(005e98c5aae13f44242ab96e693924d53533d1efd)
Letus Put! tid=0, seq=1, key=-account00000000000000000000000000000109(08ecece82315bb4719a315a702322f1787fe34338)
Letus Put! tid=0, seq=1, key=-account00000000000000000000000000000110(096d40898c0b5e1a66d0919418cf911ed2dac13e2)
Letus Put! tid=0, seq=1, key=-account00000000000000000000000000000111(07ac324c386de52469e8edc8c5b6fab8718baf42e)
Letus Put! tid=0, seq=1, key=-account00000000000000000000000000000112(0afb7e3b912e97893c4ea7347a0ea88e2af176845)
Letus Put! tid=0, seq=1, key=-account00000000000000000000000000000113(0acbb035a37a12436b7d8aca07617420a0e59712f)
Letus Put! tid=0, seq=1, key=-account00000000000000000000000000000114(001b3257eb8afc60ac6cd490c99e053fea8d6b6c2)
Letus Put! tid=0, seq=1, key=-account00000000000000000000000000000115(08556c641b401b83e2a08ac0ffcaf1f0d9e2e70e7)
Letus Put! tid=0, seq=1, key=-account00000000000000000000000000000116(0992da3348a0b720c487a41a80aa7783f0cd4fdd4)
Letus Put! tid=0, seq=1, key=-account00000000000000000000000000000117(0691ddb23f41688ce3a29e886740276697a87dde2)
Letus Put! tid=0, seq=1, key=-account00000000000000000000000000000118(017632847c251c5b88d0f2bed1a670e28452b6846)
Letus Put! tid=0, seq=1, key=-account00000000000000000000000000000119(00309033f0749c1072a4da02d69adf29cce8588c9)
Letus Put! tid=0, seq=1, key=-account00000000000000000000000000000120(08511c61644ffc105287d2ad6dfa2b6278064fc78)
Letus Put! tid=0, seq=1, key=-account00000000000000000000000000000121(0d0017fbb1aa95395677873410414f219fb90a9c1)
Letus Put! tid=0, seq=1, key=-account00000000000000000000000000000122(0b2971054b1e1af260bb2ee980ad91d492401181c)
Letus Put! tid=0, seq=1, key=-account00000000000000000000000000000123(05482033aaa2b1fd0248702165b376cc382bdd594)
Letus Put! tid=0, seq=1, key=-account00000000000000000000000000000124(09b6bc9da3d3369d32947025e2e41a4e9f9064a1a)
Letus Put! tid=0, seq=1, key=-account00000000000000000000000000000125(00c6ece9ef3a0bc0c3404fd8ce90b019d9a14603c)
Letus Put! tid=0, seq=1, key=-account00000000000000000000000000000126(046b4090605e0d8aad50fb85ee73c5cfdc3b8c274)
Letus Put! tid=0, seq=1, key=-account00000000000000000000000000000127(073022ac64f0d336f1fca6b6ccb68daf69e433ebf)
Letus Put! tid=0, seq=1, key=-account00000000000000000000000000000128(097ddaa90bdedcd1da44e0492e6f3abd3e704193c)
Letus Put! tid=0, seq=1, key=-account00000000000000000000000000000129(0d18a3138ff991d2c4f47b90cabbb99910f11f6a5)
Letus Put! tid=0, seq=1, key=-account00000000000000000000000000000130(08f57b5a0b19363cfc586d067ebfe526f7c16d86c)
Letus Put! tid=0, seq=1, key=-account00000000000000000000000000000131(0ea998581c06455b6635a9a9d2c8653b04158872f)
Letus Put! tid=0, seq=1, key=-account00000000000000000000000000000132(06517b6fc81597a12200b393f6b02653fc346c0f8)
Letus Put! tid=0, seq=1, key=-account00000000000000000000000000000133(0f86c277380ccc34ba17e78b31d01b4207954f675)
Letus Put! tid=0, seq=1, key=-account00000000000000000000000000000134(024f169a467025034b4e74a74b4e4da10cb665c05)
Letus Put! tid=0, seq=1, key=-account00000000000000000000000000000135(0a4e6253d7e58a025686f478e402b641e4f6348cf)
Letus Put! tid=0, seq=1, key=-account00000000000000000000000000000136(0e53d377f2511d9fd7dedc63ff5d40e811fe3d9d0)
Letus Put! tid=0, seq=1, key=-account00000000000000000000000000000137(0c5f61fb072750dd8a30e007ad252d08fdd333d8e)
Letus Put! tid=0, seq=1, key=-account00000000000000000000000000000138(07b9bbe577077e64ccc7eb317eed1705aa538927d)
Letus Put! tid=0, seq=1, key=-account00000000000000000000000000000139(0f9aeeea1f0d723a7e02338a694793d33c140d561)
Letus Put! tid=0, seq=1, key=-account00000000000000000000000000000140(03e8ea67893c849ef0c7944bea90066c765ea4ff6)
Letus Put! tid=0, seq=1, key=-account00000000000000000000000000000141(0a7905188f9c1250ef90f6f7d2352a15e22536698)
Letus Put! tid=0, seq=1, key=-account00000000000000000000000000000142(0c7956f4706dbec573168765c76077cad2c83471a)
Letus Put! tid=0, seq=1, key=-account00000000000000000000000000000143(096979e927b0877cf5b431f5928d3b7c1fe2c9ce6)
Letus Put! tid=0, seq=1, key=-account00000000000000000000000000000144(08b26d766c473738e2b24b0e1d0f4d72de45bb59d)
Letus Put! tid=0, seq=1, key=-account00000000000000000000000000000145(0974e195bbbea4419f2fbaca954c602a7dc630f5c)
Letus Put! tid=0, seq=1, key=-account00000000000000000000000000000146(0c76efa32ed7ff2f02a642721cff289265e503216)
Letus Put! tid=0, seq=1, key=-account00000000000000000000000000000147(033f457cf5b20dc8a3b34c9603e930228905c9e01)
Letus Put! tid=0, seq=1, key=-account00000000000000000000000000000148(0570e05b8d7a24ba411d3493dc568ed7b8323c723)
Letus Put! tid=0, seq=1, key=-account00000000000000000000000000000149(06bcc6e0ce890f4b90878ffa6357fb16bfa539b93)
Letus Put! tid=0, seq=1, key=-account00000000000000000000000000000150(0ee542f741b93cf5dbbe07a57ae182df2dfeae7fd)
Letus Put! tid=0, seq=1, key=-account00000000000000000000000000000151(03141fc449918803c4813ec69d109bc66362a3854)
Letus Put! tid=0, seq=1, key=-account00000000000000000000000000000152(030cf57ba4bc3b04cf557d5a23bfbcac78ac656fd)
Letus Put! tid=0, seq=1, key=-account00000000000000000000000000000153(05e0776a801edc8dcded56cf8d94502b5f47294da)
Letus Put! tid=0, seq=1, key=-account00000000000000000000000000000154(04fbd318a6ba3ec3681875993876e1b6bbd6a67b6)
Letus Put! tid=0, seq=1, key=-account00000000000000000000000000000155(0501ab60ce2eb13f59cb164cb96da299cc8074410)
Letus Put! tid=0, seq=1, key=-account00000000000000000000000000000156(0610c5fb57d2ed88c751ab49a457c23b7e4e16460)
Letus Put! tid=0, seq=1, key=-account00000000000000000000000000000157(08bad8db2ad4ed8070a0296b51163abdef284e587)
Letus Put! tid=0, seq=1, key=-account00000000000000000000000000000158(01a9db9e2e071529be52dcf209d00c7136f5d9df3)
Letus Put! tid=0, seq=1, key=-account00000000000000000000000000000159(078e6f8a6962af5c23233820705941183ff454e7f)
Letus Put! tid=0, seq=1, key=-account00000000000000000000000000000160(02e871620b5b6d609409240d91da9275c8eda9768)
Letus Put! tid=0, seq=1, key=-account00000000000000000000000000000161(03e5eaa31c6f39a8f005dcc78ac5538a72a138f34)
Letus Put! tid=0, seq=1, key=-account00000000000000000000000000000162(079e7c93461a8c77d3d8639e3bb264c822a1d3cac)
Letus Put! tid=0, seq=1, key=-account00000000000000000000000000000163(0a4dd9cc9accf3c18aa1f2eb0a8e7bf8bcc3e4936)
Letus Put! tid=0, seq=1, key=-account00000000000000000000000000000164(0326fd984f6175e54763b58530a6b4c518a101aac)
Letus Put! tid=0, seq=1, key=-account00000000000000000000000000000165(00bfb76f4f877e5e07658609e1b1d3dd3df8dcba5)
Letus Put! tid=0, seq=1, key=-account00000000000000000000000000000166(084dfc4929181d29f3cb54dac75fa5030e1c3c16e)
Letus Put! tid=0, seq=1, key=-account00000000000000000000000000000167(02c903ad3bcc7d36d1afdabc5ed07e23cc54f0f5a)
Letus Put! tid=0, seq=1, key=-account00000000000000000000000000000168(067595fc950239287e663a682b89ba8cf3e13f4f9)
Letus Put! tid=0, seq=1, key=-account00000000000000000000000000000169(00cf694cbf276ee2d813ab0d15d232aa166ecb2e8)
Letus Put! tid=0, seq=1, key=-account00000000000000000000000000000170(0739db48202d1ef9db26925be1d7121836f980f76)
Letus Put! tid=0, seq=1, key=-account00000000000000000000000000000171(003102b6273aad5816ca345ab18d30627c711930d)
Letus Put! tid=0, seq=1, key=-account00000000000000000000000000000172(05cff71bb1cf7befe9da54a7db8b23b1fbe09227c)
Letus Put! tid=0, seq=1, key=-account00000000000000000000000000000173(0089730ea793af659457c178369ee563fe8f4abee)
Letus Put! tid=0, seq=1, key=-account00000000000000000000000000000174(030f36dd80a5635d6e9cd69b4069a3fa8dcaf1f44)
Letus Put! tid=0, seq=1, key=-account00000000000000000000000000000175(0fad4e5d7c047bd6456170be0d72a2a37545c34e9)
Letus Put! tid=0, seq=1, key=-account00000000000000000000000000000176(06297075a41a876ded23d9cd407b2de56d92d9a27)
Letus Put! tid=0, seq=1, key=-account00000000000000000000000000000177(03417be8e0677665887389e9b2125ef01760ea13f)
Letus Put! tid=0, seq=1, key=-account00000000000000000000000000000178(069e6ffaee0e0b8a4bc0b59cb7b35f5a60a3052bd)
Letus Put! tid=0, seq=1, key=-account00000000000000000000000000000179(0e539878b6e0f2467d1abe112c5b9438df2af9503)
Letus Put! tid=0, seq=1, key=-account00000000000000000000000000000180(05df7a0de28111a5649347ba1b468a03a9584b0df)
Letus Put! tid=0, seq=1, key=-account00000000000000000000000000000181(0d861b9dcb3f8821e399371bfe5ab25b8742031e6)
Letus Put! tid=0, seq=1, key=-account00000000000000000000000000000182(08e873efc326253dcb2539a73a8c6766afef19fae)
Letus Put! tid=0, seq=1, key=-account00000000000000000000000000000183(0aadd33725ffef0f43fdd890cd51a5d333a64ec9d)
Letus Put! tid=0, seq=1, key=-account00000000000000000000000000000184(08569154f687033be7e74e945283c434d88614697)
Letus Put! tid=0, seq=1, key=-account00000000000000000000000000000185(02786411f1bc3c441ce097a8908c7f82c994984a0)
Letus Put! tid=0, seq=1, key=-account00000000000000000000000000000186(0b3ded59b5dec49f6655773d48ab03113850f46c6)
Letus Put! tid=0, seq=1, key=-account00000000000000000000000000000187(039918142c14c55a17ab7f9ad79a6f68a7a6f3db9)
Letus Put! tid=0, seq=1, key=-account00000000000000000000000000000188(08af4cfca311f9a6bded9913c263b23f2ae0879db)
Letus Put! tid=0, seq=1, key=-account00000000000000000000000000000189(0672bcb720ebc7c7d8161ab00e67483d9874fab5d)
Letus Put! tid=0, seq=1, key=-account00000000000000000000000000000190(0cf8b6395732116ce99d4ca1afff4f1d404694af2)
Letus Put! tid=0, seq=1, key=-account00000000000000000000000000000191(0a77f537392e3f7cf108b062264304237dd20cfca)
Letus Put! tid=0, seq=1, key=-account00000000000000000000000000000192(094fbc843b9c900c93d5a7bcab9be045498803b1d)
Letus Put! tid=0, seq=1, key=-account00000000000000000000000000000193(07ec3f4e6d385a8131979e6d7ecae1b04fd0a6f4b)
Letus Put! tid=0, seq=1, key=-account00000000000000000000000000000194(0d03ae6e8962a5d2201e0a021a40fadc9b7ab2080)
Letus Put! tid=0, seq=1, key=-account00000000000000000000000000000195(02758ebb1cfe3e0f7ca41152ed9aea3f661a30ee9)
Letus Put! tid=0, seq=1, key=-account00000000000000000000000000000196(0b772496e8a86cdb7e86532557786d0d729764858)
Letus Put! tid=0, seq=1, key=-account00000000000000000000000000000197(0b0f2a9be1e617d253b990604daec52aca7aaf5c1)
Letus Put! tid=0, seq=1, key=-account00000000000000000000000000000198(03c342cffe9a97455583d30c4d5196faf6bbd1475)
Letus Put! tid=0, seq=1, key=-account00000000000000000000000000000199(0e920316a50238cb442c23b2ad3e6fc3febe4430e)
Letus Put! tid=0, seq=1, key=-account00000000000000000000000000000200(0e6c16c734278103c2fa284bc14c3e1ad28196f8a)
Letus Put! tid=0, seq=1, key=-account00000000000000000000000000000201(0da7142e758c648f61a69dcb7aac74cc1051e5731)
Letus Put! tid=0, seq=1, key=-account00000000000000000000000000000202(0d4156157afb21b60c5e9f3b9574919576846d32d)
Letus Put! tid=0, seq=1, key=-account00000000000000000000000000000203(0999e2212a934cedad28e88b0d099948bbbba6e00)
Letus Put! tid=0, seq=1, key=-account00000000000000000000000000000204(04d26cfc4c15aa1edcee712d4f59514b29933693d)
Letus Put! tid=0, seq=1, key=-account00000000000000000000000000000205(0ec62ec216d58203cd05e2dd4cbe4a6c561dbb886)
Letus Put! tid=0, seq=1, key=-account00000000000000000000000000000206(0a7005b5b8ee5fa640af7c10dc5de8702c291a46c)
Letus Put! tid=0, seq=1, key=-account00000000000000000000000000000207(0cfdd4dad9ff1b4c40b84c99495b3b4f924bcb435)
Letus Put! tid=0, seq=1, key=-account00000000000000000000000000000208(0d4c1b2e58f2e8f7f76263d02128a50076a33fe9b)
Letus Put! tid=0, seq=1, key=-account00000000000000000000000000000209(08e54e83a97bd27c30a412eb1966735b801228617)
Letus Put! tid=0, seq=1, key=-account00000000000000000000000000000210(0e31fa4af779224d50039f048dcc89a2c660dae71)
Letus Put! tid=0, seq=1, key=-account00000000000000000000000000000211(027340594b3bc611f90117dd305762bd05afb2ce0)
Letus Put! tid=0, seq=1, key=-account00000000000000000000000000000212(04f522b18e6345c56aacd7778acc984abb7c1d935)
Letus Put! tid=0, seq=1, key=-account00000000000000000000000000000213(041c584631dc492cba6ac3565fed13946a045e63f)
Letus Put! tid=0, seq=1, key=-account00000000000000000000000000000214(03ca3e701991cf8e5306de6acee17a23c4514c6be)
Letus Put! tid=0, seq=1, key=-account00000000000000000000000000000215(0d1d9b710aea77248909791c1e8bad39dfc53212b)
Letus Put! tid=0, seq=1, key=-account00000000000000000000000000000216(0c2cd9c31e558f07bf4f355df69dee33eb5496ba3)
Letus Put! tid=0, seq=1, key=-account00000000000000000000000000000217(0fcb7fcbeb3bf1f7c50a8aa5d2475e1b93e394ffe)
Letus Put! tid=0, seq=1, key=-account00000000000000000000000000000218(05689ab7fa752955434da1b994368f582ad70d3e3)
Letus Put! tid=0, seq=1, key=-account00000000000000000000000000000219(068ad3cc1131f42b1f465d3929b1eea9c05c1c710)
Letus Put! tid=0, seq=1, key=-account00000000000000000000000000000220(0c2dc086672c76f045bf124e86f03bfbdaa8ef7d3)
Letus Put! tid=0, seq=1, key=-account00000000000000000000000000000221(07c0ef04f01625ddcbb2aa769b545178fbd89069b)
Letus Put! tid=0, seq=1, key=-account00000000000000000000000000000222(0ed49305956998e8585d2e3096a191089bbb7171d)
Letus Put! tid=0, seq=1, key=-account00000000000000000000000000000223(0dff396361a35d9894c83e2a2487d53cb4d958723)
Letus Put! tid=0, seq=1, key=-account00000000000000000000000000000224(01ee0775d42bf598dd83fd83416ea359cf3c6e536)
Letus Put! tid=0, seq=1, key=-account00000000000000000000000000000225(040c025dc35bbb7bdaf4c4513f767709c2d49be3d)
Letus Put! tid=0, seq=1, key=-account00000000000000000000000000000226(05b6988803049ceaedebc2c081c0d3d9a1e4608d5)
Letus Put! tid=0, seq=1, key=-account00000000000000000000000000000227(0ae59770c89e0b6b99dfcbac91e7321bc84f4dc35)
Letus Put! tid=0, seq=1, key=-account00000000000000000000000000000228(0fff8c0d0e9aa3d4388c8d0d861c71a4077772b4b)
Letus Put! tid=0, seq=1, key=-account00000000000000000000000000000229(05991940e519342fbfaaae97def7344f4e9d2042a)
Letus Put! tid=0, seq=1, key=-account00000000000000000000000000000230(03c0e666cdd13836eae81fdca4ba8152522d15d2e)
Letus Put! tid=0, seq=1, key=-account00000000000000000000000000000231(084207612cc96aed535ba2ea173ae5246733d8666)
Letus Put! tid=0, seq=1, key=-account00000000000000000000000000000232(046fdfdb52be7bb9aa9112fb4dcac466ea2f555c5)
Letus Put! tid=0, seq=1, key=-account00000000000000000000000000000233(015668ac79dba244cacd211e536c8bc555aaa48fd)
Letus Put! tid=0, seq=1, key=-account00000000000000000000000000000234(09ae1f433fcda67217ef45e84fe079c1041fd34df)
Letus Put! tid=0, seq=1, key=-account00000000000000000000000000000235(015d699112924655c00b8dfd06aa19dccc057ce58)
Letus Put! tid=0, seq=1, key=-account00000000000000000000000000000236(0b23831a77dad77c5846104805456301413acd878)
Letus Put! tid=0, seq=1, key=-account00000000000000000000000000000237(009f6b60d0e960c4459fbfc8c04384850ee88a4b0)
Letus Put! tid=0, seq=1, key=-account00000000000000000000000000000238(00e8e8a68f498684c1dbea625cd766da0a07a3a01)
Letus Put! tid=0, seq=1, key=-account00000000000000000000000000000239(0b57f5cbfde529aed55430fa6ce9e34d3b1c6c1e8)
Letus Put! tid=0, seq=1, key=-account00000000000000000000000000000240(06b8786c9ceb951d7ad36537aab381a9b282bd720)
Letus Put! tid=0, seq=1, key=-account00000000000000000000000000000241(03499f8426555744bef6190d2509ccf876d092ba8)
Letus Put! tid=0, seq=1, key=-account00000000000000000000000000000242(01b34d942c8d23a2fc379ee47ac38a09d9935d2f5)
Letus Put! tid=0, seq=1, key=-account00000000000000000000000000000243(0546ad38bcfbb24e075a473e6de02950892c34052)
Letus Put! tid=0, seq=1, key=-account00000000000000000000000000000244(09c1cd4c1ecfd8dd547de54a07b0232198c47f57b)
Letus Put! tid=0, seq=1, key=-account00000000000000000000000000000245(0de5c6363e098cbdce765528645d0d792c2781f1e)
Letus Put! tid=0, seq=1, key=-account00000000000000000000000000000246(0a9abe078750dce7c9227ca1d01adc2b9b28050b7)
Letus Put! tid=0, seq=1, key=-account00000000000000000000000000000247(0dc72c8fd6b1fec64dd839e6f9e61c5e2ff2b453f)
Letus Put! tid=0, seq=1, key=-account00000000000000000000000000000248(0252bb51963ed9b0d9794cf08cca5bb12563ea570)
Letus Put! tid=0, seq=1, key=-account00000000000000000000000000000249(0f2c6bfc2817f57c8d96dd4f9e6b86dd2f89b8212)
Letus Put! tid=0, seq=1, key=-account00000000000000000000000000000250(05e74b1311a6e26c796cf1a69fcc6bda5eb91fc39)
Letus Put! tid=0, seq=1, key=-account00000000000000000000000000000251(08a355ce93971d52ce5265752a88a6a7c4ba5afe1)
Letus Put! tid=0, seq=1, key=-account00000000000000000000000000000252(04f80d5cbad7085a26c61f3b0819391db420a3ba6)
Letus Put! tid=0, seq=1, key=-account00000000000000000000000000000253(02497f293899c7d47b15242de573357594dda91e2)
Letus Put! tid=0, seq=1, key=-account00000000000000000000000000000254(02a28c79c6fb5bc87b564bd283297571ae87c44dc)
Letus Put! tid=0, seq=1, key=-account00000000000000000000000000000255(0758ca8779a47cc03dffa163039581dfef011c30c)
Letus Put! tid=0, seq=1, key=-account00000000000000000000000000000256(0907c4cd48953dff7c828ce427452371f6415b25f)
Letus Put! tid=0, seq=1, key=-account00000000000000000000000000000257(086e13b62ba7f988630ab3df9477881c5a04a9498)
Letus Put! tid=0, seq=1, key=-account00000000000000000000000000000258(0448ed6ab9ce499478e7558848f4cd75ab442b8fc)
Letus Put! tid=0, seq=1, key=-account00000000000000000000000000000259(0bcda67d2438870930b593566ed23f29d51412d70)
Letus Put! tid=0, seq=1, key=-account00000000000000000000000000000260(0cc56957c3551261c9158a96e9f97ba91f0f29a84)
Letus Put! tid=0, seq=1, key=-account00000000000000000000000000000261(02ce2901fa864f9e6bf311f5dffd132007780afd0)
Letus Put! tid=0, seq=1, key=-account00000000000000000000000000000262(0e938bcddb4fc8e7107cb3e51c48132865bd255ec)
Letus Put! tid=0, seq=1, key=-account00000000000000000000000000000263(0cfd05605811a27162473cd67eba2c737c1e4082a)
Letus Put! tid=0, seq=1, key=-account00000000000000000000000000000264(06202f0f3127fa29d2f2b8d6b78a29382ee5266fc)
Letus Put! tid=0, seq=1, key=-account00000000000000000000000000000265(0fcc6f7c7c7adf70b335b32b72b8eb1f1c51d711b)
Letus Put! tid=0, seq=1, key=-account00000000000000000000000000000266(0cd0641fb821e64282427267d0586cb51187fcd94)
Letus Put! tid=0, seq=1, key=-account00000000000000000000000000000267(09130365a3c2f9ad27fd1bdc5d615d8d5e1ba70dc)
Letus Put! tid=0, seq=1, key=-account00000000000000000000000000000268(0176c593615000991d3284b3c9d8204262db1b24c)
Letus Put! tid=0, seq=1, key=-account00000000000000000000000000000269(0930723c29251bd4b44fb81ae40dbbbe8353d5f58)
Letus Put! tid=0, seq=1, key=-account00000000000000000000000000000270(08c78b739ff2da65a8bda09d03a3de8bc2a44c215)
Letus Put! tid=0, seq=1, key=-account00000000000000000000000000000271(06f72f56ab88d906d0e3e061c4625181361ad45ca)
Letus Put! tid=0, seq=1, key=-account00000000000000000000000000000272(0afbb4d0a55f0f75aa283d1a5222ef9dfd67c1a27)
Letus Put! tid=0, seq=1, key=-account00000000000000000000000000000273(0f6a0eb2499fc8c4dc6e1109bbdd880481bda079e)
Letus Put! tid=0, seq=1, key=-account00000000000000000000000000000274(0d15a4f6de7454cc00dcb9f5e7a87547266db2f3b)
Letus Put! tid=0, seq=1, key=-account00000000000000000000000000000275(00f24466c5031fdd2b370635fcfd6a8eac4da9a81)
Letus Put! tid=0, seq=1, key=-account00000000000000000000000000000276(025391e327b9dac67520faa33525acf0da27408da)
Letus Put! tid=0, seq=1, key=-account00000000000000000000000000000277(0b7e61d9beecefe2bd9b98ff96b03e7848373e4aa)
Letus Put! tid=0, seq=1, key=-account00000000000000000000000000000278(05884da2a504a5ccb9a294f04ab7d57614781387a)
Letus Put! tid=0, seq=1, key=-account00000000000000000000000000000279(0bf0756b5b88ad3b31e9cdac67e9c3dc6ec0229a1)
Letus Put! tid=0, seq=1, key=-account00000000000000000000000000000280(01c8d5c12e527f6f671a355432f20663d371b17dd)
Letus Put! tid=0, seq=1, key=-account00000000000000000000000000000281(0456033b0f42176880b04e9aae5aac490645cc7d0)
Letus Put! tid=0, seq=1, key=-account00000000000000000000000000000282(0b9028254ed5fc0e0a1ebbf393ab32849833b06e1)
Letus Put! tid=0, seq=1, key=-account00000000000000000000000000000283(094b437e9caf828eea889cdf0c91f8f71bb42285a)
Letus Put! tid=0, seq=1, key=-account00000000000000000000000000000284(01147362f8b3fdbb027fe4e2854b73eee710ddf4c)
Letus Put! tid=0, seq=1, key=-account00000000000000000000000000000285(07a2fd30bda93b53b08bd2c1f7538d3cd3e9b10a5)
Letus Put! tid=0, seq=1, key=-account00000000000000000000000000000286(02a4307c3fc90dfa1dd74c14b933cf68fd6916d8e)
Letus Put! tid=0, seq=1, key=-account00000000000000000000000000000287(0255233846df830354d047a33c2474724a9de6e09)
Letus Put! tid=0, seq=1, key=-account00000000000000000000000000000288(066532a8d972078930b437450289150a62f2a9f3a)
Letus Put! tid=0, seq=1, key=-account00000000000000000000000000000289(07d5b306cc453e0f16b3aa893c2108976fd89c397)
Letus Put! tid=0, seq=1, key=-account00000000000000000000000000000290(0cb37187d74b605812e404d6c3b32c89a80f1df54)
Letus Put! tid=0, seq=1, key=-account00000000000000000000000000000291(013cdfb9ac2055cfeccae9b36228019adbf3612fd)
Letus Put! tid=0, seq=1, key=-account00000000000000000000000000000292(015846df0995be93a6cc5073bdc44fbab96025b43)
Letus Put! tid=0, seq=1, key=-account00000000000000000000000000000293(0dbd492bda75c2f1b55bfa5c2c2f6e7f37e319b37)
Letus Put! tid=0, seq=1, key=-account00000000000000000000000000000294(06aa54fe61c6fecd992e9b409d3517cd8ec5c3a9a)
Letus Put! tid=0, seq=1, key=-account00000000000000000000000000000295(0b7a6852f62e89e058633d5fa5da83cd9a179d623)
Letus Put! tid=0, seq=1, key=-account00000000000000000000000000000296(06602d54ca9cb6f390e074d88d08147d0ccf01b43)
Letus Put! tid=0, seq=1, key=-account00000000000000000000000000000297(06605c345a5d4b70921a26415c5642d49c6a8e3d6)
Letus Put! tid=0, seq=1, key=-account00000000000000000000000000000298(0d94c93ed843f1854bc747a43a631961b51e2a397)
Letus Put! tid=0, seq=1, key=-account00000000000000000000000000000299(0291eb46dfd6e7238e24693e445e17fd606e8326c)
Letus Put! tid=0, seq=1, key=-account00000000000000000000000000000300(0b106ebd8f2ddfeba91cc52161b47414169b83bb5)
Letus Put! tid=0, seq=1, key=-account00000000000000000000000000000301(0d4506047f63bafa00fa19930ecb2d4042f286732)
Letus Put! tid=0, seq=1, key=-account00000000000000000000000000000302(098cb753706d0d632351a26535a8ad84ccfa6b800)
Letus Put! tid=0, seq=1, key=-account00000000000000000000000000000303(0c6fa23002fdabdd67beb777ca297fdfee67fdfcf)
Letus Put! tid=0, seq=1, key=-account00000000000000000000000000000304(0d4b679a9b3d0e1192ba21fc5a9af3d14f3dc4fd1)
Letus Put! tid=0, seq=1, key=-account00000000000000000000000000000305(0edca8cda9106a15944725bb672e6f8b03117af14)
Letus Put! tid=0, seq=1, key=-account00000000000000000000000000000306(07fe3dd98f669c3765eeee0613e166494c5f7d03a)
Letus Put! tid=0, seq=1, key=-account00000000000000000000000000000307(0a52284eab4391b05b5764941c894567ec4b8626e)
Letus Put! tid=0, seq=1, key=-account00000000000000000000000000000308(0e33ed54d5c5350defd7d3d4e334fc202efe20c55)
Letus Put! tid=0, seq=1, key=-account00000000000000000000000000000309(0a84e83c54b5588aceb77c38d43515b4ddc4615a7)
Letus Put! tid=0, seq=1, key=-account00000000000000000000000000000310(0b8078e6634cb2405fc2642a092f07cf276aab178)
Letus Put! tid=0, seq=1, key=-account00000000000000000000000000000311(0c41fbc7a0062dc51fd38343908b9d1e2542ec9d5)
Letus Put! tid=0, seq=1, key=-account00000000000000000000000000000312(0200e1f19dbfa4483a64602e796c5b7b61214eaef)
Letus Put! tid=0, seq=1, key=-account00000000000000000000000000000313(0ac7ed44e8641bbd6c813850d37162435e376685d)
Letus Put! tid=0, seq=1, key=-account00000000000000000000000000000314(0cd263dbf82eadd1ac65c92738b987e292038242f)
Letus Put! tid=0, seq=1, key=-account00000000000000000000000000000315(005afe510fb688d741055b4f3f04d6e09202b960d)
Letus Put! tid=0, seq=1, key=-account00000000000000000000000000000316(03f9f2234467f06edf49d6088b38d2e8733982ce2)
Letus Put! tid=0, seq=1, key=-account00000000000000000000000000000317(04420a28ee2f9968e1e10e58668dad2d10c404fb8)
Letus Put! tid=0, seq=1, key=-account00000000000000000000000000000318(05294e98364eb0e58dd38158b63ce1d73de0d1e0b)
Letus Put! tid=0, seq=1, key=-account00000000000000000000000000000319(0abf7a1e48b058d3029462db7052e36bae1e2f62f)
Letus Put! tid=0, seq=1, key=-account00000000000000000000000000000320(0da8d70e57810e7f02905e83420fea2f10a934d4c)
Letus Put! tid=0, seq=1, key=-account00000000000000000000000000000321(03305004550dd44ed70e9d918cf1994365e4ac04e)
Letus Put! tid=0, seq=1, key=-account00000000000000000000000000000322(0162a6f59244ab22414bd0619f9f1941ae6d49d41)
Letus Put! tid=0, seq=1, key=-account00000000000000000000000000000323(04ef669766ca2dfe7ca83b0715f17a9be61513793)
Letus Put! tid=0, seq=1, key=-account00000000000000000000000000000324(09c41b630741cab490c9a134151f73725ab91427e)
Letus Put! tid=0, seq=1, key=-account00000000000000000000000000000325(042ba94f8114ba48244334ba61457b441a81c06bd)
Letus Put! tid=0, seq=1, key=-account00000000000000000000000000000326(074131bb5df47d5d7b2d60e1a966ea5870d6cac65)
Letus Put! tid=0, seq=1, key=-account00000000000000000000000000000327(075fb7af1ebf4a1dbc1cb6695f1d344f1fdd7a7b9)
Letus Put! tid=0, seq=1, key=-account00000000000000000000000000000328(0e31a91829f1471dcaaa099effc5ecc6e4464c0d3)
Letus Put! tid=0, seq=1, key=-account00000000000000000000000000000329(05b7cd565347ee37883195df764195c613cfc98a1)
Letus Put! tid=0, seq=1, key=-account00000000000000000000000000000330(0b425ab2c52bf4c01cedcba6f970f623fb2e4571f)
Letus Put! tid=0, seq=1, key=-account00000000000000000000000000000331(04f8ac67754c6660ccc3c97261544f32990fc347e)
Letus Put! tid=0, seq=1, key=-account00000000000000000000000000000332(00064b3fbd05705ffababb0bfb3260609c68ad5e6)
Letus Put! tid=0, seq=1, key=-account00000000000000000000000000000333(0d68d62b07bf2165ad27f5103bebbd9d727875ae2)
Letus Put! tid=0, seq=1, key=-account00000000000000000000000000000334(0ffcf5214ba272d07ab184e0e04f17b305afed99e)
Letus Put! tid=0, seq=1, key=-account00000000000000000000000000000335(0479997a04532be0b00d9690a2af28650f18a60e5)
Letus Put! tid=0, seq=1, key=-account00000000000000000000000000000336(062d06ddbaedf755f5f6dbfa6449f4eefebf140b0)
Letus Put! tid=0, seq=1, key=-account00000000000000000000000000000337(0c8eb62b2658485f9c5b41df94d4b0dcb198cb8a6)
Letus Put! tid=0, seq=1, key=-account00000000000000000000000000000338(0efcfb76b379cc94467bc5a0d8eff50cd97243949)
Letus Put! tid=0, seq=1, key=-account00000000000000000000000000000339(0b57f3b99ad28a194ccc93fa8bea5a31888c2ac42)
Letus Put! tid=0, seq=1, key=-account00000000000000000000000000000340(0139e6e58e0d4db4cc86dcd667fd539f7e681a1eb)
Letus Put! tid=0, seq=1, key=-account00000000000000000000000000000341(05f788cb5612b7db91274b324fcc30f8ab3435397)
Letus Put! tid=0, seq=1, key=-account00000000000000000000000000000342(01ed57a176c77cfbabfd890f4f8555d091ae07e4c)
Letus Put! tid=0, seq=1, key=-account00000000000000000000000000000343(014224e32f2eaef2057b2ebf93b673fa4965cfe31)
Letus Put! tid=0, seq=1, key=-account00000000000000000000000000000344(003b1b70a6bac148553ecb4fa8f9198bf8d6d6925)
Letus Put! tid=0, seq=1, key=-account00000000000000000000000000000345(02a6dfc886821b8b87c066fd9bb6b0f2b14ede5e0)
Letus Put! tid=0, seq=1, key=-account00000000000000000000000000000346(0c9b4f8e3f2618e0075615664f524f82deda079d3)
Letus Put! tid=0, seq=1, key=-account00000000000000000000000000000347(0c73e8f7601a740e126b36876236d610021a9caa1)
Letus Put! tid=0, seq=1, key=-account00000000000000000000000000000348(0f506aa977ed9623d6d9b7057f54483bec4f0edf5)
Letus Put! tid=0, seq=1, key=-account00000000000000000000000000000349(070c0ac2480fdaa8a8a376adc27e2e1590bda8f69)
Letus Put! tid=0, seq=1, key=-account00000000000000000000000000000350(08742fc50358235a4ec856d0cd326ea7698b5db48)
Letus Put! tid=0, seq=1, key=-account00000000000000000000000000000351(0420777827eea37f47fc5c31af33578052a7b111e)
Letus Put! tid=0, seq=1, key=-account00000000000000000000000000000352(075e99c444a027106017819e332ef0f8717fbc665)
Letus Put! tid=0, seq=1, key=-account00000000000000000000000000000353(07a62dd558aba16a9119ffa2b3b8af2e00151668a)
Letus Put! tid=0, seq=1, key=-account00000000000000000000000000000354(0b85af87bd6c722f0b6cb087abb536863f92fd90f)
Letus Put! tid=0, seq=1, key=-account00000000000000000000000000000355(0ad54c54c1e581942e61bdda1015408cd333bdba3)
Letus Put! tid=0, seq=1, key=-account00000000000000000000000000000356(020d4a68804205ed4e3a511bcc46b99a237c4b155)
Letus Put! tid=0, seq=1, key=-account00000000000000000000000000000357(0c2ed5a50ea64eedff8d1c58368c8c994786832a8)
Letus Put! tid=0, seq=1, key=-account00000000000000000000000000000358(0addfa3328fc6e3ff3bc4b4d6418378da4fc45928)
Letus Put! tid=0, seq=1, key=-account00000000000000000000000000000359(0d64e4fc4b0bd3a3876f50b9d0baba08ec28823ed)
Letus Put! tid=0, seq=1, key=-account00000000000000000000000000000360(01b10a4a5d9eae3ab0f54865546573323e2ba9d78)
Letus Put! tid=0, seq=1, key=-account00000000000000000000000000000361(0f27f0e63d224b5ccc5f274b88d8faad1826e6e2d)
Letus Put! tid=0, seq=1, key=-account00000000000000000000000000000362(05d3f730b67110fd0b571c54d8a06429f4e4b86ad)
Letus Put! tid=0, seq=1, key=-account00000000000000000000000000000363(002eefb9e4a3045094c2b0b4b32f508ea55da9b16)
Letus Put! tid=0, seq=1, key=-account00000000000000000000000000000364(02f1d699043193d570fa109a28d5907075e1d1e3f)
Letus Put! tid=0, seq=1, key=-account00000000000000000000000000000365(075e477737bb3b02815bb368320d3704f707152e3)
Letus Put! tid=0, seq=1, key=-account00000000000000000000000000000366(0350599f89653866c8861b03c1862216216c0babc)
Letus Put! tid=0, seq=1, key=-account00000000000000000000000000000367(0b4dd307d5007d7c3e70d91a1f39bc23ad0a68666)
Letus Put! tid=0, seq=1, key=-account00000000000000000000000000000368(04a941f4c18907b18815b94d520f21fd9ab5652cd)
Letus Put! tid=0, seq=1, key=-account00000000000000000000000000000369(0fe1ac1425197f8cd514a12727ae4ec228ae5faf8)
Letus Put! tid=0, seq=1, key=-account00000000000000000000000000000370(0e8dd615ad8ad779874a75675aeed1f13af945944)
Letus Put! tid=0, seq=1, key=-account00000000000000000000000000000371(027a586e3df8516afe83c83db8777a13bfc5b2893)
Letus Put! tid=0, seq=1, key=-account00000000000000000000000000000372(04d45cb5b515ee3fb3b483f2776c68ae688b5d0e3)
Letus Put! tid=0, seq=1, key=-account00000000000000000000000000000373(01d653fcbdf083d3cdb8c5c0dfdd707e99eac8125)
Letus Put! tid=0, seq=1, key=-account00000000000000000000000000000374(056a5d35683de56cbac25d493df9a896183f0770e)
Letus Put! tid=0, seq=1, key=-account00000000000000000000000000000375(0275e1c49b2b6239718b7b9da624d12be1725130d)
Letus Put! tid=0, seq=1, key=-account00000000000000000000000000000376(0f9e208f9e1ca45881a0821077b1c5773f1f0bd2e)
Letus Put! tid=0, seq=1, key=-account00000000000000000000000000000377(0657edfd0f136266dae0e29988e551e0161aa227c)
Letus Put! tid=0, seq=1, key=-account00000000000000000000000000000378(087d7ad5d1c219cad5c6bae3809f2b8406c29ee45)
Letus Put! tid=0, seq=1, key=-account00000000000000000000000000000379(0ecc503e6f94522f754b1752ab433b8c3820adbec)
Letus Put! tid=0, seq=1, key=-account00000000000000000000000000000380(07797fc8de39f316794f62defd614acd8d0f5335a)
Letus Put! tid=0, seq=1, key=-account00000000000000000000000000000381(05432228493f77f30eaf93d0193261d11bba6aa7e)
Letus Put! tid=0, seq=1, key=-account00000000000000000000000000000382(0e0ce4482f48af5161f21f01ed1d26ca99f5bcff0)
Letus Put! tid=0, seq=1, key=-account00000000000000000000000000000383(0d3bf74ae8a933e4c32f4ac619585c234a42d6543)
Letus Put! tid=0, seq=1, key=-account00000000000000000000000000000384(0d1550db8d21fb61b9aff48439b55d7bb86b308f1)
Letus Put! tid=0, seq=1, key=-account00000000000000000000000000000385(079cdefddf076d12da30995582cda137f0045fc14)
Letus Put! tid=0, seq=1, key=-account00000000000000000000000000000386(023435ebdfba9903c32d35d410a3a1ea1e8d9839e)
Letus Put! tid=0, seq=1, key=-account00000000000000000000000000000387(0b0999794d0b11b56bd8827c7e82c3144d49db4e2)
Letus Put! tid=0, seq=1, key=-account00000000000000000000000000000388(0a208bc6a0b1272f44914c4631c4fa108aede1314)
Letus Put! tid=0, seq=1, key=-account00000000000000000000000000000389(04e41dcd4987a85af2d5d55523f8edb8b887185e0)
Letus Put! tid=0, seq=1, key=-account00000000000000000000000000000390(087d610f57b86f600e85331997179aca5966ee6b7)
Letus Put! tid=0, seq=1, key=-account00000000000000000000000000000391(05da2290a7fb5bf488348d7202380d87141a63bc4)
Letus Put! tid=0, seq=1, key=-account00000000000000000000000000000392(0b077da2c45b5aafa01b2d0532333b8cd7d8d758f)
Letus Put! tid=0, seq=1, key=-account00000000000000000000000000000393(0eaede53b294beeaf797ef28149f297cc87cfa11d)
Letus Put! tid=0, seq=1, key=-account00000000000000000000000000000394(095dcb02224e32dd317992a5e9a3bbfab988ebf19)
Letus Put! tid=0, seq=1, key=-account00000000000000000000000000000395(046893fd2c76f7b8fa084bd5033fa1f0c1c59f52b)
Letus Put! tid=0, seq=1, key=-account00000000000000000000000000000396(07bbfa6ae722c25e1cc2b3575354077cbd6edbcab)
Letus Put! tid=0, seq=1, key=-account00000000000000000000000000000397(08d33ce9a5b8c3a04001cf3c14b94ca581c0a88f4)
Letus Put! tid=0, seq=1, key=-account00000000000000000000000000000398(077f2b5d4a8cc344be8584a8ff11935f464d8e100)
Letus Put! tid=0, seq=1, key=-account00000000000000000000000000000399(07507c2f0f390ef6fbf9a718c46becf2cf3a66bd7)
Letus Put! tid=0, seq=1, key=-account00000000000000000000000000000400(0402ef113f3d343537a7d976f8e9956dda0c7ecd3)
Letus Put! tid=0, seq=1, key=-account00000000000000000000000000000401(0120f7590ec25f915041b35979d3d79b2810fbdfa)
Letus Put! tid=0, seq=1, key=-account00000000000000000000000000000402(0b92ccf8e82acc352638627f50b1afaefce1ce414)
Letus Put! tid=0, seq=1, key=-account00000000000000000000000000000403(09f0f3571061c08094caefe7247d3d6a5b7425318)
Letus Put! tid=0, seq=1, key=-account00000000000000000000000000000404(0aa970334d9f0039adbac852092b1fe319ed71482)
Letus Put! tid=0, seq=1, key=-account00000000000000000000000000000405(0467af2c47d761824d6a005cc75180eb562997fe4)
Letus Put! tid=0, seq=1, key=-account00000000000000000000000000000406(09d251bdb20f620d72fdbd9b57d1842c9ae64c76a)
Letus Put! tid=0, seq=1, key=-account00000000000000000000000000000407(0a28ab36b937dc443e49ceae8f53579ba322226f9)
Letus Put! tid=0, seq=1, key=-account00000000000000000000000000000408(0e5bfb48c6984a02c8d881a1f343f5b7deda974c3)
Letus Put! tid=0, seq=1, key=-account00000000000000000000000000000409(033c9cdc408ccb0ffd19e3246b44476291f7d1898)
Letus Put! tid=0, seq=1, key=-account00000000000000000000000000000410(0a208348aff04ce587361af928ceb2dbe4a5e38bd)
Letus Put! tid=0, seq=1, key=-account00000000000000000000000000000411(06e5f5f8d258e3d3fad3fd29ff35e4765d02db925)
Letus Put! tid=0, seq=1, key=-account00000000000000000000000000000412(016f9a3615f0d893920f07f6797435520013f83a5)
Letus Put! tid=0, seq=1, key=-account00000000000000000000000000000413(0c398da3ff3d5b509da7a647c844b493c7cb7e964)
Letus Put! tid=0, seq=1, key=-account00000000000000000000000000000414(0cd1eccc98a2acbd6ba6ab978ae1a265aa42f287a)
Letus Put! tid=0, seq=1, key=-account00000000000000000000000000000415(0a083c1bc57279bf8d49f1a5a6c6efc1c0d59566b)
Letus Put! tid=0, seq=1, key=-account00000000000000000000000000000416(0abf1c6f06a5f64c34654cdf53f430ce5863ff58c)
Letus Put! tid=0, seq=1, key=-account00000000000000000000000000000417(07bf310a028fdd54f9b2f2b8ac2abbe23e4bbc3c5)
Letus Put! tid=0, seq=1, key=-account00000000000000000000000000000418(050c272fdac99cd0d7ae27a6f07939b8b39844d5a)
Letus Put! tid=0, seq=1, key=-account00000000000000000000000000000419(010ada995b510bf6e38d91ec4b1d9abe9529d1048)
Letus Put! tid=0, seq=1, key=-account00000000000000000000000000000420(03f05a08c6a2b5450136e54e930a5d479427496c9)
Letus Put! tid=0, seq=1, key=-account00000000000000000000000000000421(081fdf2a62a4d7b736779a91d514f4d1c6e7e8e52)
Letus Put! tid=0, seq=1, key=-account00000000000000000000000000000422(0b0411a64be0a82027da75bbc0370ffacd35e6396)
Letus Put! tid=0, seq=1, key=-account00000000000000000000000000000423(035861113148786fd8324a3efef63b3a08fd52248)
Letus Put! tid=0, seq=1, key=-account00000000000000000000000000000424(02358ec41fbf6aa672896b49edbb94607a052fa79)
Letus Put! tid=0, seq=1, key=-account00000000000000000000000000000425(0890af8fe8f5388d5042306873cb915ef4adbec3c)
Letus Put! tid=0, seq=1, key=-account00000000000000000000000000000426(05b5212a24cb7432038d120c64e8a6e8469d490a0)
Letus Put! tid=0, seq=1, key=-account00000000000000000000000000000427(045c9f2c87ba89de9262024ea13e6dc8df0799b8f)
Letus Put! tid=0, seq=1, key=-account00000000000000000000000000000428(08acaaf070d2412fa95f55795157ce68ff1364c7e)
Letus Put! tid=0, seq=1, key=-account00000000000000000000000000000429(050d0bd37570705d1f07eb954d2d054f074a394ee)
Letus Put! tid=0, seq=1, key=-account00000000000000000000000000000430(0aff9fc892e808893c5b84020a732e2ddd9fbd3b6)
Letus Put! tid=0, seq=1, key=-account00000000000000000000000000000431(04a22fbd9e3e94acd557363195a918f6133c2d44d)
Letus Put! tid=0, seq=1, key=-account00000000000000000000000000000432(04fa1797e57d2d134f78750bdef92db8a83504f09)
Letus Put! tid=0, seq=1, key=-account00000000000000000000000000000433(03760bab99b0f43cdc4d3441f516d78602b9fc08f)
Letus Put! tid=0, seq=1, key=-account00000000000000000000000000000434(05ffbec73fb3b2b1627699e6172ecdcaba55d5dfe)
Letus Put! tid=0, seq=1, key=-account00000000000000000000000000000435(0dc0f256c4e634698a2efe2971f84306b9ee0c7ad)
Letus Put! tid=0, seq=1, key=-account00000000000000000000000000000436(00c2705a8d6aef79f9e86ca6e7f48bd770a98f251)
Letus Put! tid=0, seq=1, key=-account00000000000000000000000000000437(03bf3ffcb9af81aee53505c90bad79aa37828fa6b)
Letus Put! tid=0, seq=1, key=-account00000000000000000000000000000438(0ca4c3ceae09595a8c8b32f4c57c0042d31c25fa4)
Letus Put! tid=0, seq=1, key=-account00000000000000000000000000000439(0723a303f4ac36b49d2335e4a767c6a7ed2f2c24b)
Letus Put! tid=0, seq=1, key=-account00000000000000000000000000000440(0f769b2292a92805b9f47887bcaebb6a3e00346a5)
Letus Put! tid=0, seq=1, key=-account00000000000000000000000000000441(04f4efaaaf1d218f9ffe1c60d9d52c5de6251518d)
Letus Put! tid=0, seq=1, key=-account00000000000000000000000000000442(09a223e536322e4b01364b5b33380aec966c5af22)
Letus Put! tid=0, seq=1, key=-account00000000000000000000000000000443(01e95aa1c9e7930c449f4caa7e7550756720e0717)
Letus Put! tid=0, seq=1, key=-account00000000000000000000000000000444(08d843b309322b38fbb735d1af642c2d9858c41cc)
Letus Put! tid=0, seq=1, key=-account00000000000000000000000000000445(0a1d2c1261d4cad335140cf20cefebfe3b8dfd4b9)
Letus Put! tid=0, seq=1, key=-account00000000000000000000000000000446(0d9a1563861146fc0eaa1dc1a0f690c03e3157093)
Letus Put! tid=0, seq=1, key=-account00000000000000000000000000000447(0ce18e9c8199fdff7c4753ffb28f156ad24b134a3)
Letus Put! tid=0, seq=1, key=-account00000000000000000000000000000448(0021c38328f20a29fab2ab6c0588e005f0904c737)
Letus Put! tid=0, seq=1, key=-account00000000000000000000000000000449(0adce0651cdc42ff1b8bbb07e5b5307c371bced17)
Letus Put! tid=0, seq=1, key=-account00000000000000000000000000000450(069c68ab6c9098b8d9469350ddb4a03843e5a9387)
Letus Put! tid=0, seq=1, key=-account00000000000000000000000000000451(0e254e5f9aee2c9005745e6ed00ce8f272831aded)
Letus Put! tid=0, seq=1, key=-account00000000000000000000000000000452(003bfcbd8cf096eb88b4412224c725b39e275aa83)
Letus Put! tid=0, seq=1, key=-account00000000000000000000000000000453(0627e49db87c67d7773ff5c4e00b5fe302ec1c4e9)
Letus Put! tid=0, seq=1, key=-account00000000000000000000000000000454(06b4a0791826b2ddc4e299772aa5a618cda22a2c0)
Letus Put! tid=0, seq=1, key=-account00000000000000000000000000000455(041bb792cf0407aa2daec9fdc4f7feb995e1c92f3)
Letus Put! tid=0, seq=1, key=-account00000000000000000000000000000456(01d2a886c136003dd56ad189d8ca79b06ae54a255)
Letus Put! tid=0, seq=1, key=-account00000000000000000000000000000457(04f889e50bb03f595aea242a41957ac73aad74905)
Letus Put! tid=0, seq=1, key=-account00000000000000000000000000000458(0c24bc15b021988563ec93809f5a0e603f52565b0)
Letus Put! tid=0, seq=1, key=-account00000000000000000000000000000459(09f9a909f0efd4926a9995464fc6ec199c70a1c55)
Letus Put! tid=0, seq=1, key=-account00000000000000000000000000000460(01a5ccecf1d55ccb745d5f7454cfc63964a72502e)
Letus Put! tid=0, seq=1, key=-account00000000000000000000000000000461(0e59ac46763b9fd0317e35b915a0d747c26ad7bc5)
Letus Put! tid=0, seq=1, key=-account00000000000000000000000000000462(0cc0b252905f9e42ae3b2618a6f379af2fbd16b08)
Letus Put! tid=0, seq=1, key=-account00000000000000000000000000000463(097998976ea8eeb1c97607b22789aa06bdce53024)
Letus Put! tid=0, seq=1, key=-account00000000000000000000000000000464(0b9187174511c8d3f2b62ae6ca8272fe8c3fd11e0)
Letus Put! tid=0, seq=1, key=-account00000000000000000000000000000465(026508c56901623fbde5f2776844d2b8714364e66)
Letus Put! tid=0, seq=1, key=-account00000000000000000000000000000466(0ff35ed59401d0d13a86e48c51032e95a3ee151ba)
Letus Put! tid=0, seq=1, key=-account00000000000000000000000000000467(0986b35b6d0673a02a1e9470c39a154f21a67a11f)
Letus Put! tid=0, seq=1, key=-account00000000000000000000000000000468(0b3e2009691e4c419347099e419ec0bf717535dcd)
Letus Put! tid=0, seq=1, key=-account00000000000000000000000000000469(06e65cb8a92264f26372399ce7446ce484881855d)
Letus Put! tid=0, seq=1, key=-account00000000000000000000000000000470(0f8fac0602691aea3a31dccf9df997b7f766b22bb)
Letus Put! tid=0, seq=1, key=-account00000000000000000000000000000471(0ed5bb57752e365ca8f42f7ad2e205e7acdde8a66)
Letus Put! tid=0, seq=1, key=-account00000000000000000000000000000472(0f6e69c7f37d9961f02e3cf002323ea1ded044dc0)
Letus Put! tid=0, seq=1, key=-account00000000000000000000000000000473(014f063e3df60f6eeebb81ab8bed969b71994c85d)
Letus Put! tid=0, seq=1, key=-account00000000000000000000000000000474(011e93c7525f8058631ae99323a89c1c84c18ad4c)
Letus Put! tid=0, seq=1, key=-account00000000000000000000000000000475(09e50f93e806943b0300e18588430d9d289deb85a)
Letus Put! tid=0, seq=1, key=-account00000000000000000000000000000476(0e7b4e1004d0bd9ecf688025ca6e53964b9e27d3b)
Letus Put! tid=0, seq=1, key=-account00000000000000000000000000000477(0ef34a6b748c9806967b7947808858e51c2a7c8b5)
Letus Put! tid=0, seq=1, key=-account00000000000000000000000000000478(08fe4fd12df9b69f550c049ea4ca3c070f1ef00e7)
Letus Put! tid=0, seq=1, key=-account00000000000000000000000000000479(0d47717c0d3c836c034c68caf13541ff9293d0bc7)
Letus Put! tid=0, seq=1, key=-account00000000000000000000000000000480(00d5978699dfadb05d55a6b92538af09cc75e3d8e)
Letus Put! tid=0, seq=1, key=-account00000000000000000000000000000481(055f522c62b18d404012c45fe46b365cf9eb809e5)
Letus Put! tid=0, seq=1, key=-account00000000000000000000000000000482(09416d60233bec7be585add2a9e1910d23d055c84)
Letus Put! tid=0, seq=1, key=-account00000000000000000000000000000483(0d50d1c8b94db3ec69de3c3734a895176c557f4fe)
Letus Put! tid=0, seq=1, key=-account00000000000000000000000000000484(0c2e9120dcaf0a2054bc8ce814f1b566552c4aa35)
Letus Put! tid=0, seq=1, key=-account00000000000000000000000000000485(0fb4ae3eadb175f89b27798890503162de0e32f2b)
Letus Put! tid=0, seq=1, key=-account00000000000000000000000000000486(0fc1a2c39687ba6b576df4c3cee5a523a6bfba1df)
Letus Put! tid=0, seq=1, key=-account00000000000000000000000000000487(06f38a7ce3bf54b25f032a37a294d649783a70e50)
Letus Put! tid=0, seq=1, key=-account00000000000000000000000000000488(08aac6b518d09e99495dc995633f3cdd8f3c9b52b)
Letus Put! tid=0, seq=1, key=-account00000000000000000000000000000489(0bba4ea124f30c30d192db8893b9a70a306818316)
Letus Put! tid=0, seq=1, key=-account00000000000000000000000000000490(0112ba6d0ba7ac94496a3ace81d8e8787c0eb67b3)
Letus Put! tid=0, seq=1, key=-account00000000000000000000000000000491(01eddd2b265bc35918c9e4d71d8f337fbf278b3c4)
Letus Put! tid=0, seq=1, key=-account00000000000000000000000000000492(0503542bd2c97ffce2ee9aaa056fd103de3c910c9)
Letus Put! tid=0, seq=1, key=-account00000000000000000000000000000493(0f3c4e216e35b39fff98f907f4b95b16e112c249c)
Letus Put! tid=0, seq=1, key=-account00000000000000000000000000000494(0e837b826d731b36eeee480b2f93ef3db62d5c41c)
Letus Put! tid=0, seq=1, key=-account00000000000000000000000000000495(04ccfe3a12f9fe5c662c2724f7bd7a0fbe7b9adb6)
Letus Put! tid=0, seq=1, key=-account00000000000000000000000000000496(0e32c6a56fe82514c02466537fe90f8a5fc66cc8a)
Letus Put! tid=0, seq=1, key=-account00000000000000000000000000000497(052e1a2897c91d494bd43acd243d1c15d14675cf9)
Letus Put! tid=0, seq=1, key=-account00000000000000000000000000000498(0cea99afa638a3b8a76d3d99b500c98a967f0a9d9)
Letus Put! tid=0, seq=1, key=-account00000000000000000000000000000499(06eded4b46b6e0cd8d54d294cc612813d499b761d)
Letus calculate root hash! version=1
after hash seq_no:18446744073709551615
Letus Get! tid=0, seq=1, key=-account00000000000000000000000000000000(0a3cd0cb47477f25a68c3decc0a9de8a6f8d59be0)
Letus Get! tid=0, seq=1, key=-account00000000000000000000000000000001(06d7f0aa277357d234bcc7a49888123b48840d6db)
Letus Get! tid=0, seq=1, key=-account00000000000000000000000000000002(07ee2723656b594df1ff4f734147b5e3a67c59d8f)
Letus Get! tid=0, seq=1, key=-account00000000000000000000000000000003(04ec0bb7255f11edbaf908222173a02b5f32c02e2)
Letus Get! tid=0, seq=1, key=-account00000000000000000000000000000004(0566292f926338da25ee942005b3c1b727a9bbf9a)
Letus Get! tid=0, seq=1, key=-account00000000000000000000000000000005(0fdd08cacbdc5f2c9bca82b5360d79d7f7f4f653e)
Letus Get! tid=0, seq=1, key=-account00000000000000000000000000000006(03b9b85b71f3aa48569c369b4954a9000d469d38f)
Letus Get! tid=0, seq=1, key=-account00000000000000000000000000000007(017fbbffa09fc6670d8b2b345d4de7047348636fc)
Letus Get! tid=0, seq=1, key=-account00000000000000000000000000000008(075ee11b28a2bbf7e922fc33221dccccb563dd42f)
Letus Get! tid=0, seq=1, key=-account00000000000000000000000000000009(0fc63efdd6e1d54bf94f2f77a4b5bba21ae5c3db0)
Letus Get! tid=0, seq=1, key=-account00000000000000000000000000000010(062df8aed0628d5ded7b64143cc754ff998d38154)
Letus Get! tid=0, seq=1, key=-account00000000000000000000000000000011(0a863d015bdd9ed09430a8e2d86348eec16f60c9b)
Letus Get! tid=0, seq=1, key=-account00000000000000000000000000000012(01431f7d218f6c9f474f617f9bc46e899f4d375be)
Letus Get! tid=0, seq=1, key=-account00000000000000000000000000000013(0a10404bac4566f9ebd809ba6286180139b6b8e3f)
Letus Get! tid=0, seq=1, key=-account00000000000000000000000000000014(05e018661f6e0e113c79c5a8f9d65a25b6f33034d)
Letus Get! tid=0, seq=1, key=-account00000000000000000000000000000015(0e4370061e46b97c0dde31cd2bc747bea7d1d371c)
Letus Get! tid=0, seq=1, key=-account00000000000000000000000000000016(0fdbc730a1ea6ccf789c5adaf032d956a268637a8)
Letus Get! tid=0, seq=1, key=-account00000000000000000000000000000017(0dfc4bc2b59bb69bfc16e022987a5db5f152309c3)
Letus Get! tid=0, seq=1, key=-account00000000000000000000000000000018(0075f0cb405ae0d0658a038c08cd439bcaccdaf7d)
Letus Get! tid=0, seq=1, key=-account00000000000000000000000000000019(071bf478333419ef0ca365a97bdaa6fd806bc5a6a)
Letus Get! tid=0, seq=1, key=-account00000000000000000000000000000020(0686d8ffb2b7d24c7a99e1f305c824ab4f382fadd)
Letus Get! tid=0, seq=1, key=-account00000000000000000000000000000021(00096e3b4c602b8aa96a53fa9f83de8f40268e99a)
Letus Get! tid=0, seq=1, key=-account00000000000000000000000000000022(0a00552d37562c1ec3a56c4d2748748e77acc09de)
Letus Get! tid=0, seq=1, key=-account00000000000000000000000000000023(0f871cab054b04ccc6e69c5372c65f289f8ea2751)
Letus Get! tid=0, seq=1, key=-account00000000000000000000000000000024(0ad0a51899ba488aedd9960b8b0789a50c6e409b2)
Letus Get! tid=0, seq=1, key=-account00000000000000000000000000000025(036b0e32634193b4a7a215b466ef56f2a32602e80)
Letus Get! tid=0, seq=1, key=-account00000000000000000000000000000026(00f5c753336ae8112291bd31f67d1bbb369427d0a)
Letus Get! tid=0, seq=1, key=-account00000000000000000000000000000027(0d0c7b6865135cc8441f8fddacd419414eee89453)
Letus Get! tid=0, seq=1, key=-account00000000000000000000000000000028(05fbcd584ee4427719e9765c971a85bcd398bfd72)
Letus Get! tid=0, seq=1, key=-account00000000000000000000000000000029(0fbeb646a110da0c78560f4dbf364e352c2267ff1)
Letus Get! tid=0, seq=1, key=-account00000000000000000000000000000030(08effda87c4b4f0b70a96d97b4cd3539493ead423)
Letus Get! tid=0, seq=1, key=-account00000000000000000000000000000031(0ccb6ba149df0b72324d7adca63cae115031289fb)
Letus Get! tid=0, seq=1, key=-account00000000000000000000000000000032(015930772632da7121e0605e2d174d09a56fea1a8)
Letus Get! tid=0, seq=1, key=-account00000000000000000000000000000033(0b3ab8e390c5b7035501b99d89351a61ef807e8d6)
Letus Get! tid=0, seq=1, key=-account00000000000000000000000000000034(0b7fd71a6b916a8e69c6c61b65558ee00360018de)
Letus Get! tid=0, seq=1, key=-account00000000000000000000000000000035(0628f4323bf92b6e99d174cd799bdb78d92072552)
Letus Get! tid=0, seq=1, key=-account00000000000000000000000000000036(02fd8b6c8724ab4d173838c882774cb9e1ad46554)
Letus Get! tid=0, seq=1, key=-account00000000000000000000000000000037(02dadee46f39eb8cd065387ad4d7e0887630ca860)
Letus Get! tid=0, seq=1, key=-account00000000000000000000000000000038(045be1f51e35784745a5d6fdc7432475b9e3ca0ee)
Letus Get! tid=0, seq=1, key=-account00000000000000000000000000000039(0cb98e7e63598b30c790dde3c7259d2ff8cec8c8e)
Letus Get! tid=0, seq=1, key=-account00000000000000000000000000000040(01aa6c1337b3fdeea24ff56d96a2fcc813ec6aab5)
Letus Get! tid=0, seq=1, key=-account00000000000000000000000000000041(015abb96b621272761404e3fe6b0d69bcad41a918)
Letus Get! tid=0, seq=1, key=-account00000000000000000000000000000042(0e78fbc0b012f726f07d0203195cbb35438baa2c4)
Letus Get! tid=0, seq=1, key=-account00000000000000000000000000000043(0037c225ac428504d31fa1e62428892c17140b453)
Letus Get! tid=0, seq=1, key=-account00000000000000000000000000000044(00b5d658c65ff6c3a3380a7968087dcc7d0063dc7)
Letus Get! tid=0, seq=1, key=-account00000000000000000000000000000045(07be74dbb535c1720008338e7cc15b175fd1c9710)
Letus Get! tid=0, seq=1, key=-account00000000000000000000000000000046(0eea7d5adaa839890bb2f258e5828311468a87643)
Letus Get! tid=0, seq=1, key=-account00000000000000000000000000000047(0fedf07284cf56e73037c9d68dd92ab3765b9cb9f)
Letus Get! tid=0, seq=1, key=-account00000000000000000000000000000048(0e477e800a8fb12d8d830723a821a722b847186cd)
Letus Get! tid=0, seq=1, key=-account00000000000000000000000000000049(0287eb91ca431599c3faef44494f18bb3912ff71b)
Letus Get! tid=0, seq=1, key=-account00000000000000000000000000000050(0f496e290c78c48637d7ffd590845dd9a10bb3d10)
Letus Get! tid=0, seq=1, key=-account00000000000000000000000000000051(03ddf1ad1742c99db35f2eda5fdc2b49036c77711)
Letus Get! tid=0, seq=1, key=-account00000000000000000000000000000052(0568a1322ab81c86623c7e6b3765e6d513f98f313)
Letus Get! tid=0, seq=1, key=-account00000000000000000000000000000053(04ffee9a69b7dbf8eab5d8388fae8f16ea4e0fbac)
Letus Get! tid=0, seq=1, key=-account00000000000000000000000000000054(0b42eacf3047da6de38f45ae54f4b53529556aa6a)
Letus Get! tid=0, seq=1, key=-account00000000000000000000000000000055(0a847a75304e73175fb3365cb75322cea698afc10)
Letus Get! tid=0, seq=1, key=-account00000000000000000000000000000056(065e228fc6cb8c071feeb484893adb26fb8ba1b43)
Letus Get! tid=0, seq=1, key=-account00000000000000000000000000000057(057c6651629c61688bcbc08d001a9040d113ca5e7)
Letus Get! tid=0, seq=1, key=-account00000000000000000000000000000058(03fa7b092d7df18c3eb1d43917954dd7aed7ce33e)
Letus Get! tid=0, seq=1, key=-account00000000000000000000000000000059(0f9a9824eb67b98eb201980c32a63f5d524848eb8)
Letus Get! tid=0, seq=1, key=-account00000000000000000000000000000060(0b26ed14d3eecd5776179e34506bf176b4e228bd1)
Letus Get! tid=0, seq=1, key=-account00000000000000000000000000000061(05ca11721e6de71c16d9d4010d970475d55f0f28b)
Letus Get! tid=0, seq=1, key=-account00000000000000000000000000000062(02db0922b4fa7a0b248a798a31b327208bd311ab7)
Letus Get! tid=0, seq=1, key=-account00000000000000000000000000000063(0be637421e0f7a456eafe75485c31871f451bef9a)
Letus Get! tid=0, seq=1, key=-account00000000000000000000000000000064(06566365b50d89f613c5d6c1d0a0c3d208f244901)
Letus Get! tid=0, seq=1, key=-account00000000000000000000000000000065(0498ebb9b12651b2253783a6b4ac44b00abeac741)
Letus Get! tid=0, seq=1, key=-account00000000000000000000000000000066(0643d005576addf81085e6aa56137a915559529bd)
Letus Get! tid=0, seq=1, key=-account00000000000000000000000000000067(0d33c37081f86dfed3d179ca6b66b0274a3ab4243)
Letus Get! tid=0, seq=1, key=-account00000000000000000000000000000068(0c3099b402e86c9141548b30ba12acfb8ad6d4266)
Letus Get! tid=0, seq=1, key=-account00000000000000000000000000000069(0c854a7012e2d33b441c9b77b9ffef7c63960cc21)
Letus Get! tid=0, seq=1, key=-account00000000000000000000000000000070(07eb8d7068be9ac6e66e5eff3456eec1c0fd2a86d)
Letus Get! tid=0, seq=1, key=-account00000000000000000000000000000071(0647115df25f26f73e017f3222701917ad79d6a40)
Letus Get! tid=0, seq=1, key=-account00000000000000000000000000000072(01e93cd38f54300528cc8602cffaa73c8dcefdf6b)
Letus Get! tid=0, seq=1, key=-account00000000000000000000000000000073(0b8ff35d65e6e8f3696b46f1fa43309725192b9dd)
Letus Get! tid=0, seq=1, key=-account00000000000000000000000000000074(0cbe3dfe8af8dbb89303723f3d04bbb27ffd95146)
Letus Get! tid=0, seq=1, key=-account00000000000000000000000000000075(09f6bb2b4764091ee11d0ce739c923f3a185f3b2f)
Letus Get! tid=0, seq=1, key=-account00000000000000000000000000000076(02ed9438429f087e6483095a6f54e20f101a727fe)
Letus Get! tid=0, seq=1, key=-account00000000000000000000000000000077(0606a1a46a56bb14d3bcbc44dc90805564eab46b9)
Letus Get! tid=0, seq=1, key=-account00000000000000000000000000000078(0b7d084496b0f260b343b712e47da7a9fac543e06)
Letus Get! tid=0, seq=1, key=-account00000000000000000000000000000079(033e45ec256e171a1821b9731d3621a8eb1f192b3)
Letus Get! tid=0, seq=1, key=-account00000000000000000000000000000080(0859bc8a09c36b20b62877be53ab6abaff9ee3b38)
Letus Get! tid=0, seq=1, key=-account00000000000000000000000000000081(052e511c5549e3a097ebba627695f50e12d926cdc)
Letus Get! tid=0, seq=1, key=-account00000000000000000000000000000082(0503c63d3b40433bdbf4e8adbea6f8fe35b6a6903)
Letus Get! tid=0, seq=1, key=-account00000000000000000000000000000083(0869b6143d6246b4168563e4fabba9e01dfcb9550)
Letus Get! tid=0, seq=1, key=-account00000000000000000000000000000084(0c3d3264fd9ad4b89212ba967c27cfe8249821944)
Letus Get! tid=0, seq=1, key=-account00000000000000000000000000000085(0618bd4d6fa1ae7e4bc3d2d94d6b8be06ef69677e)
Letus Get! tid=0, seq=1, key=-account00000000000000000000000000000086(090f22141e98d2d81a8aa062670db679161a8194b)
Letus Get! tid=0, seq=1, key=-account00000000000000000000000000000087(0d804e7cd852e29e6e12a59a83d5bd4869891ed57)
Letus Get! tid=0, seq=1, key=-account00000000000000000000000000000088(08f1932e31b147bd1135a84019f33994db2f4e8a0)
Letus Get! tid=0, seq=1, key=-account00000000000000000000000000000089(0d0bddf43357bb445ebdcf28eca5c9652693e849e)
Letus Get! tid=0, seq=1, key=-account00000000000000000000000000000090(0474168ba0445207ca02befaff0d22d578841cf59)
Letus Get! tid=0, seq=1, key=-account00000000000000000000000000000091(0496e2cf565f99ff399c8a3bb35dc21f73dbff2cb)
Letus Get! tid=0, seq=1, key=-account00000000000000000000000000000092(0c031886e8b7ae2609462bf14958130f4d0f2a5e8)
Letus Get! tid=0, seq=1, key=-account00000000000000000000000000000093(009d6ba28b8670cb6fa6c186d9dc9b226bf4c7a29)
Letus Get! tid=0, seq=1, key=-account00000000000000000000000000000094(016f04799116e59578377863eb36086fbd387bb0d)
Letus Get! tid=0, seq=1, key=-account00000000000000000000000000000095(0bb05927f156e2ec2f6e198d1e789a797c52a2d6f)
Letus Get! tid=0, seq=1, key=-account00000000000000000000000000000096(0cfc31923400176db507cadcf9082ce594e205be2)
Letus Get! tid=0, seq=1, key=-account00000000000000000000000000000097(0c44bdbb7d88a0d066c365e9fd2c764c3d55fd49f)
Letus Get! tid=0, seq=1, key=-account00000000000000000000000000000098(07f5d6030dc10d9db7ff45f0bf731cf9daee1be9d)
Letus Get! tid=0, seq=1, key=-account00000000000000000000000000000099(0add2eb447cc006195bec1782fcdfad4eadf0258f)
Letus Get! tid=0, seq=1, key=-account00000000000000000000000000000100(097afc3b65158737d45a2215067a943ffd589c261)
Letus Get! tid=0, seq=1, key=-account00000000000000000000000000000101(0bf5a6691b3d42dc696a01c0c922232abdc698879)
Letus Get! tid=0, seq=1, key=-account00000000000000000000000000000102(01158c442830bac3caa5d79417f77e37355b45ab2)
Letus Get! tid=0, seq=1, key=-account00000000000000000000000000000103(0ad49aa6dce5aca02a66540b9d75ce4a9d980b2a7)
Letus Get! tid=0, seq=1, key=-account00000000000000000000000000000104(028661d587c994e1d36607ad090e6a8d36a3f45c7)
Letus Get! tid=0, seq=1, key=-account00000000000000000000000000000105(03fab8031de5606872b8541df3a4ac213dcd585b2)
Letus Get! tid=0, seq=1, key=-account00000000000000000000000000000106(0de7dda77de2faa9dd9c150ab557ec71e53ceab97)
Letus Get! tid=0, seq=1, key=-account00000000000000000000000000000107(0d8d361bf1cbc9c8146589431c1180d5bd891ace8)
Letus Get! tid=0, seq=1, key=-account00000000000000000000000000000108(005e98c5aae13f44242ab96e693924d53533d1efd)
Letus Get! tid=0, seq=1, key=-account00000000000000000000000000000109(08ecece82315bb4719a315a702322f1787fe34338)
Letus Get! tid=0, seq=1, key=-account00000000000000000000000000000110(096d40898c0b5e1a66d0919418cf911ed2dac13e2)
Letus Get! tid=0, seq=1, key=-account00000000000000000000000000000111(07ac324c386de52469e8edc8c5b6fab8718baf42e)
Letus Get! tid=0, seq=1, key=-account00000000000000000000000000000112(0afb7e3b912e97893c4ea7347a0ea88e2af176845)
Letus Get! tid=0, seq=1, key=-account00000000000000000000000000000113(0acbb035a37a12436b7d8aca07617420a0e59712f)
Letus Get! tid=0, seq=1, key=-account00000000000000000000000000000114(001b3257eb8afc60ac6cd490c99e053fea8d6b6c2)
Letus Get! tid=0, seq=1, key=-account00000000000000000000000000000115(08556c641b401b83e2a08ac0ffcaf1f0d9e2e70e7)
Letus Get! tid=0, seq=1, key=-account00000000000000000000000000000116(0992da3348a0b720c487a41a80aa7783f0cd4fdd4)
Letus Get! tid=0, seq=1, key=-account00000000000000000000000000000117(0691ddb23f41688ce3a29e886740276697a87dde2)
Letus Get! tid=0, seq=1, key=-account00000000000000000000000000000118(017632847c251c5b88d0f2bed1a670e28452b6846)
Letus Get! tid=0, seq=1, key=-account00000000000000000000000000000119(00309033f0749c1072a4da02d69adf29cce8588c9)
Letus Get! tid=0, seq=1, key=-account00000000000000000000000000000120(08511c61644ffc105287d2ad6dfa2b6278064fc78)
Letus Get! tid=0, seq=1, key=-account00000000000000000000000000000121(0d0017fbb1aa95395677873410414f219fb90a9c1)
Letus Get! tid=0, seq=1, key=-account00000000000000000000000000000122(0b2971054b1e1af260bb2ee980ad91d492401181c)
Letus Get! tid=0, seq=1, key=-account00000000000000000000000000000123(05482033aaa2b1fd0248702165b376cc382bdd594)
Letus Get! tid=0, seq=1, key=-account00000000000000000000000000000124(09b6bc9da3d3369d32947025e2e41a4e9f9064a1a)
Letus Get! tid=0, seq=1, key=-account00000000000000000000000000000125(00c6ece9ef3a0bc0c3404fd8ce90b019d9a14603c)
Letus Get! tid=0, seq=1, key=-account00000000000000000000000000000126(046b4090605e0d8aad50fb85ee73c5cfdc3b8c274)
Letus Get! tid=0, seq=1, key=-account00000000000000000000000000000127(073022ac64f0d336f1fca6b6ccb68daf69e433ebf)
Letus Get! tid=0, seq=1, key=-account00000000000000000000000000000128(097ddaa90bdedcd1da44e0492e6f3abd3e704193c)
Letus Get! tid=0, seq=1, key=-account00000000000000000000000000000129(0d18a3138ff991d2c4f47b90cabbb99910f11f6a5)
Letus Get! tid=0, seq=1, key=-account00000000000000000000000000000130(08f57b5a0b19363cfc586d067ebfe526f7c16d86c)
Letus Get! tid=0, seq=1, key=-account00000000000000000000000000000131(0ea998581c06455b6635a9a9d2c8653b04158872f)
Letus Get! tid=0, seq=1, key=-account00000000000000000000000000000132(06517b6fc81597a12200b393f6b02653fc346c0f8)
Letus Get! tid=0, seq=1, key=-account00000000000000000000000000000133(0f86c277380ccc34ba17e78b31d01b4207954f675)
Letus Get! tid=0, seq=1, key=-account00000000000000000000000000000134(024f169a467025034b4e74a74b4e4da10cb665c05)
Letus Get! tid=0, seq=1, key=-account00000000000000000000000000000135(0a4e6253d7e58a025686f478e402b641e4f6348cf)
Letus Get! tid=0, seq=1, key=-account00000000000000000000000000000136(0e53d377f2511d9fd7dedc63ff5d40e811fe3d9d0)
Letus Get! tid=0, seq=1, key=-account00000000000000000000000000000137(0c5f61fb072750dd8a30e007ad252d08fdd333d8e)
Letus Get! tid=0, seq=1, key=-account00000000000000000000000000000138(07b9bbe577077e64ccc7eb317eed1705aa538927d)
Letus Get! tid=0, seq=1, key=-account00000000000000000000000000000139(0f9aeeea1f0d723a7e02338a694793d33c140d561)
Letus Get! tid=0, seq=1, key=-account00000000000000000000000000000140(03e8ea67893c849ef0c7944bea90066c765ea4ff6)
Letus Get! tid=0, seq=1, key=-account00000000000000000000000000000141(0a7905188f9c1250ef90f6f7d2352a15e22536698)
Letus Get! tid=0, seq=1, key=-account00000000000000000000000000000142(0c7956f4706dbec573168765c76077cad2c83471a)
Letus Get! tid=0, seq=1, key=-account00000000000000000000000000000143(096979e927b0877cf5b431f5928d3b7c1fe2c9ce6)
Letus Get! tid=0, seq=1, key=-account00000000000000000000000000000144(08b26d766c473738e2b24b0e1d0f4d72de45bb59d)
Letus Get! tid=0, seq=1, key=-account00000000000000000000000000000145(0974e195bbbea4419f2fbaca954c602a7dc630f5c)
Letus Get! tid=0, seq=1, key=-account00000000000000000000000000000146(0c76efa32ed7ff2f02a642721cff289265e503216)
Letus Get! tid=0, seq=1, key=-account00000000000000000000000000000147(033f457cf5b20dc8a3b34c9603e930228905c9e01)
Letus Get! tid=0, seq=1, key=-account00000000000000000000000000000148(0570e05b8d7a24ba411d3493dc568ed7b8323c723)
Letus Get! tid=0, seq=1, key=-account00000000000000000000000000000149(06bcc6e0ce890f4b90878ffa6357fb16bfa539b93)
Letus Get! tid=0, seq=1, key=-account00000000000000000000000000000150(0ee542f741b93cf5dbbe07a57ae182df2dfeae7fd)
Letus Get! tid=0, seq=1, key=-account00000000000000000000000000000151(03141fc449918803c4813ec69d109bc66362a3854)
Letus Get! tid=0, seq=1, key=-account00000000000000000000000000000152(030cf57ba4bc3b04cf557d5a23bfbcac78ac656fd)
Letus Get! tid=0, seq=1, key=-account00000000000000000000000000000153(05e0776a801edc8dcded56cf8d94502b5f47294da)
Letus Get! tid=0, seq=1, key=-account00000000000000000000000000000154(04fbd318a6ba3ec3681875993876e1b6bbd6a67b6)
Letus Get! tid=0, seq=1, key=-account00000000000000000000000000000155(0501ab60ce2eb13f59cb164cb96da299cc8074410)
Letus Get! tid=0, seq=1, key=-account00000000000000000000000000000156(0610c5fb57d2ed88c751ab49a457c23b7e4e16460)
Letus Get! tid=0, seq=1, key=-account00000000000000000000000000000157(08bad8db2ad4ed8070a0296b51163abdef284e587)
Letus Get! tid=0, seq=1, key=-account00000000000000000000000000000158(01a9db9e2e071529be52dcf209d00c7136f5d9df3)
Letus Get! tid=0, seq=1, key=-account00000000000000000000000000000159(078e6f8a6962af5c23233820705941183ff454e7f)
Letus Get! tid=0, seq=1, key=-account00000000000000000000000000000160(02e871620b5b6d609409240d91da9275c8eda9768)
Letus Get! tid=0, seq=1, key=-account00000000000000000000000000000161(03e5eaa31c6f39a8f005dcc78ac5538a72a138f34)
Letus Get! tid=0, seq=1, key=-account00000000000000000000000000000162(079e7c93461a8c77d3d8639e3bb264c822a1d3cac)
Letus Get! tid=0, seq=1, key=-account00000000000000000000000000000163(0a4dd9cc9accf3c18aa1f2eb0a8e7bf8bcc3e4936)
Letus Get! tid=0, seq=1, key=-account00000000000000000000000000000164(0326fd984f6175e54763b58530a6b4c518a101aac)
Letus Get! tid=0, seq=1, key=-account00000000000000000000000000000165(00bfb76f4f877e5e07658609e1b1d3dd3df8dcba5)
Letus Get! tid=0, seq=1, key=-account00000000000000000000000000000166(084dfc4929181d29f3cb54dac75fa5030e1c3c16e)
Letus Get! tid=0, seq=1, key=-account00000000000000000000000000000167(02c903ad3bcc7d36d1afdabc5ed07e23cc54f0f5a)
Letus Get! tid=0, seq=1, key=-account00000000000000000000000000000168(067595fc950239287e663a682b89ba8cf3e13f4f9)
Letus Get! tid=0, seq=1, key=-account00000000000000000000000000000169(00cf694cbf276ee2d813ab0d15d232aa166ecb2e8)
Letus Get! tid=0, seq=1, key=-account00000000000000000000000000000170(0739db48202d1ef9db26925be1d7121836f980f76)
Letus Get! tid=0, seq=1, key=-account00000000000000000000000000000171(003102b6273aad5816ca345ab18d30627c711930d)
Letus Get! tid=0, seq=1, key=-account00000000000000000000000000000172(05cff71bb1cf7befe9da54a7db8b23b1fbe09227c)
Letus Get! tid=0, seq=1, key=-account00000000000000000000000000000173(0089730ea793af659457c178369ee563fe8f4abee)
Letus Get! tid=0, seq=1, key=-account00000000000000000000000000000174(030f36dd80a5635d6e9cd69b4069a3fa8dcaf1f44)
Letus Get! tid=0, seq=1, key=-account00000000000000000000000000000175(0fad4e5d7c047bd6456170be0d72a2a37545c34e9)
Letus Get! tid=0, seq=1, key=-account00000000000000000000000000000176(06297075a41a876ded23d9cd407b2de56d92d9a27)
Letus Get! tid=0, seq=1, key=-account00000000000000000000000000000177(03417be8e0677665887389e9b2125ef01760ea13f)
Letus Get! tid=0, seq=1, key=-account00000000000000000000000000000178(069e6ffaee0e0b8a4bc0b59cb7b35f5a60a3052bd)
Letus Get! tid=0, seq=1, key=-account00000000000000000000000000000179(0e539878b6e0f2467d1abe112c5b9438df2af9503)
Letus Get! tid=0, seq=1, key=-account00000000000000000000000000000180(05df7a0de28111a5649347ba1b468a03a9584b0df)
Letus Get! tid=0, seq=1, key=-account00000000000000000000000000000181(0d861b9dcb3f8821e399371bfe5ab25b8742031e6)
Letus Get! tid=0, seq=1, key=-account00000000000000000000000000000182(08e873efc326253dcb2539a73a8c6766afef19fae)
Letus Get! tid=0, seq=1, key=-account00000000000000000000000000000183(0aadd33725ffef0f43fdd890cd51a5d333a64ec9d)
Letus Get! tid=0, seq=1, key=-account00000000000000000000000000000184(08569154f687033be7e74e945283c434d88614697)
Letus Get! tid=0, seq=1, key=-account00000000000000000000000000000185(02786411f1bc3c441ce097a8908c7f82c994984a0)
Letus Get! tid=0, seq=1, key=-account00000000000000000000000000000186(0b3ded59b5dec49f6655773d48ab03113850f46c6)
Letus Get! tid=0, seq=1, key=-account00000000000000000000000000000187(039918142c14c55a17ab7f9ad79a6f68a7a6f3db9)
Letus Get! tid=0, seq=1, key=-account00000000000000000000000000000188(08af4cfca311f9a6bded9913c263b23f2ae0879db)
Letus Get! tid=0, seq=1, key=-account00000000000000000000000000000189(0672bcb720ebc7c7d8161ab00e67483d9874fab5d)
Letus Get! tid=0, seq=1, key=-account00000000000000000000000000000190(0cf8b6395732116ce99d4ca1afff4f1d404694af2)
Letus Get! tid=0, seq=1, key=-account00000000000000000000000000000191(0a77f537392e3f7cf108b062264304237dd20cfca)
Letus Get! tid=0, seq=1, key=-account00000000000000000000000000000192(094fbc843b9c900c93d5a7bcab9be045498803b1d)
Letus Get! tid=0, seq=1, key=-account00000000000000000000000000000193(07ec3f4e6d385a8131979e6d7ecae1b04fd0a6f4b)
Letus Get! tid=0, seq=1, key=-account00000000000000000000000000000194(0d03ae6e8962a5d2201e0a021a40fadc9b7ab2080)
Letus Get! tid=0, seq=1, key=-account00000000000000000000000000000195(02758ebb1cfe3e0f7ca41152ed9aea3f661a30ee9)
Letus Get! tid=0, seq=1, key=-account00000000000000000000000000000196(0b772496e8a86cdb7e86532557786d0d729764858)
Letus Get! tid=0, seq=1, key=-account00000000000000000000000000000197(0b0f2a9be1e617d253b990604daec52aca7aaf5c1)
Letus Get! tid=0, seq=1, key=-account00000000000000000000000000000198(03c342cffe9a97455583d30c4d5196faf6bbd1475)
Letus Get! tid=0, seq=1, key=-account00000000000000000000000000000199(0e920316a50238cb442c23b2ad3e6fc3febe4430e)
Letus Get! tid=0, seq=1, key=-account00000000000000000000000000000200(0e6c16c734278103c2fa284bc14c3e1ad28196f8a)
Letus Get! tid=0, seq=1, key=-account00000000000000000000000000000201(0da7142e758c648f61a69dcb7aac74cc1051e5731)
Letus Get! tid=0, seq=1, key=-account00000000000000000000000000000202(0d4156157afb21b60c5e9f3b9574919576846d32d)
Letus Get! tid=0, seq=1, key=-account00000000000000000000000000000203(0999e2212a934cedad28e88b0d099948bbbba6e00)
Letus Get! tid=0, seq=1, key=-account00000000000000000000000000000204(04d26cfc4c15aa1edcee712d4f59514b29933693d)
Letus Get! tid=0, seq=1, key=-account00000000000000000000000000000205(0ec62ec216d58203cd05e2dd4cbe4a6c561dbb886)
Letus Get! tid=0, seq=1, key=-account00000000000000000000000000000206(0a7005b5b8ee5fa640af7c10dc5de8702c291a46c)
Letus Get! tid=0, seq=1, key=-account00000000000000000000000000000207(0cfdd4dad9ff1b4c40b84c99495b3b4f924bcb435)
Letus Get! tid=0, seq=1, key=-account00000000000000000000000000000208(0d4c1b2e58f2e8f7f76263d02128a50076a33fe9b)
Letus Get! tid=0, seq=1, key=-account00000000000000000000000000000209(08e54e83a97bd27c30a412eb1966735b801228617)
Letus Get! tid=0, seq=1, key=-account00000000000000000000000000000210(0e31fa4af779224d50039f048dcc89a2c660dae71)
Letus Get! tid=0, seq=1, key=-account00000000000000000000000000000211(027340594b3bc611f90117dd305762bd05afb2ce0)
Letus Get! tid=0, seq=1, key=-account00000000000000000000000000000212(04f522b18e6345c56aacd7778acc984abb7c1d935)
Letus Get! tid=0, seq=1, key=-account00000000000000000000000000000213(041c584631dc492cba6ac3565fed13946a045e63f)
Letus Get! tid=0, seq=1, key=-account00000000000000000000000000000214(03ca3e701991cf8e5306de6acee17a23c4514c6be)
Letus Get! tid=0, seq=1, key=-account00000000000000000000000000000215(0d1d9b710aea77248909791c1e8bad39dfc53212b)
Letus Get! tid=0, seq=1, key=-account00000000000000000000000000000216(0c2cd9c31e558f07bf4f355df69dee33eb5496ba3)
Letus Get! tid=0, seq=1, key=-account00000000000000000000000000000217(0fcb7fcbeb3bf1f7c50a8aa5d2475e1b93e394ffe)
Letus Get! tid=0, seq=1, key=-account00000000000000000000000000000218(05689ab7fa752955434da1b994368f582ad70d3e3)
Letus Get! tid=0, seq=1, key=-account00000000000000000000000000000219(068ad3cc1131f42b1f465d3929b1eea9c05c1c710)
Letus Get! tid=0, seq=1, key=-account00000000000000000000000000000220(0c2dc086672c76f045bf124e86f03bfbdaa8ef7d3)
Letus Get! tid=0, seq=1, key=-account00000000000000000000000000000221(07c0ef04f01625ddcbb2aa769b545178fbd89069b)
Letus Get! tid=0, seq=1, key=-account00000000000000000000000000000222(0ed49305956998e8585d2e3096a191089bbb7171d)
Letus Get! tid=0, seq=1, key=-account00000000000000000000000000000223(0dff396361a35d9894c83e2a2487d53cb4d958723)
Letus Get! tid=0, seq=1, key=-account00000000000000000000000000000224(01ee0775d42bf598dd83fd83416ea359cf3c6e536)
Letus Get! tid=0, seq=1, key=-account00000000000000000000000000000225(040c025dc35bbb7bdaf4c4513f767709c2d49be3d)
Letus Get! tid=0, seq=1, key=-account00000000000000000000000000000226(05b6988803049ceaedebc2c081c0d3d9a1e4608d5)
Letus Get! tid=0, seq=1, key=-account00000000000000000000000000000227(0ae59770c89e0b6b99dfcbac91e7321bc84f4dc35)
Letus Get! tid=0, seq=1, key=-account00000000000000000000000000000228(0fff8c0d0e9aa3d4388c8d0d861c71a4077772b4b)
Letus Get! tid=0, seq=1, key=-account00000000000000000000000000000229(05991940e519342fbfaaae97def7344f4e9d2042a)
Letus Get! tid=0, seq=1, key=-account00000000000000000000000000000230(03c0e666cdd13836eae81fdca4ba8152522d15d2e)
Letus Get! tid=0, seq=1, key=-account00000000000000000000000000000231(084207612cc96aed535ba2ea173ae5246733d8666)
Letus Get! tid=0, seq=1, key=-account00000000000000000000000000000232(046fdfdb52be7bb9aa9112fb4dcac466ea2f555c5)
Letus Get! tid=0, seq=1, key=-account00000000000000000000000000000233(015668ac79dba244cacd211e536c8bc555aaa48fd)
Letus Get! tid=0, seq=1, key=-account00000000000000000000000000000234(09ae1f433fcda67217ef45e84fe079c1041fd34df)
Letus Get! tid=0, seq=1, key=-account00000000000000000000000000000235(015d699112924655c00b8dfd06aa19dccc057ce58)
Letus Get! tid=0, seq=1, key=-account00000000000000000000000000000236(0b23831a77dad77c5846104805456301413acd878)
Letus Get! tid=0, seq=1, key=-account00000000000000000000000000000237(009f6b60d0e960c4459fbfc8c04384850ee88a4b0)
Letus Get! tid=0, seq=1, key=-account00000000000000000000000000000238(00e8e8a68f498684c1dbea625cd766da0a07a3a01)
Letus Get! tid=0, seq=1, key=-account00000000000000000000000000000239(0b57f5cbfde529aed55430fa6ce9e34d3b1c6c1e8)
Letus Get! tid=0, seq=1, key=-account00000000000000000000000000000240(06b8786c9ceb951d7ad36537aab381a9b282bd720)
Letus Get! tid=0, seq=1, key=-account00000000000000000000000000000241(03499f8426555744bef6190d2509ccf876d092ba8)
Letus Get! tid=0, seq=1, key=-account00000000000000000000000000000242(01b34d942c8d23a2fc379ee47ac38a09d9935d2f5)
Letus Get! tid=0, seq=1, key=-account00000000000000000000000000000243(0546ad38bcfbb24e075a473e6de02950892c34052)
Letus Get! tid=0, seq=1, key=-account00000000000000000000000000000244(09c1cd4c1ecfd8dd547de54a07b0232198c47f57b)
Letus Get! tid=0, seq=1, key=-account00000000000000000000000000000245(0de5c6363e098cbdce765528645d0d792c2781f1e)
Letus Get! tid=0, seq=1, key=-account00000000000000000000000000000246(0a9abe078750dce7c9227ca1d01adc2b9b28050b7)
Letus Get! tid=0, seq=1, key=-account00000000000000000000000000000247(0dc72c8fd6b1fec64dd839e6f9e61c5e2ff2b453f)
Letus Get! tid=0, seq=1, key=-account00000000000000000000000000000248(0252bb51963ed9b0d9794cf08cca5bb12563ea570)
Letus Get! tid=0, seq=1, key=-account00000000000000000000000000000249(0f2c6bfc2817f57c8d96dd4f9e6b86dd2f89b8212)
Letus Get! tid=0, seq=1, key=-account00000000000000000000000000000250(05e74b1311a6e26c796cf1a69fcc6bda5eb91fc39)
Letus Get! tid=0, seq=1, key=-account00000000000000000000000000000251(08a355ce93971d52ce5265752a88a6a7c4ba5afe1)
Letus Get! tid=0, seq=1, key=-account00000000000000000000000000000252(04f80d5cbad7085a26c61f3b0819391db420a3ba6)
Letus Get! tid=0, seq=1, key=-account00000000000000000000000000000253(02497f293899c7d47b15242de573357594dda91e2)
Letus Get! tid=0, seq=1, key=-account00000000000000000000000000000254(02a28c79c6fb5bc87b564bd283297571ae87c44dc)
Letus Get! tid=0, seq=1, key=-account00000000000000000000000000000255(0758ca8779a47cc03dffa163039581dfef011c30c)
Letus Get! tid=0, seq=1, key=-account00000000000000000000000000000256(0907c4cd48953dff7c828ce427452371f6415b25f)
Letus Get! tid=0, seq=1, key=-account00000000000000000000000000000257(086e13b62ba7f988630ab3df9477881c5a04a9498)
Letus Get! tid=0, seq=1, key=-account00000000000000000000000000000258(0448ed6ab9ce499478e7558848f4cd75ab442b8fc)
Letus Get! tid=0, seq=1, key=-account00000000000000000000000000000259(0bcda67d2438870930b593566ed23f29d51412d70)
Letus Get! tid=0, seq=1, key=-account00000000000000000000000000000260(0cc56957c3551261c9158a96e9f97ba91f0f29a84)
Letus Get! tid=0, seq=1, key=-account00000000000000000000000000000261(02ce2901fa864f9e6bf311f5dffd132007780afd0)
Letus Get! tid=0, seq=1, key=-account00000000000000000000000000000262(0e938bcddb4fc8e7107cb3e51c48132865bd255ec)
Letus Get! tid=0, seq=1, key=-account00000000000000000000000000000263(0cfd05605811a27162473cd67eba2c737c1e4082a)
Letus Get! tid=0, seq=1, key=-account00000000000000000000000000000264(06202f0f3127fa29d2f2b8d6b78a29382ee5266fc)
Letus Get! tid=0, seq=1, key=-account00000000000000000000000000000265(0fcc6f7c7c7adf70b335b32b72b8eb1f1c51d711b)
Letus Get! tid=0, seq=1, key=-account00000000000000000000000000000266(0cd0641fb821e64282427267d0586cb51187fcd94)
Letus Get! tid=0, seq=1, key=-account00000000000000000000000000000267(09130365a3c2f9ad27fd1bdc5d615d8d5e1ba70dc)
Letus Get! tid=0, seq=1, key=-account00000000000000000000000000000268(0176c593615000991d3284b3c9d8204262db1b24c)
Letus Get! tid=0, seq=1, key=-account00000000000000000000000000000269(0930723c29251bd4b44fb81ae40dbbbe8353d5f58)
Letus Get! tid=0, seq=1, key=-account00000000000000000000000000000270(08c78b739ff2da65a8bda09d03a3de8bc2a44c215)
Letus Get! tid=0, seq=1, key=-account00000000000000000000000000000271(06f72f56ab88d906d0e3e061c4625181361ad45ca)
Letus Get! tid=0, seq=1, key=-account00000000000000000000000000000272(0afbb4d0a55f0f75aa283d1a5222ef9dfd67c1a27)
Letus Get! tid=0, seq=1, key=-account00000000000000000000000000000273(0f6a0eb2499fc8c4dc6e1109bbdd880481bda079e)
Letus Get! tid=0, seq=1, key=-account00000000000000000000000000000274(0d15a4f6de7454cc00dcb9f5e7a87547266db2f3b)
Letus Get! tid=0, seq=1, key=-account00000000000000000000000000000275(00f24466c5031fdd2b370635fcfd6a8eac4da9a81)
Letus Get! tid=0, seq=1, key=-account00000000000000000000000000000276(025391e327b9dac67520faa33525acf0da27408da)
Letus Get! tid=0, seq=1, key=-account00000000000000000000000000000277(0b7e61d9beecefe2bd9b98ff96b03e7848373e4aa)
Letus Get! tid=0, seq=1, key=-account00000000000000000000000000000278(05884da2a504a5ccb9a294f04ab7d57614781387a)
Letus Get! tid=0, seq=1, key=-account00000000000000000000000000000279(0bf0756b5b88ad3b31e9cdac67e9c3dc6ec0229a1)
Letus Get! tid=0, seq=1, key=-account00000000000000000000000000000280(01c8d5c12e527f6f671a355432f20663d371b17dd)
Letus Get! tid=0, seq=1, key=-account00000000000000000000000000000281(0456033b0f42176880b04e9aae5aac490645cc7d0)
Letus Get! tid=0, seq=1, key=-account00000000000000000000000000000282(0b9028254ed5fc0e0a1ebbf393ab32849833b06e1)
Letus Get! tid=0, seq=1, key=-account00000000000000000000000000000283(094b437e9caf828eea889cdf0c91f8f71bb42285a)
Letus Get! tid=0, seq=1, key=-account00000000000000000000000000000284(01147362f8b3fdbb027fe4e2854b73eee710ddf4c)
Letus Get! tid=0, seq=1, key=-account00000000000000000000000000000285(07a2fd30bda93b53b08bd2c1f7538d3cd3e9b10a5)
Letus Get! tid=0, seq=1, key=-account00000000000000000000000000000286(02a4307c3fc90dfa1dd74c14b933cf68fd6916d8e)
Letus Get! tid=0, seq=1, key=-account00000000000000000000000000000287(0255233846df830354d047a33c2474724a9de6e09)
Letus Get! tid=0, seq=1, key=-account00000000000000000000000000000288(066532a8d972078930b437450289150a62f2a9f3a)
Letus Get! tid=0, seq=1, key=-account00000000000000000000000000000289(07d5b306cc453e0f16b3aa893c2108976fd89c397)
Letus Get! tid=0, seq=1, key=-account00000000000000000000000000000290(0cb37187d74b605812e404d6c3b32c89a80f1df54)
Letus Get! tid=0, seq=1, key=-account00000000000000000000000000000291(013cdfb9ac2055cfeccae9b36228019adbf3612fd)
Letus Get! tid=0, seq=1, key=-account00000000000000000000000000000292(015846df0995be93a6cc5073bdc44fbab96025b43)
Letus Get! tid=0, seq=1, key=-account00000000000000000000000000000293(0dbd492bda75c2f1b55bfa5c2c2f6e7f37e319b37)
Letus Get! tid=0, seq=1, key=-account00000000000000000000000000000294(06aa54fe61c6fecd992e9b409d3517cd8ec5c3a9a)
Letus Get! tid=0, seq=1, key=-account00000000000000000000000000000295(0b7a6852f62e89e058633d5fa5da83cd9a179d623)
Letus Get! tid=0, seq=1, key=-account00000000000000000000000000000296(06602d54ca9cb6f390e074d88d08147d0ccf01b43)
Letus Get! tid=0, seq=1, key=-account00000000000000000000000000000297(06605c345a5d4b70921a26415c5642d49c6a8e3d6)
Letus Get! tid=0, seq=1, key=-account00000000000000000000000000000298(0d94c93ed843f1854bc747a43a631961b51e2a397)
Letus Get! tid=0, seq=1, key=-account00000000000000000000000000000299(0291eb46dfd6e7238e24693e445e17fd606e8326c)
Letus Get! tid=0, seq=1, key=-account00000000000000000000000000000300(0b106ebd8f2ddfeba91cc52161b47414169b83bb5)
Letus Get! tid=0, seq=1, key=-account00000000000000000000000000000301(0d4506047f63bafa00fa19930ecb2d4042f286732)
Letus Get! tid=0, seq=1, key=-account00000000000000000000000000000302(098cb753706d0d632351a26535a8ad84ccfa6b800)
Letus Get! tid=0, seq=1, key=-account00000000000000000000000000000303(0c6fa23002fdabdd67beb777ca297fdfee67fdfcf)
Letus Get! tid=0, seq=1, key=-account00000000000000000000000000000304(0d4b679a9b3d0e1192ba21fc5a9af3d14f3dc4fd1)
Letus Get! tid=0, seq=1, key=-account00000000000000000000000000000305(0edca8cda9106a15944725bb672e6f8b03117af14)
Letus Get! tid=0, seq=1, key=-account00000000000000000000000000000306(07fe3dd98f669c3765eeee0613e166494c5f7d03a)
Letus Get! tid=0, seq=1, key=-account00000000000000000000000000000307(0a52284eab4391b05b5764941c894567ec4b8626e)
Letus Get! tid=0, seq=1, key=-account00000000000000000000000000000308(0e33ed54d5c5350defd7d3d4e334fc202efe20c55)
Letus Get! tid=0, seq=1, key=-account00000000000000000000000000000309(0a84e83c54b5588aceb77c38d43515b4ddc4615a7)
Letus Get! tid=0, seq=1, key=-account00000000000000000000000000000310(0b8078e6634cb2405fc2642a092f07cf276aab178)
Letus Get! tid=0, seq=1, key=-account00000000000000000000000000000311(0c41fbc7a0062dc51fd38343908b9d1e2542ec9d5)
Letus Get! tid=0, seq=1, key=-account00000000000000000000000000000312(0200e1f19dbfa4483a64602e796c5b7b61214eaef)
Letus Get! tid=0, seq=1, key=-account00000000000000000000000000000313(0ac7ed44e8641bbd6c813850d37162435e376685d)
Letus Get! tid=0, seq=1, key=-account00000000000000000000000000000314(0cd263dbf82eadd1ac65c92738b987e292038242f)
Letus Get! tid=0, seq=1, key=-account00000000000000000000000000000315(005afe510fb688d741055b4f3f04d6e09202b960d)
Letus Get! tid=0, seq=1, key=-account00000000000000000000000000000316(03f9f2234467f06edf49d6088b38d2e8733982ce2)
Letus Get! tid=0, seq=1, key=-account00000000000000000000000000000317(04420a28ee2f9968e1e10e58668dad2d10c404fb8)
Letus Get! tid=0, seq=1, key=-account00000000000000000000000000000318(05294e98364eb0e58dd38158b63ce1d73de0d1e0b)
Letus Get! tid=0, seq=1, key=-account00000000000000000000000000000319(0abf7a1e48b058d3029462db7052e36bae1e2f62f)
Letus Get! tid=0, seq=1, key=-account00000000000000000000000000000320(0da8d70e57810e7f02905e83420fea2f10a934d4c)
Letus Get! tid=0, seq=1, key=-account00000000000000000000000000000321(03305004550dd44ed70e9d918cf1994365e4ac04e)
Letus Get! tid=0, seq=1, key=-account00000000000000000000000000000322(0162a6f59244ab22414bd0619f9f1941ae6d49d41)
Letus Get! tid=0, seq=1, key=-account00000000000000000000000000000323(04ef669766ca2dfe7ca83b0715f17a9be61513793)
Letus Get! tid=0, seq=1, key=-account00000000000000000000000000000324(09c41b630741cab490c9a134151f73725ab91427e)
Letus Get! tid=0, seq=1, key=-account00000000000000000000000000000325(042ba94f8114ba48244334ba61457b441a81c06bd)
Letus Get! tid=0, seq=1, key=-account00000000000000000000000000000326(074131bb5df47d5d7b2d60e1a966ea5870d6cac65)
Letus Get! tid=0, seq=1, key=-account00000000000000000000000000000327(075fb7af1ebf4a1dbc1cb6695f1d344f1fdd7a7b9)
Letus Get! tid=0, seq=1, key=-account00000000000000000000000000000328(0e31a91829f1471dcaaa099effc5ecc6e4464c0d3)
Letus Get! tid=0, seq=1, key=-account00000000000000000000000000000329(05b7cd565347ee37883195df764195c613cfc98a1)
Letus Get! tid=0, seq=1, key=-account00000000000000000000000000000330(0b425ab2c52bf4c01cedcba6f970f623fb2e4571f)
Letus Get! tid=0, seq=1, key=-account00000000000000000000000000000331(04f8ac67754c6660ccc3c97261544f32990fc347e)
Letus Get! tid=0, seq=1, key=-account00000000000000000000000000000332(00064b3fbd05705ffababb0bfb3260609c68ad5e6)
Letus Get! tid=0, seq=1, key=-account00000000000000000000000000000333(0d68d62b07bf2165ad27f5103bebbd9d727875ae2)
Letus Get! tid=0, seq=1, key=-account00000000000000000000000000000334(0ffcf5214ba272d07ab184e0e04f17b305afed99e)
Letus Get! tid=0, seq=1, key=-account00000000000000000000000000000335(0479997a04532be0b00d9690a2af28650f18a60e5)
Letus Get! tid=0, seq=1, key=-account00000000000000000000000000000336(062d06ddbaedf755f5f6dbfa6449f4eefebf140b0)
Letus Get! tid=0, seq=1, key=-account00000000000000000000000000000337(0c8eb62b2658485f9c5b41df94d4b0dcb198cb8a6)
Letus Get! tid=0, seq=1, key=-account00000000000000000000000000000338(0efcfb76b379cc94467bc5a0d8eff50cd97243949)
Letus Get! tid=0, seq=1, key=-account00000000000000000000000000000339(0b57f3b99ad28a194ccc93fa8bea5a31888c2ac42)
Letus Get! tid=0, seq=1, key=-account00000000000000000000000000000340(0139e6e58e0d4db4cc86dcd667fd539f7e681a1eb)
Letus Get! tid=0, seq=1, key=-account00000000000000000000000000000341(05f788cb5612b7db91274b324fcc30f8ab3435397)
Letus Get! tid=0, seq=1, key=-account00000000000000000000000000000342(01ed57a176c77cfbabfd890f4f8555d091ae07e4c)
Letus Get! tid=0, seq=1, key=-account00000000000000000000000000000343(014224e32f2eaef2057b2ebf93b673fa4965cfe31)
Letus Get! tid=0, seq=1, key=-account00000000000000000000000000000344(003b1b70a6bac148553ecb4fa8f9198bf8d6d6925)
Letus Get! tid=0, seq=1, key=-account00000000000000000000000000000345(02a6dfc886821b8b87c066fd9bb6b0f2b14ede5e0)
Letus Get! tid=0, seq=1, key=-account00000000000000000000000000000346(0c9b4f8e3f2618e0075615664f524f82deda079d3)
Letus Get! tid=0, seq=1, key=-account00000000000000000000000000000347(0c73e8f7601a740e126b36876236d610021a9caa1)
Letus Get! tid=0, seq=1, key=-account00000000000000000000000000000348(0f506aa977ed9623d6d9b7057f54483bec4f0edf5)
Letus Get! tid=0, seq=1, key=-account00000000000000000000000000000349(070c0ac2480fdaa8a8a376adc27e2e1590bda8f69)
Letus Get! tid=0, seq=1, key=-account00000000000000000000000000000350(08742fc50358235a4ec856d0cd326ea7698b5db48)
Letus Get! tid=0, seq=1, key=-account00000000000000000000000000000351(0420777827eea37f47fc5c31af33578052a7b111e)
Letus Get! tid=0, seq=1, key=-account00000000000000000000000000000352(075e99c444a027106017819e332ef0f8717fbc665)
Letus Get! tid=0, seq=1, key=-account00000000000000000000000000000353(07a62dd558aba16a9119ffa2b3b8af2e00151668a)
Letus Get! tid=0, seq=1, key=-account00000000000000000000000000000354(0b85af87bd6c722f0b6cb087abb536863f92fd90f)
Letus Get! tid=0, seq=1, key=-account00000000000000000000000000000355(0ad54c54c1e581942e61bdda1015408cd333bdba3)
Letus Get! tid=0, seq=1, key=-account00000000000000000000000000000356(020d4a68804205ed4e3a511bcc46b99a237c4b155)
Letus Get! tid=0, seq=1, key=-account00000000000000000000000000000357(0c2ed5a50ea64eedff8d1c58368c8c994786832a8)
Letus Get! tid=0, seq=1, key=-account00000000000000000000000000000358(0addfa3328fc6e3ff3bc4b4d6418378da4fc45928)
Letus Get! tid=0, seq=1, key=-account00000000000000000000000000000359(0d64e4fc4b0bd3a3876f50b9d0baba08ec28823ed)
Letus Get! tid=0, seq=1, key=-account00000000000000000000000000000360(01b10a4a5d9eae3ab0f54865546573323e2ba9d78)
Letus Get! tid=0, seq=1, key=-account00000000000000000000000000000361(0f27f0e63d224b5ccc5f274b88d8faad1826e6e2d)
Letus Get! tid=0, seq=1, key=-account00000000000000000000000000000362(05d3f730b67110fd0b571c54d8a06429f4e4b86ad)
Letus Get! tid=0, seq=1, key=-account00000000000000000000000000000363(002eefb9e4a3045094c2b0b4b32f508ea55da9b16)
Letus Get! tid=0, seq=1, key=-account00000000000000000000000000000364(02f1d699043193d570fa109a28d5907075e1d1e3f)
Letus Get! tid=0, seq=1, key=-account00000000000000000000000000000365(075e477737bb3b02815bb368320d3704f707152e3)
Letus Get! tid=0, seq=1, key=-account00000000000000000000000000000366(0350599f89653866c8861b03c1862216216c0babc)
Letus Get! tid=0, seq=1, key=-account00000000000000000000000000000367(0b4dd307d5007d7c3e70d91a1f39bc23ad0a68666)
Letus Get! tid=0, seq=1, key=-account00000000000000000000000000000368(04a941f4c18907b18815b94d520f21fd9ab5652cd)
Letus Get! tid=0, seq=1, key=-account00000000000000000000000000000369(0fe1ac1425197f8cd514a12727ae4ec228ae5faf8)
Letus Get! tid=0, seq=1, key=-account00000000000000000000000000000370(0e8dd615ad8ad779874a75675aeed1f13af945944)
Letus Get! tid=0, seq=1, key=-account00000000000000000000000000000371(027a586e3df8516afe83c83db8777a13bfc5b2893)
Letus Get! tid=0, seq=1, key=-account00000000000000000000000000000372(04d45cb5b515ee3fb3b483f2776c68ae688b5d0e3)
Letus Get! tid=0, seq=1, key=-account00000000000000000000000000000373(01d653fcbdf083d3cdb8c5c0dfdd707e99eac8125)
Letus Get! tid=0, seq=1, key=-account00000000000000000000000000000374(056a5d35683de56cbac25d493df9a896183f0770e)
Letus Get! tid=0, seq=1, key=-account00000000000000000000000000000375(0275e1c49b2b6239718b7b9da624d12be1725130d)
Letus Get! tid=0, seq=1, key=-account00000000000000000000000000000376(0f9e208f9e1ca45881a0821077b1c5773f1f0bd2e)
Letus Get! tid=0, seq=1, key=-account00000000000000000000000000000377(0657edfd0f136266dae0e29988e551e0161aa227c)
Letus Get! tid=0, seq=1, key=-account00000000000000000000000000000378(087d7ad5d1c219cad5c6bae3809f2b8406c29ee45)
Letus Get! tid=0, seq=1, key=-account00000000000000000000000000000379(0ecc503e6f94522f754b1752ab433b8c3820adbec)
Letus Get! tid=0, seq=1, key=-account00000000000000000000000000000380(07797fc8de39f316794f62defd614acd8d0f5335a)
Letus Get! tid=0, seq=1, key=-account00000000000000000000000000000381(05432228493f77f30eaf93d0193261d11bba6aa7e)
Letus Get! tid=0, seq=1, key=-account00000000000000000000000000000382(0e0ce4482f48af5161f21f01ed1d26ca99f5bcff0)
Letus Get! tid=0, seq=1, key=-account00000000000000000000000000000383(0d3bf74ae8a933e4c32f4ac619585c234a42d6543)
Letus Get! tid=0, seq=1, key=-account00000000000000000000000000000384(0d1550db8d21fb61b9aff48439b55d7bb86b308f1)
Letus Get! tid=0, seq=1, key=-account00000000000000000000000000000385(079cdefddf076d12da30995582cda137f0045fc14)
Letus Get! tid=0, seq=1, key=-account00000000000000000000000000000386(023435ebdfba9903c32d35d410a3a1ea1e8d9839e)
Letus Get! tid=0, seq=1, key=-account00000000000000000000000000000387(0b0999794d0b11b56bd8827c7e82c3144d49db4e2)
Letus Get! tid=0, seq=1, key=-account00000000000000000000000000000388(0a208bc6a0b1272f44914c4631c4fa108aede1314)
Letus Get! tid=0, seq=1, key=-account00000000000000000000000000000389(04e41dcd4987a85af2d5d55523f8edb8b887185e0)
Letus Get! tid=0, seq=1, key=-account00000000000000000000000000000390(087d610f57b86f600e85331997179aca5966ee6b7)
Letus Get! tid=0, seq=1, key=-account00000000000000000000000000000391(05da2290a7fb5bf488348d7202380d87141a63bc4)
Letus Get! tid=0, seq=1, key=-account00000000000000000000000000000392(0b077da2c45b5aafa01b2d0532333b8cd7d8d758f)
Letus Get! tid=0, seq=1, key=-account00000000000000000000000000000393(0eaede53b294beeaf797ef28149f297cc87cfa11d)
Letus Get! tid=0, seq=1, key=-account00000000000000000000000000000394(095dcb02224e32dd317992a5e9a3bbfab988ebf19)
Letus Get! tid=0, seq=1, key=-account00000000000000000000000000000395(046893fd2c76f7b8fa084bd5033fa1f0c1c59f52b)
Letus Get! tid=0, seq=1, key=-account00000000000000000000000000000396(07bbfa6ae722c25e1cc2b3575354077cbd6edbcab)
Letus Get! tid=0, seq=1, key=-account00000000000000000000000000000397(08d33ce9a5b8c3a04001cf3c14b94ca581c0a88f4)
Letus Get! tid=0, seq=1, key=-account00000000000000000000000000000398(077f2b5d4a8cc344be8584a8ff11935f464d8e100)
Letus Get! tid=0, seq=1, key=-account00000000000000000000000000000399(07507c2f0f390ef6fbf9a718c46becf2cf3a66bd7)
Letus Get! tid=0, seq=1, key=-account00000000000000000000000000000400(0402ef113f3d343537a7d976f8e9956dda0c7ecd3)
Letus Get! tid=0, seq=1, key=-account00000000000000000000000000000401(0120f7590ec25f915041b35979d3d79b2810fbdfa)
Letus Get! tid=0, seq=1, key=-account00000000000000000000000000000402(0b92ccf8e82acc352638627f50b1afaefce1ce414)
Letus Get! tid=0, seq=1, key=-account00000000000000000000000000000403(09f0f3571061c08094caefe7247d3d6a5b7425318)
Letus Get! tid=0, seq=1, key=-account00000000000000000000000000000404(0aa970334d9f0039adbac852092b1fe319ed71482)
Letus Get! tid=0, seq=1, key=-account00000000000000000000000000000405(0467af2c47d761824d6a005cc75180eb562997fe4)
Letus Get! tid=0, seq=1, key=-account00000000000000000000000000000406(09d251bdb20f620d72fdbd9b57d1842c9ae64c76a)
Letus Get! tid=0, seq=1, key=-account00000000000000000000000000000407(0a28ab36b937dc443e49ceae8f53579ba322226f9)
Letus Get! tid=0, seq=1, key=-account00000000000000000000000000000408(0e5bfb48c6984a02c8d881a1f343f5b7deda974c3)
Letus Get! tid=0, seq=1, key=-account00000000000000000000000000000409(033c9cdc408ccb0ffd19e3246b44476291f7d1898)
Letus Get! tid=0, seq=1, key=-account00000000000000000000000000000410(0a208348aff04ce587361af928ceb2dbe4a5e38bd)
Letus Get! tid=0, seq=1, key=-account00000000000000000000000000000411(06e5f5f8d258e3d3fad3fd29ff35e4765d02db925)
Letus Get! tid=0, seq=1, key=-account00000000000000000000000000000412(016f9a3615f0d893920f07f6797435520013f83a5)
Letus Get! tid=0, seq=1, key=-account00000000000000000000000000000413(0c398da3ff3d5b509da7a647c844b493c7cb7e964)
Letus Get! tid=0, seq=1, key=-account00000000000000000000000000000414(0cd1eccc98a2acbd6ba6ab978ae1a265aa42f287a)
Letus Get! tid=0, seq=1, key=-account00000000000000000000000000000415(0a083c1bc57279bf8d49f1a5a6c6efc1c0d59566b)
Letus Get! tid=0, seq=1, key=-account00000000000000000000000000000416(0abf1c6f06a5f64c34654cdf53f430ce5863ff58c)
Letus Get! tid=0, seq=1, key=-account00000000000000000000000000000417(07bf310a028fdd54f9b2f2b8ac2abbe23e4bbc3c5)
Letus Get! tid=0, seq=1, key=-account00000000000000000000000000000418(050c272fdac99cd0d7ae27a6f07939b8b39844d5a)
Letus Get! tid=0, seq=1, key=-account00000000000000000000000000000419(010ada995b510bf6e38d91ec4b1d9abe9529d1048)
Letus Get! tid=0, seq=1, key=-account00000000000000000000000000000420(03f05a08c6a2b5450136e54e930a5d479427496c9)
Letus Get! tid=0, seq=1, key=-account00000000000000000000000000000421(081fdf2a62a4d7b736779a91d514f4d1c6e7e8e52)
Letus Get! tid=0, seq=1, key=-account00000000000000000000000000000422(0b0411a64be0a82027da75bbc0370ffacd35e6396)
Letus Get! tid=0, seq=1, key=-account00000000000000000000000000000423(035861113148786fd8324a3efef63b3a08fd52248)
Letus Get! tid=0, seq=1, key=-account00000000000000000000000000000424(02358ec41fbf6aa672896b49edbb94607a052fa79)
Letus Get! tid=0, seq=1, key=-account00000000000000000000000000000425(0890af8fe8f5388d5042306873cb915ef4adbec3c)
Letus Get! tid=0, seq=1, key=-account00000000000000000000000000000426(05b5212a24cb7432038d120c64e8a6e8469d490a0)
Letus Get! tid=0, seq=1, key=-account00000000000000000000000000000427(045c9f2c87ba89de9262024ea13e6dc8df0799b8f)
Letus Get! tid=0, seq=1, key=-account00000000000000000000000000000428(08acaaf070d2412fa95f55795157ce68ff1364c7e)
Letus Get! tid=0, seq=1, key=-account00000000000000000000000000000429(050d0bd37570705d1f07eb954d2d054f074a394ee)
Letus Get! tid=0, seq=1, key=-account00000000000000000000000000000430(0aff9fc892e808893c5b84020a732e2ddd9fbd3b6)
Letus Get! tid=0, seq=1, key=-account00000000000000000000000000000431(04a22fbd9e3e94acd557363195a918f6133c2d44d)
Letus Get! tid=0, seq=1, key=-account00000000000000000000000000000432(04fa1797e57d2d134f78750bdef92db8a83504f09)
Letus Get! tid=0, seq=1, key=-account00000000000000000000000000000433(03760bab99b0f43cdc4d3441f516d78602b9fc08f)
Letus Get! tid=0, seq=1, key=-account00000000000000000000000000000434(05ffbec73fb3b2b1627699e6172ecdcaba55d5dfe)
Letus Get! tid=0, seq=1, key=-account00000000000000000000000000000435(0dc0f256c4e634698a2efe2971f84306b9ee0c7ad)
Letus Get! tid=0, seq=1, key=-account00000000000000000000000000000436(00c2705a8d6aef79f9e86ca6e7f48bd770a98f251)
Letus Get! tid=0, seq=1, key=-account00000000000000000000000000000437(03bf3ffcb9af81aee53505c90bad79aa37828fa6b)
Letus Get! tid=0, seq=1, key=-account00000000000000000000000000000438(0ca4c3ceae09595a8c8b32f4c57c0042d31c25fa4)
Letus Get! tid=0, seq=1, key=-account00000000000000000000000000000439(0723a303f4ac36b49d2335e4a767c6a7ed2f2c24b)
Letus Get! tid=0, seq=1, key=-account00000000000000000000000000000440(0f769b2292a92805b9f47887bcaebb6a3e00346a5)
Letus Get! tid=0, seq=1, key=-account00000000000000000000000000000441(04f4efaaaf1d218f9ffe1c60d9d52c5de6251518d)
Letus Get! tid=0, seq=1, key=-account00000000000000000000000000000442(09a223e536322e4b01364b5b33380aec966c5af22)
Letus Get! tid=0, seq=1, key=-account00000000000000000000000000000443(01e95aa1c9e7930c449f4caa7e7550756720e0717)
Letus Get! tid=0, seq=1, key=-account00000000000000000000000000000444(08d843b309322b38fbb735d1af642c2d9858c41cc)
Letus Get! tid=0, seq=1, key=-account00000000000000000000000000000445(0a1d2c1261d4cad335140cf20cefebfe3b8dfd4b9)
Letus Get! tid=0, seq=1, key=-account00000000000000000000000000000446(0d9a1563861146fc0eaa1dc1a0f690c03e3157093)
Letus Get! tid=0, seq=1, key=-account00000000000000000000000000000447(0ce18e9c8199fdff7c4753ffb28f156ad24b134a3)
Letus Get! tid=0, seq=1, key=-account00000000000000000000000000000448(0021c38328f20a29fab2ab6c0588e005f0904c737)
Letus Get! tid=0, seq=1, key=-account00000000000000000000000000000449(0adce0651cdc42ff1b8bbb07e5b5307c371bced17)
Letus Get! tid=0, seq=1, key=-account00000000000000000000000000000450(069c68ab6c9098b8d9469350ddb4a03843e5a9387)
Letus Get! tid=0, seq=1, key=-account00000000000000000000000000000451(0e254e5f9aee2c9005745e6ed00ce8f272831aded)
Letus Get! tid=0, seq=1, key=-account00000000000000000000000000000452(003bfcbd8cf096eb88b4412224c725b39e275aa83)
Letus Get! tid=0, seq=1, key=-account00000000000000000000000000000453(0627e49db87c67d7773ff5c4e00b5fe302ec1c4e9)
Letus Get! tid=0, seq=1, key=-account00000000000000000000000000000454(06b4a0791826b2ddc4e299772aa5a618cda22a2c0)
Letus Get! tid=0, seq=1, key=-account00000000000000000000000000000455(041bb792cf0407aa2daec9fdc4f7feb995e1c92f3)
Letus Get! tid=0, seq=1, key=-account00000000000000000000000000000456(01d2a886c136003dd56ad189d8ca79b06ae54a255)
Letus Get! tid=0, seq=1, key=-account00000000000000000000000000000457(04f889e50bb03f595aea242a41957ac73aad74905)
Letus Get! tid=0, seq=1, key=-account00000000000000000000000000000458(0c24bc15b021988563ec93809f5a0e603f52565b0)
Letus Get! tid=0, seq=1, key=-account00000000000000000000000000000459(09f9a909f0efd4926a9995464fc6ec199c70a1c55)
Letus Get! tid=0, seq=1, key=-account00000000000000000000000000000460(01a5ccecf1d55ccb745d5f7454cfc63964a72502e)
Letus Get! tid=0, seq=1, key=-account00000000000000000000000000000461(0e59ac46763b9fd0317e35b915a0d747c26ad7bc5)
Letus Get! tid=0, seq=1, key=-account00000000000000000000000000000462(0cc0b252905f9e42ae3b2618a6f379af2fbd16b08)
Letus Get! tid=0, seq=1, key=-account00000000000000000000000000000463(097998976ea8eeb1c97607b22789aa06bdce53024)
Letus Get! tid=0, seq=1, key=-account00000000000000000000000000000464(0b9187174511c8d3f2b62ae6ca8272fe8c3fd11e0)
Letus Get! tid=0, seq=1, key=-account00000000000000000000000000000465(026508c56901623fbde5f2776844d2b8714364e66)
Letus Get! tid=0, seq=1, key=-account00000000000000000000000000000466(0ff35ed59401d0d13a86e48c51032e95a3ee151ba)
Letus Get! tid=0, seq=1, key=-account00000000000000000000000000000467(0986b35b6d0673a02a1e9470c39a154f21a67a11f)
Letus Get! tid=0, seq=1, key=-account00000000000000000000000000000468(0b3e2009691e4c419347099e419ec0bf717535dcd)
Letus Get! tid=0, seq=1, key=-account00000000000000000000000000000469(06e65cb8a92264f26372399ce7446ce484881855d)
Letus Get! tid=0, seq=1, key=-account00000000000000000000000000000470(0f8fac0602691aea3a31dccf9df997b7f766b22bb)
Letus Get! tid=0, seq=1, key=-account00000000000000000000000000000471(0ed5bb57752e365ca8f42f7ad2e205e7acdde8a66)
Letus Get! tid=0, seq=1, key=-account00000000000000000000000000000472(0f6e69c7f37d9961f02e3cf002323ea1ded044dc0)
Letus Get! tid=0, seq=1, key=-account00000000000000000000000000000473(014f063e3df60f6eeebb81ab8bed969b71994c85d)
Letus Get! tid=0, seq=1, key=-account00000000000000000000000000000474(011e93c7525f8058631ae99323a89c1c84c18ad4c)
Letus Get! tid=0, seq=1, key=-account00000000000000000000000000000475(09e50f93e806943b0300e18588430d9d289deb85a)
Letus Get! tid=0, seq=1, key=-account00000000000000000000000000000476(0e7b4e1004d0bd9ecf688025ca6e53964b9e27d3b)
Letus Get! tid=0, seq=1, key=-account00000000000000000000000000000477(0ef34a6b748c9806967b7947808858e51c2a7c8b5)
Letus Get! tid=0, seq=1, key=-account00000000000000000000000000000478(08fe4fd12df9b69f550c049ea4ca3c070f1ef00e7)
Letus Get! tid=0, seq=1, key=-account00000000000000000000000000000479(0d47717c0d3c836c034c68caf13541ff9293d0bc7)
Letus Get! tid=0, seq=1, key=-account00000000000000000000000000000480(00d5978699dfadb05d55a6b92538af09cc75e3d8e)
Letus Get! tid=0, seq=1, key=-account00000000000000000000000000000481(055f522c62b18d404012c45fe46b365cf9eb809e5)
Letus Get! tid=0, seq=1, key=-account00000000000000000000000000000482(09416d60233bec7be585add2a9e1910d23d055c84)
Letus Get! tid=0, seq=1, key=-account00000000000000000000000000000483(0d50d1c8b94db3ec69de3c3734a895176c557f4fe)
Letus Get! tid=0, seq=1, key=-account00000000000000000000000000000484(0c2e9120dcaf0a2054bc8ce814f1b566552c4aa35)
Letus Get! tid=0, seq=1, key=-account00000000000000000000000000000485(0fb4ae3eadb175f89b27798890503162de0e32f2b)
Letus Get! tid=0, seq=1, key=-account00000000000000000000000000000486(0fc1a2c39687ba6b576df4c3cee5a523a6bfba1df)
Letus Get! tid=0, seq=1, key=-account00000000000000000000000000000487(06f38a7ce3bf54b25f032a37a294d649783a70e50)
Letus Get! tid=0, seq=1, key=-account00000000000000000000000000000488(08aac6b518d09e99495dc995633f3cdd8f3c9b52b)
Letus Get! tid=0, seq=1, key=-account00000000000000000000000000000489(0bba4ea124f30c30d192db8893b9a70a306818316)
Letus Get! tid=0, seq=1, key=-account00000000000000000000000000000490(0112ba6d0ba7ac94496a3ace81d8e8787c0eb67b3)
Letus Get! tid=0, seq=1, key=-account00000000000000000000000000000491(01eddd2b265bc35918c9e4d71d8f337fbf278b3c4)
Letus Get! tid=0, seq=1, key=-account00000000000000000000000000000492(0503542bd2c97ffce2ee9aaa056fd103de3c910c9)
Letus Get! tid=0, seq=1, key=-account00000000000000000000000000000493(0f3c4e216e35b39fff98f907f4b95b16e112c249c)
Letus Get! tid=0, seq=1, key=-account00000000000000000000000000000494(0e837b826d731b36eeee480b2f93ef3db62d5c41c)
Letus Get! tid=0, seq=1, key=-account00000000000000000000000000000495(04ccfe3a12f9fe5c662c2724f7bd7a0fbe7b9adb6)
Letus Get! tid=0, seq=1, key=-account00000000000000000000000000000496(0e32c6a56fe82514c02466537fe90f8a5fc66cc8a)
Letus Get! tid=0, seq=1, key=-account00000000000000000000000000000497(052e1a2897c91d494bd43acd243d1c15d14675cf9)
Letus Get! tid=0, seq=1, key=-account00000000000000000000000000000498(0cea99afa638a3b8a76d3d99b500c98a967f0a9d9)
Letus Get! tid=0, seq=1, key=-account00000000000000000000000000000499(06eded4b46b6e0cd8d54d294cc612813d499b761d)
Letus flush! version=1
after write seq_no:1
Letus Put! tid=0, seq=2, key=-account00000000000000000001000000000000(04fb1e9bba6c208e1d8e99cdc2d8546eb1ad69005)
Letus Put! tid=0, seq=2, key=-account00000000000000000001000000000001(0e562fc57fafbdcd3b9c8b1666f4de65ca37413b4)
Letus Put! tid=0, seq=2, key=-account00000000000000000001000000000002(0fb0f2b7c0aa58aaa9bd0eb27cf22b5263ed4281f)
Letus Put! tid=0, seq=2, key=-account00000000000000000001000000000003(0e2df3c5eeda5b255cfb8c5cee2235f5fd9e19777)
Letus Put! tid=0, seq=2, key=-account00000000000000000001000000000004(0e08a315fcded21a483709cae8fefa7de85a83365)
Letus Put! tid=0, seq=2, key=-account00000000000000000001000000000005(087bba27fcec9511e3cb2760795944b49d558bfea)
Letus Put! tid=0, seq=2, key=-account00000000000000000001000000000006(079f172fb08994a4b83e138aef1ff40c8e195b399)
Letus Put! tid=0, seq=2, key=-account00000000000000000001000000000007(0f6dd0d6fe5aa5008c53e718bb56e9cd682b66afc)
Letus Put! tid=0, seq=2, key=-account00000000000000000001000000000008(00db37a0ad9927972d249c9fef64a75f8661d8548)
Letus Put! tid=0, seq=2, key=-account00000000000000000001000000000009(08e26d46e2e8ba608dc384717ced1f213a51db34a)
Letus Put! tid=0, seq=2, key=-account00000000000000000001000000000010(054f78ea1f6c8b9e6de5d2a99d53f10968de44209)
Letus Put! tid=0, seq=2, key=-account00000000000000000001000000000011(0d52f8eb24cf7ea5b9aa90424b9d595639d3471c3)
Letus Put! tid=0, seq=2, key=-account00000000000000000001000000000012(08f260b3ddf1f37d5ab8a190042915a99559062ff)
Letus Put! tid=0, seq=2, key=-account00000000000000000001000000000013(0979a6897aa84baf43acde9de028aa962503f35b4)
Letus Put! tid=0, seq=2, key=-account00000000000000000001000000000014(0a0762084a64958204e3ddf680aa87e2c49b9f36d)
Letus Put! tid=0, seq=2, key=-account00000000000000000001000000000015(0b41550380fa1bf4aae4867ef66697b78055b5795)
Letus Put! tid=0, seq=2, key=-account00000000000000000001000000000016(08cf4e982fd16173d5a42535bd9f99da324e677a6)
Letus Put! tid=0, seq=2, key=-account00000000000000000001000000000017(009e3fe58a4c132e70b2ad15e8098d48db677c5c1)
Letus Put! tid=0, seq=2, key=-account00000000000000000001000000000018(0e8bc567da386084b84296568b0dffa0c06899b13)
Letus Put! tid=0, seq=2, key=-account00000000000000000001000000000019(01409bbcb7c3af688a7b051841f243a3c1e4ca7cb)
Letus Put! tid=0, seq=2, key=-account00000000000000000001000000000020(01f9297c5b0b2186881ce78aff1603486cad9f2f8)
Letus Put! tid=0, seq=2, key=-account00000000000000000001000000000021(0f1cd72bdb6ee39ce92c6613ec2d6af383431cd84)
Letus Put! tid=0, seq=2, key=-account00000000000000000001000000000022(0865749954e17ea55896822333d595180a6b4c293)
Letus Put! tid=0, seq=2, key=-account00000000000000000001000000000023(01a2fe01b597613bc43152a5962f0b7d707160d1e)
Letus Put! tid=0, seq=2, key=-account00000000000000000001000000000024(0c2be271db25ee212d948d0567df479dc9d5d94b3)
Letus Put! tid=0, seq=2, key=-account00000000000000000001000000000025(0f3a95f396056d78bb2218c017125362e2b060049)
Letus Put! tid=0, seq=2, key=-account00000000000000000001000000000026(0d3d23489f689dc9d838f8518877981a128d92997)
Letus Put! tid=0, seq=2, key=-account00000000000000000001000000000027(02165c0857c72efb1aa07a719c0c25ebbd5511960)
Letus Put! tid=0, seq=2, key=-account00000000000000000001000000000028(0ac330ed0c863c858d83946eb62ee72699ab1fbc5)
Letus Put! tid=0, seq=2, key=-account00000000000000000001000000000029(0bdd4bff8d9cb588b20ad0883875fa8026ef17aa9)
Letus Put! tid=0, seq=2, key=-account00000000000000000001000000000030(08e865abcee9568598fe208a9a387459bd6087ac4)
Letus Put! tid=0, seq=2, key=-account00000000000000000001000000000031(0f8df92cd4ccdde9a3286020d1889f2c3339e73c6)
Letus Put! tid=0, seq=2, key=-account00000000000000000001000000000032(00137d13b268e68df3f81b9cb0c3ae3acb3abd12e)
Letus Put! tid=0, seq=2, key=-account00000000000000000001000000000033(00c14e1d5b5d171d097ff2d10239a588fb76d3739)
Letus Put! tid=0, seq=2, key=-account00000000000000000001000000000034(09c6b72168b1c5f229515eb3ab1265a3b7ab4c6de)
Letus Put! tid=0, seq=2, key=-account00000000000000000001000000000035(0e2b781571f31ad43042aec6d8131062c815ee8f1)
Letus Put! tid=0, seq=2, key=-account00000000000000000001000000000036(0c3cef5a5da47e61453b35da39437fa7b214c7b48)
Letus Put! tid=0, seq=2, key=-account00000000000000000001000000000037(0ebf2c4b3d7ad7dcb245628c5bd2488792f7fe08b)
Letus Put! tid=0, seq=2, key=-account00000000000000000001000000000038(001cde88fe348c4ac22611c12d45aee31bc78ec3b)
Letus Put! tid=0, seq=2, key=-account00000000000000000001000000000039(07bbb69bc90f61c3b89436d351f3fe7ca872b3818)
Letus Put! tid=0, seq=2, key=-account00000000000000000001000000000040(0e15b8052e78b790d7fbbca9c13ba73f32f136d92)
Letus Put! tid=0, seq=2, key=-account00000000000000000001000000000041(0da9c1fcb7155a7ff62be4466435f789d40307b60)
Letus Put! tid=0, seq=2, key=-account00000000000000000001000000000042(07cd4c2171fc598c24fb517926a07cb4620d8ab89)
Letus Put! tid=0, seq=2, key=-account00000000000000000001000000000043(0cc16f8da63df8d899da3ff4f67727c497c0cbeca)
Letus Put! tid=0, seq=2, key=-account00000000000000000001000000000044(037c91d8e10d4be1d8c0b3836c3c5284a9394b10c)
Letus Put! tid=0, seq=2, key=-account00000000000000000001000000000045(09cc0bc5996fe9b73135ec2d7f280a380556a80b0)
Letus Put! tid=0, seq=2, key=-account00000000000000000001000000000046(070ec6ab174dc10d91c28af190e68845b6f6f3b03)
Letus Put! tid=0, seq=2, key=-account00000000000000000001000000000047(0725c055f67dd4ae50c351abb26b118323a5075bc)
Letus Put! tid=0, seq=2, key=-account00000000000000000001000000000048(02708b16a7ec2fceb95ab132a0bcd984aeb7d0cf7)
Letus Put! tid=0, seq=2, key=-account00000000000000000001000000000049(0a58bbbf94b320a04b8324915e299ebfaf3b2846b)
Letus Put! tid=0, seq=2, key=-account00000000000000000001000000000050(03dacb36f29ee81c0afe14f622c0161f35f8d10f2)
Letus Put! tid=0, seq=2, key=-account00000000000000000001000000000051(001b73a7f37e00d11267236050bf04aecaa655417)
Letus Put! tid=0, seq=2, key=-account00000000000000000001000000000052(0af0197cfcc670bbef1dbe98089cd558cdb8b41ee)
Letus Put! tid=0, seq=2, key=-account00000000000000000001000000000053(03ddd7f2d224332ccbb899435fa963da9ed8e0d03)
Letus Put! tid=0, seq=2, key=-account00000000000000000001000000000054(09b8442d74c689e8e436e2c550597286d5f9c55ca)
Letus Put! tid=0, seq=2, key=-account00000000000000000001000000000055(03e4d9a4fe026ced3d96b76f2b720dde393e4351a)
Letus Put! tid=0, seq=2, key=-account00000000000000000001000000000056(0b609ec7fb526e3c529930d2bde4a69991ef0f78e)
Letus Put! tid=0, seq=2, key=-account00000000000000000001000000000057(0eaf6c1417b93a54e6c82c1a5daad8bfbf2d8240a)
Letus Put! tid=0, seq=2, key=-account00000000000000000001000000000058(00b539e5128e7aead8a12aad0196e1d4476eb6bd8)
Letus Put! tid=0, seq=2, key=-account00000000000000000001000000000059(02e0db60640c3a2d7e47f3b7554be4889f38cb248)
Letus Put! tid=0, seq=2, key=-account00000000000000000001000000000060(0a20896a12adcbe4c95f2c869bfd2cc9db92073d7)
Letus Put! tid=0, seq=2, key=-account00000000000000000001000000000061(03eb8c0cd9a2a53996f6891b7d1b920fb801a498c)
Letus Put! tid=0, seq=2, key=-account00000000000000000001000000000062(0f2b079b2bea3a9e814944932d573747114d60b7e)
Letus Put! tid=0, seq=2, key=-account00000000000000000001000000000063(0f38c038c1372eef6273800cd0590b92d8fad8679)
Letus Put! tid=0, seq=2, key=-account00000000000000000001000000000064(06b1247baf45198e7c275352a377130d2728070ee)
Letus Put! tid=0, seq=2, key=-account00000000000000000001000000000065(096941880554043831fa24ce191d8f1f86a1da4e0)
Letus Put! tid=0, seq=2, key=-account00000000000000000001000000000066(00bd41a3a6cbba818c70ea81ed2489874249e6c85)
Letus Put! tid=0, seq=2, key=-account00000000000000000001000000000067(03f9e20d75f59b8bfb98c715f535ea32a3ace0c7d)
Letus Put! tid=0, seq=2, key=-account00000000000000000001000000000068(06f2811f76297ed5b6a5408173ba65be9658d8074)
Letus Put! tid=0, seq=2, key=-account00000000000000000001000000000069(02d752024e2b34ff041dcc98ca902c25d530ee745)
Letus Put! tid=0, seq=2, key=-account00000000000000000001000000000070(0e5cf85e05060b53c6c1bfa8921285912546857c5)
Letus Put! tid=0, seq=2, key=-account00000000000000000001000000000071(0f1659dea6c53d021d79589f6d7bae295951e1bff)
Letus Put! tid=0, seq=2, key=-account00000000000000000001000000000072(0f7bfbe677a28f867f9baa980641983953b6214a3)
Letus Put! tid=0, seq=2, key=-account00000000000000000001000000000073(065b3d622baba1f842e8ea63900abe6cdfcd4d246)
Letus Put! tid=0, seq=2, key=-account00000000000000000001000000000074(055bedab55547431875fac68c90f749ff3317aeb1)
Letus Put! tid=0, seq=2, key=-account00000000000000000001000000000075(09e647416b8b1a837f710ae7cb8624207d957bb68)
Letus Put! tid=0, seq=2, key=-account00000000000000000001000000000076(0701460d3849239b91439fb1feffc98fe0f4776cc)
Letus Put! tid=0, seq=2, key=-account00000000000000000001000000000077(07e4d7c982230f407657fbd8acdd9688dcacb9359)
Letus Put! tid=0, seq=2, key=-account00000000000000000001000000000078(04a455cdce4f6df2b3420af1117ef4ffef982dd80)
Letus Put! tid=0, seq=2, key=-account00000000000000000001000000000079(067bb771960b6f2dfd5a35ec8023261dc510db199)
Letus Put! tid=0, seq=2, key=-account00000000000000000001000000000080(047915e6b8a9afe2510508f217e27368cd97f6da3)
Letus Put! tid=0, seq=2, key=-account00000000000000000001000000000081(0f856772c06c274cb599b7af91cecf01f5abc1207)
Letus Put! tid=0, seq=2, key=-account00000000000000000001000000000082(01b371a69d32d14feee2cc7c63aa0517450645dd1)
Letus Put! tid=0, seq=2, key=-account00000000000000000001000000000083(09fc22513ef233670b4a8a8c1e7cab8bdd48790c4)
Letus Put! tid=0, seq=2, key=-account00000000000000000001000000000084(07bf313e51c3d618e6dc0fa884cb1293388eed195)
Letus Put! tid=0, seq=2, key=-account00000000000000000001000000000085(0cc18a5f6d3bbc55786b2447368d8defedac757a1)
Letus Put! tid=0, seq=2, key=-account00000000000000000001000000000086(02418fa62d766e72b28b74652f3ed64626e15cf76)
Letus Put! tid=0, seq=2, key=-account00000000000000000001000000000087(068e3c0f8bf5aab4cb6dc9dbc0e305e54ff90a5a5)
Letus Put! tid=0, seq=2, key=-account00000000000000000001000000000088(0a8001124fca6f351bb5ca89d830fe42f67d50356)
Letus Put! tid=0, seq=2, key=-account00000000000000000001000000000089(08c3b0806a793129613fb469d06ada082884ed052)
Letus Put! tid=0, seq=2, key=-account00000000000000000001000000000090(0076edaae614e1f57330e3fded4e295f198005df4)
Letus Put! tid=0, seq=2, key=-account00000000000000000001000000000091(01b4177b5e5108516664fa03981618896b099245b)
Letus Put! tid=0, seq=2, key=-account00000000000000000001000000000092(008478c335d2210aaf1f60a09ff41fb9774f7f617)
Letus Put! tid=0, seq=2, key=-account00000000000000000001000000000093(0156b30bfe6caaf662dee46d467f83ee2739e4acc)
Letus Put! tid=0, seq=2, key=-account00000000000000000001000000000094(03eb4a0a46cba1ea240e33a39df1d7039a3dda32c)
Letus Put! tid=0, seq=2, key=-account00000000000000000001000000000095(05074c3bd862fbf6c654536b759544a8a63c0cc9d)
Letus Put! tid=0, seq=2, key=-account00000000000000000001000000000096(04d83b53039fcb4df27272f2366d324e16db91f26)
Letus Put! tid=0, seq=2, key=-account00000000000000000001000000000097(0238f7da5924cc040ced6cb9f292d73b186333155)
Letus Put! tid=0, seq=2, key=-account00000000000000000001000000000098(048719b8965f20f77f614729db621c9a090f7a68a)
Letus Put! tid=0, seq=2, key=-account00000000000000000001000000000099(066565b7f776516bb9162a23138eee29f14a9a5de)
Letus Put! tid=0, seq=2, key=-account00000000000000000001000000000100(0195e0eaba178435d60d3b4716da174c8d7c1e6c4)
Letus Put! tid=0, seq=2, key=-account00000000000000000001000000000101(08780c3e6bcd68e21a45d15a2521079447c4c88ba)
Letus Put! tid=0, seq=2, key=-account00000000000000000001000000000102(0d45ce831b178ff9a48df903edfdd4166ccec7aa7)
Letus Put! tid=0, seq=2, key=-account00000000000000000001000000000103(07ab35cfb0b19c0a220f0a8d0e9aaa5a65805511a)
Letus Put! tid=0, seq=2, key=-account00000000000000000001000000000104(0e5323254d40c6b48625c458d6c057985173cb872)
Letus Put! tid=0, seq=2, key=-account00000000000000000001000000000105(0f17bcf6153ea2bdf2dd0c855504592e127bdfc29)
Letus Put! tid=0, seq=2, key=-account00000000000000000001000000000106(02046380b2cf9747d708b849bc763c01daa87a0a6)
Letus Put! tid=0, seq=2, key=-account00000000000000000001000000000107(08a0f029987995eddd27c4306999273ed08deccd3)
Letus Put! tid=0, seq=2, key=-account00000000000000000001000000000108(0086887e84b70f2e34383863dc337e343c8672d2c)
Letus Put! tid=0, seq=2, key=-account00000000000000000001000000000109(0f9a84cb8f924f92deaa2acbc6286141851098f16)
Letus Put! tid=0, seq=2, key=-account00000000000000000001000000000110(09de1b36b760ddb32e7e23fa13e1251eb2b1d0cb6)
Letus Put! tid=0, seq=2, key=-account00000000000000000001000000000111(09c1ff09dd3057960a5c792d67f01710925a779de)
Letus Put! tid=0, seq=2, key=-account00000000000000000001000000000112(0594fc2d14ed3d2a306372d7f85c697d0e546aec3)
Letus Put! tid=0, seq=2, key=-account00000000000000000001000000000113(084a31b34065cce858565e10d4369edab1352a969)
Letus Put! tid=0, seq=2, key=-account00000000000000000001000000000114(08c8fbb5942dfc8fc48cad7901b76fb6493bca158)
Letus Put! tid=0, seq=2, key=-account00000000000000000001000000000115(07541e0e303c036523bc5b08a0a1d9f1b49b819f2)
Letus Put! tid=0, seq=2, key=-account00000000000000000001000000000116(0acc3a0e4fd959e00363eeb1d7a192de0890c748a)
Letus Put! tid=0, seq=2, key=-account00000000000000000001000000000117(0dfabc102725485852145a48fc1f2f6d15d1a8971)
Letus Put! tid=0, seq=2, key=-account00000000000000000001000000000118(0b09ed1d77a77f3fc022251b304c84573e523e784)
Letus Put! tid=0, seq=2, key=-account00000000000000000001000000000119(0efee153e5d265d5f53c5e3c258db67796b495cf2)
Letus Put! tid=0, seq=2, key=-account00000000000000000001000000000120(042861b49af9d764c7de185596858462c19777809)
Letus Put! tid=0, seq=2, key=-account00000000000000000001000000000121(08571e68a4427383478f4f087175610b3e6a725c0)
Letus Put! tid=0, seq=2, key=-account00000000000000000001000000000122(01f9ddde295fdb4bb9f538d2581f7ab0eeca30f6c)
Letus Put! tid=0, seq=2, key=-account00000000000000000001000000000123(0fd6eda7fa5eed709c800f44b4e46a3529575a9e5)
Letus Put! tid=0, seq=2, key=-account00000000000000000001000000000124(0e4e43a44e2b5b351349df1dff035b8acaeac8558)
Letus Put! tid=0, seq=2, key=-account00000000000000000001000000000125(04ecad101e74e6f4ad5a8d6f2a8e4ec22c11fa553)
Letus Put! tid=0, seq=2, key=-account00000000000000000001000000000126(02b7d0c20d9ed914b0f132b0642a75427340e5a8b)
Letus Put! tid=0, seq=2, key=-account00000000000000000001000000000127(0580028661df17eb9d200cd70a29f4047044ac851)
Letus Put! tid=0, seq=2, key=-account00000000000000000001000000000128(081524e34a248c0df084b26cdb33da33028db4d42)
Letus Put! tid=0, seq=2, key=-account00000000000000000001000000000129(0cb0521147f3d0d12a0427c171bcfc43c1d7f58de)
Letus Put! tid=0, seq=2, key=-account00000000000000000001000000000130(0719705ae2e75dc631064d2330981dae9cee97ca8)
Letus Put! tid=0, seq=2, key=-account00000000000000000001000000000131(0354663ececcebb71e68958bf7ef6738074a9d53a)
Letus Put! tid=0, seq=2, key=-account00000000000000000001000000000132(039186d6c7556a9593454baf8f16659847f7926d9)
Letus Put! tid=0, seq=2, key=-account00000000000000000001000000000133(024cf9801d921e26b89636584c1eb8bd02156284e)
Letus Put! tid=0, seq=2, key=-account00000000000000000001000000000134(0df7972f088edd54d39d5fd8c293f57ff3419b707)
Letus Put! tid=0, seq=2, key=-account00000000000000000001000000000135(0ca0368948ee2b6c599d00f21322a88fa4711b460)
Letus Put! tid=0, seq=2, key=-account00000000000000000001000000000136(0a1b6874fcfcd7f25c0264dce9e09a33de9d73d0d)
Letus Put! tid=0, seq=2, key=-account00000000000000000001000000000137(0beca10a0278c22606aa2299219233b5641d4fc27)
Letus Put! tid=0, seq=2, key=-account00000000000000000001000000000138(05f5c47849e2284b827e026c4ebf78f816d232309)
Letus Put! tid=0, seq=2, key=-account00000000000000000001000000000139(05441e374ad6a3749ac52f6791e17a0b542300789)
Letus Put! tid=0, seq=2, key=-account00000000000000000001000000000140(00166cd5d6cda765e212e9c4a3c555d9e07fdee1a)
Letus Put! tid=0, seq=2, key=-account00000000000000000001000000000141(0588591c9ef866668a663638276b8deb650018ac8)
Letus Put! tid=0, seq=2, key=-account00000000000000000001000000000142(0aa6afb41d94e97972c4f2dd96c0e5d28f61862c1)
Letus Put! tid=0, seq=2, key=-account00000000000000000001000000000143(0b3367218730819785fc1be60bb04ce675eb1fad7)
Letus Put! tid=0, seq=2, key=-account00000000000000000001000000000144(0400109d5f665d2e2ce8e555bbc806abd74d25e8c)
Letus Put! tid=0, seq=2, key=-account00000000000000000001000000000145(0553241fdcb11e0651fb45e83c5f3c306a5f84d58)
Letus Put! tid=0, seq=2, key=-account00000000000000000001000000000146(0556c3ab7db8bcc1aee52261eb98ca01d0c27d70e)
Letus Put! tid=0, seq=2, key=-account00000000000000000001000000000147(00e56c3b7bbed13a65ea1a2515182eaff4ddfd4a9)
Letus Put! tid=0, seq=2, key=-account00000000000000000001000000000148(094b0298b7abe56cbb121b2fb4c421bac04ad768f)
Letus Put! tid=0, seq=2, key=-account00000000000000000001000000000149(08b4a8dcee0991fd829b2fd9e37f9ccb34b3af91c)
Letus Put! tid=0, seq=2, key=-account00000000000000000001000000000150(0658b4f046f0e33c74bac36d13f941261f08c70a3)
Letus Put! tid=0, seq=2, key=-account00000000000000000001000000000151(02d2725de150a008b5fc6d496b33bfe950884a034)
Letus Put! tid=0, seq=2, key=-account00000000000000000001000000000152(04918b3199469d27634af003d0a24f1ca4deee28b)
Letus Put! tid=0, seq=2, key=-account00000000000000000001000000000153(01fed8c65630fa2cb152023166a660e71bc95eb43)
Letus Put! tid=0, seq=2, key=-account00000000000000000001000000000154(00837f517c92f1f8ad62e0960e121c4c92f52ba72)
Letus Put! tid=0, seq=2, key=-account00000000000000000001000000000155(06b2717347014dc14a0ed8dfd0ccd89d80f5ddd6f)
Letus Put! tid=0, seq=2, key=-account00000000000000000001000000000156(02821118afad4b4d163256c80e1734e969d662467)
Letus Put! tid=0, seq=2, key=-account00000000000000000001000000000157(091198d87777aee1c7b364b62d91595cd32e7e93a)
Letus Put! tid=0, seq=2, key=-account00000000000000000001000000000158(0668f2504cb279e072e89930e48d1cd03f443839a)
Letus Put! tid=0, seq=2, key=-account00000000000000000001000000000159(0b4c5f4222c8b248b0e2934b86e4eda48c1c86039)
Letus Put! tid=0, seq=2, key=-account00000000000000000001000000000160(07293743b0533026c9737884f49e6e598b4b8b0ee)
Letus Put! tid=0, seq=2, key=-account00000000000000000001000000000161(088852be6c87ae7741831a4ddbfa76482433e1e7f)
Letus Put! tid=0, seq=2, key=-account00000000000000000001000000000162(019a06139c8b28c5cc4489c0b614ff4102c4b9346)
Letus Put! tid=0, seq=2, key=-account00000000000000000001000000000163(0063940f6e8aa8c1b63e0e2a6441a73a04703662c)
Letus Put! tid=0, seq=2, key=-account00000000000000000001000000000164(090dbd203ef749b5805734b83e2f564fecb0cc224)
Letus Put! tid=0, seq=2, key=-account00000000000000000001000000000165(0dd4934a29c2c388f1b8ef2251cb73b0bb5e9f8e7)
Letus Put! tid=0, seq=2, key=-account00000000000000000001000000000166(093f62a54eb301d582646e948b04f78b2ec37bfa9)
Letus Put! tid=0, seq=2, key=-account00000000000000000001000000000167(015baff4c0c8944c32dcc084d59aaf64db826fa50)
Letus Put! tid=0, seq=2, key=-account00000000000000000001000000000168(03a27b8641112ac1ae39ad5d2e6b4c92fad65f719)
Letus Put! tid=0, seq=2, key=-account00000000000000000001000000000169(0ea97a8c28cf45ea947ec490d59ebca7feffddc15)
Letus Put! tid=0, seq=2, key=-account00000000000000000001000000000170(05ed7d5e0053a30d74e5185d9f4084141026d69e0)
Letus Put! tid=0, seq=2, key=-account00000000000000000001000000000171(0cdaf28f6c3ec10e4312f8b29b8b98670eae55732)
Letus Put! tid=0, seq=2, key=-account00000000000000000001000000000172(086c204bb2e0c7f1435cb57e1839de78fbe296682)
Letus Put! tid=0, seq=2, key=-account00000000000000000001000000000173(0c7386bd754329b2c0ff9ba1abbbde2b618b8aa13)
Letus Put! tid=0, seq=2, key=-account00000000000000000001000000000174(07e2ac90c982b5494abd5c3e6a902df83673d0806)
Letus Put! tid=0, seq=2, key=-account00000000000000000001000000000175(07c78e7c4e0e7211b3af723becf9c35bfe9351c33)
Letus Put! tid=0, seq=2, key=-account00000000000000000001000000000176(0ba20c8e31d3d064e4f3f2e21898aa41253df873d)
Letus Put! tid=0, seq=2, key=-account00000000000000000001000000000177(092a6e06b5a5ffe17ef04d728fd7928c4563b215a)
Letus Put! tid=0, seq=2, key=-account00000000000000000001000000000178(03b64eea935c34d8e82a6e9e57d58ae977e9d4321)
Letus Put! tid=0, seq=2, key=-account00000000000000000001000000000179(0248080e5b3804de7c230cd6a06f90bbc0f9a6ea6)
Letus Put! tid=0, seq=2, key=-account00000000000000000001000000000180(0760cd70891bae05a9f8c1cc94304ffc95c649f81)
Letus Put! tid=0, seq=2, key=-account00000000000000000001000000000181(0c5859d4a1a5fb2407a17bf9980512dc889fb0baf)
Letus Put! tid=0, seq=2, key=-account00000000000000000001000000000182(0d56dd0a1af35e7706ef8aa10dff8c36de06a0f1d)
Letus Put! tid=0, seq=2, key=-account00000000000000000001000000000183(02335bfb6a590f247be71d1eaad97686613573677)
Letus Put! tid=0, seq=2, key=-account00000000000000000001000000000184(0ae39ebf6dcb5b167e6fefc22d85f035fc594a17c)
Letus Put! tid=0, seq=2, key=-account00000000000000000001000000000185(0f96f9d868cec1212b96ce5091356250a4e10f224)
Letus Put! tid=0, seq=2, key=-account00000000000000000001000000000186(0966b1b100c6bf8ce04bed237878bed7f48af829c)
Letus Put! tid=0, seq=2, key=-account00000000000000000001000000000187(0fa30012a86198bda40f1d22904840b5f0f353370)
Letus Put! tid=0, seq=2, key=-account00000000000000000001000000000188(047fa69471e519073eb5a4371b1b2245afa5c00a6)
Letus Put! tid=0, seq=2, key=-account00000000000000000001000000000189(07c49ca4f3b0ae5a8cd01e502b95a586e3cc39217)
Letus Put! tid=0, seq=2, key=-account00000000000000000001000000000190(04a7af1859ba38fbbbf615ce13b405377c64babec)
Letus Put! tid=0, seq=2, key=-account00000000000000000001000000000191(0c62c1b20cee208d5ba30c33a853a372189d6be32)
Letus Put! tid=0, seq=2, key=-account00000000000000000001000000000192(00e9a87edc9ba2ae6b42797617d4280c9a1e98abc)
Letus Put! tid=0, seq=2, key=-account00000000000000000001000000000193(08dcb3c4e52286faee664944edde0e65b06f2734a)
Letus Put! tid=0, seq=2, key=-account00000000000000000001000000000194(0bb4201c190071a2b61c09ca39fd71ff4d1a2ace8)
Letus Put! tid=0, seq=2, key=-account00000000000000000001000000000195(036a051f47b17a61503c5467c99b3ae6d8a67f668)
Letus Put! tid=0, seq=2, key=-account00000000000000000001000000000196(057e46f43955130a36d998487fafb06545df831bf)
Letus Put! tid=0, seq=2, key=-account00000000000000000001000000000197(07db2d5e1284c5d4373a6931ae2979ee94463b3a4)
Letus Put! tid=0, seq=2, key=-account00000000000000000001000000000198(0e8adac1a60ca805eaa0038653149b064f721a08e)
Letus Put! tid=0, seq=2, key=-account00000000000000000001000000000199(0c3de5949c75e266b1b374dbfd73f52051eaaf652)
Letus Put! tid=0, seq=2, key=-account00000000000000000001000000000200(03da761e6aacf98dfa57c753e5f4573a53f971263)
Letus Put! tid=0, seq=2, key=-account00000000000000000001000000000201(004737c72857c8d42a99a4af4afb02e410b1b65d8)
Letus Put! tid=0, seq=2, key=-account00000000000000000001000000000202(0c111e154e4926cdd91968896ea0f5f10410e5a49)
Letus Put! tid=0, seq=2, key=-account00000000000000000001000000000203(035889e429b644c5dbd6943fd228012678fc1f945)
Letus Put! tid=0, seq=2, key=-account00000000000000000001000000000204(0ea4919a1e10c79a1112ecbfe2000921450d51b1c)
Letus Put! tid=0, seq=2, key=-account00000000000000000001000000000205(00f6faa97cf6893e60a7bac3f306ea01891be80c8)
Letus Put! tid=0, seq=2, key=-account00000000000000000001000000000206(097f2f79ead24129f11d7c8176022e8e02c921cad)
Letus Put! tid=0, seq=2, key=-account00000000000000000001000000000207(07610344e3a36b69d464457b78ffde02a4ea77816)
Letus Put! tid=0, seq=2, key=-account00000000000000000001000000000208(04b24a49f265738df1e06ca7f8a72c03c94c1d41b)
Letus Put! tid=0, seq=2, key=-account00000000000000000001000000000209(0c0307e8487ee8c500d3f9715889251521448988c)
Letus Put! tid=0, seq=2, key=-account00000000000000000001000000000210(0b0447d7a7bafce3234ee4ba25bdde6bdae2364f0)
Letus Put! tid=0, seq=2, key=-account00000000000000000001000000000211(050249436459e21ca92c04ca162ef727bf149f6c8)
Letus Put! tid=0, seq=2, key=-account00000000000000000001000000000212(036659bc56a565d7b9b8f2b76d7a4a794c73e0428)
Letus Put! tid=0, seq=2, key=-account00000000000000000001000000000213(0d521cbd412d4858b4db51052c4a0f06e35e494db)
Letus Put! tid=0, seq=2, key=-account00000000000000000001000000000214(0c18a729d2840e2c1d13eb99d91e1557418adce39)
Letus Put! tid=0, seq=2, key=-account00000000000000000001000000000215(06bd55f1b1c9f81ba1623a6b8e7de96600c634a47)
Letus Put! tid=0, seq=2, key=-account00000000000000000001000000000216(0985f585b1a6b42178c0065e06817f57a23db3d26)
Letus Put! tid=0, seq=2, key=-account00000000000000000001000000000217(0b139bebbcb951a0671990e8fec5f9cea1ce4c2c2)
Letus Put! tid=0, seq=2, key=-account00000000000000000001000000000218(07fc8be50f2842cbd48d8655e2bcb9f6aa34b8c1c)
Letus Put! tid=0, seq=2, key=-account00000000000000000001000000000219(0b0949fc6e2d309a1fe9a6f57822a00cd14daa011)
Letus Put! tid=0, seq=2, key=-account00000000000000000001000000000220(057b7fedc02cb9a95f7719bbe930a5280e64d9969)
Letus Put! tid=0, seq=2, key=-account00000000000000000001000000000221(0d283d69bb35a096b3051b127a26bc682ee126049)
Letus Put! tid=0, seq=2, key=-account00000000000000000001000000000222(0519802046cfedd30928de72cd7e612d3dc7ed3d4)
Letus Put! tid=0, seq=2, key=-account00000000000000000001000000000223(0eeaba81642ccd0e89b57604c1fd6e6ee7e8fdd89)
Letus Put! tid=0, seq=2, key=-account00000000000000000001000000000224(0248eff9d563043f6fc6b0cda7a8d5dd86eed9562)
Letus Put! tid=0, seq=2, key=-account00000000000000000001000000000225(0af61fac14e449ace0333c750a5404ff21bc6f60c)
Letus Put! tid=0, seq=2, key=-account00000000000000000001000000000226(0604180f458b923103eee6cf4ad90d3f161c4aa8e)
Letus Put! tid=0, seq=2, key=-account00000000000000000001000000000227(05f191b4564811d23cdbf1333237577c98a887ec6)
Letus Put! tid=0, seq=2, key=-account00000000000000000001000000000228(0c1c7d974e5d717cf1979faf6f66b686cc79ad24e)
Letus Put! tid=0, seq=2, key=-account00000000000000000001000000000229(02811bc5f9bb55328c81a2163f6193285c84c8816)
Letus Put! tid=0, seq=2, key=-account00000000000000000001000000000230(0700ee2aebfb4966809fc65defc5a8344a9a73707)
Letus Put! tid=0, seq=2, key=-account00000000000000000001000000000231(04d624bb5c96429405de388f9a1f603e1a5dffb1d)
Letus Put! tid=0, seq=2, key=-account00000000000000000001000000000232(0b0d7242ae2e0fbf0ab8ae54a7e2b1e8754513ad0)
Letus Put! tid=0, seq=2, key=-account00000000000000000001000000000233(05dbb29cc385b16cb9d3740e0cbed242866fda44f)
Letus Put! tid=0, seq=2, key=-account00000000000000000001000000000234(0314d59f6348bf92a4fcd3ce66cd8020ca100dd7a)
Letus Put! tid=0, seq=2, key=-account00000000000000000001000000000235(04b7d22e194b47326a79f50c4b03e60cc7c19718c)
Letus Put! tid=0, seq=2, key=-account00000000000000000001000000000236(082a29e94a2725a21c5a5ad3f610f3baee7053b07)
Letus Put! tid=0, seq=2, key=-account00000000000000000001000000000237(02fb5f08312e74c061c4fa2822962b2357f774981)
Letus Put! tid=0, seq=2, key=-account00000000000000000001000000000238(00dc91593197f6d8ff51bc965252d8c53c1d7c6b7)
Letus Put! tid=0, seq=2, key=-account00000000000000000001000000000239(0995f375ebbf6d0b79bda55523d0e1ec35820e375)
Letus Put! tid=0, seq=2, key=-account00000000000000000001000000000240(0cbf9a02ff58f4a49af505e61702a45357ba5d6e7)
Letus Put! tid=0, seq=2, key=-account00000000000000000001000000000241(097da8ca285fc802238eaf49885abc465d415bff4)
Letus Put! tid=0, seq=2, key=-account00000000000000000001000000000242(0f92c4dadd0c8b28d0bc64884fec1820997b0e069)
Letus Put! tid=0, seq=2, key=-account00000000000000000001000000000243(02e414092031f30dd4d5c654c03f4b343d60e2f24)
Letus Put! tid=0, seq=2, key=-account00000000000000000001000000000244(0c07af68f711ecf30653e66f91214049d76d0e7ad)
Letus Put! tid=0, seq=2, key=-account00000000000000000001000000000245(0b7acdedae5c7a2965ab691c69a8b534e5d6bff68)
Letus Put! tid=0, seq=2, key=-account00000000000000000001000000000246(0b3220d36ff042e2260d02bac4498bd86627d08dd)
Letus Put! tid=0, seq=2, key=-account00000000000000000001000000000247(0ef942e35db62ffc27b87f861cafb4e7a4d1fdb7f)
Letus Put! tid=0, seq=2, key=-account00000000000000000001000000000248(01aaf4c53e1c0451a8dda2c21992f0651e1533246)
Letus Put! tid=0, seq=2, key=-account00000000000000000001000000000249(0c4f0c52fe030dc84a61512f23adbdbf0f2c950de)
Letus Put! tid=0, seq=2, key=-account00000000000000000001000000000250(0ffb973f9f38dbefc259724baf8c6bae30a9732c8)
Letus Put! tid=0, seq=2, key=-account00000000000000000001000000000251(0a43233d39d1eb9d4e2447cb27e1e8f79a0b99c3b)
Letus Put! tid=0, seq=2, key=-account00000000000000000001000000000252(0395cf30ba8db0be49dfb7011c2ea771592531874)
Letus Put! tid=0, seq=2, key=-account00000000000000000001000000000253(0f38da1c096c6885425d77b40f6b79d17f1d9af1a)
Letus Put! tid=0, seq=2, key=-account00000000000000000001000000000254(019f30779f4adbb23d8b239887f6621f9f16cb54f)
Letus Put! tid=0, seq=2, key=-account00000000000000000001000000000255(011998c1fe8f0cd47de9105cc55f739c8e59ed4d9)
Letus Put! tid=0, seq=2, key=-account00000000000000000001000000000256(0345362bc151a0d7ab7c9ab76e999394edf056d93)
Letus Put! tid=0, seq=2, key=-account00000000000000000001000000000257(0625d20068d10cac9f2ccd146b00d852aca43c4e7)
Letus Put! tid=0, seq=2, key=-account00000000000000000001000000000258(02f902ec1de694f0ee9e34a68daeebeef522a94b7)
Letus Put! tid=0, seq=2, key=-account00000000000000000001000000000259(012ba34aab6790c4921931ef7e7a26f040ed6e08d)
Letus Put! tid=0, seq=2, key=-account00000000000000000001000000000260(0514c514e1754e05df843d4b5829226b0f91b9e34)
Letus Put! tid=0, seq=2, key=-account00000000000000000001000000000261(0bf20155e7eddef8372f11fd9be33029ba46cc7a3)
Letus Put! tid=0, seq=2, key=-account00000000000000000001000000000262(0e0dfd0df4fa08ac0185de1b2e7f9909cb5635e7e)
Letus Put! tid=0, seq=2, key=-account00000000000000000001000000000263(087df7a34195b1a3b0753804c137f479d89107d55)
Letus Put! tid=0, seq=2, key=-account00000000000000000001000000000264(02fd1650b7a44b0b303a2b31515638196f409a93a)
Letus Put! tid=0, seq=2, key=-account00000000000000000001000000000265(0ff27f466c90c14dad34d91061c09cbef58321cd1)
Letus Put! tid=0, seq=2, key=-account00000000000000000001000000000266(0c7e1eeb5f7e64957585be0eaaec75bfbd1c68f8b)
Letus Put! tid=0, seq=2, key=-account00000000000000000001000000000267(0e6479c233d3bed92cfd3099e5a3d8791142862c5)
Letus Put! tid=0, seq=2, key=-account00000000000000000001000000000268(0d2c45a5cfe565765c66329ba4b001948b2b838c0)
Letus Put! tid=0, seq=2, key=-account00000000000000000001000000000269(0bf7630b47086421800aa3f0c97ac9e4f145d3e82)
Letus Put! tid=0, seq=2, key=-account00000000000000000001000000000270(0d3de0198174670e27231f0fa101b0c0c742190c8)
Letus Put! tid=0, seq=2, key=-account00000000000000000001000000000271(06b5b21c5db12c260103a282fa96d6860e15df693)
Letus Put! tid=0, seq=2, key=-account00000000000000000001000000000272(07b5e101ba056283d661fc7984a4b3d1d42e8909c)
Letus Put! tid=0, seq=2, key=-account00000000000000000001000000000273(07e588eb346d75938c1ebb4b4a17d44c324477912)
Letus Put! tid=0, seq=2, key=-account00000000000000000001000000000274(0784d494de832d6a92dfd95d720a28b552aa2aadf)
Letus Put! tid=0, seq=2, key=-account00000000000000000001000000000275(0750baf76e6bd5338bcdcd843b90ffd6c32cff63c)
Letus Put! tid=0, seq=2, key=-account00000000000000000001000000000276(0c6453fc2af5c701d333a65283fd9ea26741a50aa)
Letus Put! tid=0, seq=2, key=-account00000000000000000001000000000277(0681d2899f9c9744e9b6489ab528b454d2cb329ca)
Letus Put! tid=0, seq=2, key=-account00000000000000000001000000000278(0f78d72aba5d4f9b8ae4f1befcdfd20f627acb9e4)
Letus Put! tid=0, seq=2, key=-account00000000000000000001000000000279(0398069ec802adc3ee00b7e272fa908a93ec08dac)
Letus Put! tid=0, seq=2, key=-account00000000000000000001000000000280(00d40143d47836c73e3e595f00ebadf298dd60c43)
Letus Put! tid=0, seq=2, key=-account00000000000000000001000000000281(0b5b27453e441da4b0e00c1d61d2fea78126d693b)
Letus Put! tid=0, seq=2, key=-account00000000000000000001000000000282(0522e60eaf49d4db8bb21e16bc486d16d7defed20)
Letus Put! tid=0, seq=2, key=-account00000000000000000001000000000283(0c31297a7a4bce27a86fc9ce1fde60161f11b9496)
Letus Put! tid=0, seq=2, key=-account00000000000000000001000000000284(05010f94e4098679c2708f6967ea6e7f1d4848296)
Letus Put! tid=0, seq=2, key=-account00000000000000000001000000000285(0045a06a6a5a61b84e92a7f255b5851f036486fe6)
Letus Put! tid=0, seq=2, key=-account00000000000000000001000000000286(007667c4309eb7f4c6a86f29b24244f7a1e896766)
Letus Put! tid=0, seq=2, key=-account00000000000000000001000000000287(00955e4545e77bafe809c2927213a2a305022edfe)
Letus Put! tid=0, seq=2, key=-account00000000000000000001000000000288(036d582b3650520f4c9791df3e5ece4115085572d)
Letus Put! tid=0, seq=2, key=-account00000000000000000001000000000289(0e2d4dfefb4f0cede3632b3074306b8fa810d93b7)
Letus Put! tid=0, seq=2, key=-account00000000000000000001000000000290(0ba65fbdad68a3885f82576a9fbe1d0e484011dd8)
Letus Put! tid=0, seq=2, key=-account00000000000000000001000000000291(039c3b9277d83033ce12547680eed68099209fc9d)
Letus Put! tid=0, seq=2, key=-account00000000000000000001000000000292(0384fa8d167f40532a323099e1fc71a231567e473)
Letus Put! tid=0, seq=2, key=-account00000000000000000001000000000293(091a113bb881d08803df332c52501c2a34eddfbf8)
Letus Put! tid=0, seq=2, key=-account00000000000000000001000000000294(0665f5a999de5bebcf83659f575a0d0a508f9dc41)
Letus Put! tid=0, seq=2, key=-account00000000000000000001000000000295(0b64e751f3332f460919aa39000199503631efb4c)
Letus Put! tid=0, seq=2, key=-account00000000000000000001000000000296(0e971f1865930be6e508bb631fd1c4dcb733ec971)
Letus Put! tid=0, seq=2, key=-account00000000000000000001000000000297(0c31ee8afaaf17b3b35525c9a74ad3c6ac3bc6f5c)
Letus Put! tid=0, seq=2, key=-account00000000000000000001000000000298(0c4e2a292f48995767b7714cf4a805141d9277e6b)
Letus Put! tid=0, seq=2, key=-account00000000000000000001000000000299(0be742dd6bc90e732fa644e140a9d365ecf7d857c)
Letus Put! tid=0, seq=2, key=-account00000000000000000001000000000300(06d16b35f6d216c4727114cc159390882c2353ed8)
Letus Put! tid=0, seq=2, key=-account00000000000000000001000000000301(03eff432fd7ba55d1253b5ee79d8d33927e57241e)
Letus Put! tid=0, seq=2, key=-account00000000000000000001000000000302(035b2fd06b1e3c954431e289ee5fffd91769e03b0)
Letus Put! tid=0, seq=2, key=-account00000000000000000001000000000303(060b63a536545fd8bc1da6914db2ac436d4552b7d)
Letus Put! tid=0, seq=2, key=-account00000000000000000001000000000304(069d9a2c8c37457f7ad26bd1a7d26f1ab59203e57)
Letus Put! tid=0, seq=2, key=-account00000000000000000001000000000305(0b1e78f6a679ee622b853f6feaa0d3180275abc89)
Letus Put! tid=0, seq=2, key=-account00000000000000000001000000000306(01c9e2c3c780bb34bf37d5ff7c8dccf5ac620016c)
Letus Put! tid=0, seq=2, key=-account00000000000000000001000000000307(04ef773dfa9b912169619706303416211e1a60545)
Letus Put! tid=0, seq=2, key=-account00000000000000000001000000000308(094d2a1b2e0aa1c146f799c61bb39d428a559d7a8)
Letus Put! tid=0, seq=2, key=-account00000000000000000001000000000309(09122b79cbdad4c85cbbb12a726549a634003281f)
Letus Put! tid=0, seq=2, key=-account00000000000000000001000000000310(0b54d7c9ceca1f0ff08cf9a6fa550a4de72e6d21c)
Letus Put! tid=0, seq=2, key=-account00000000000000000001000000000311(06206057af53dfcf778f473998337817e441a4c60)
Letus Put! tid=0, seq=2, key=-account00000000000000000001000000000312(0f61328cc100cc3368bdae33e01622bb72f0509d1)
Letus Put! tid=0, seq=2, key=-account00000000000000000001000000000313(0af68ba63397d5646e24d928e8d1bd031b0760107)
Letus Put! tid=0, seq=2, key=-account00000000000000000001000000000314(08b06750faecdada9defe4138f888422276075817)
Letus Put! tid=0, seq=2, key=-account00000000000000000001000000000315(0eaa7645f5c70209e7730a0d381c686868f337aaf)
Letus Put! tid=0, seq=2, key=-account00000000000000000001000000000316(02840674ad591658d1a8bc6eabec3b32f47725ff3)
Letus Put! tid=0, seq=2, key=-account00000000000000000001000000000317(0289917638208a64bff66559c62dad9b30632b4ab)
Letus Put! tid=0, seq=2, key=-account00000000000000000001000000000318(0f216d808a68e284cc6d12429eb49319d8facc126)
Letus Put! tid=0, seq=2, key=-account00000000000000000001000000000319(01d8425cba2c22ff9c2081ef72bc80442e520ab6c)
Letus Put! tid=0, seq=2, key=-account00000000000000000001000000000320(0852a3b400b3d13c6a2fe960611214645fc4a2cef)
Letus Put! tid=0, seq=2, key=-account00000000000000000001000000000321(0393390cb14dd4749a0efa493816fb287c4837f6b)
Letus Put! tid=0, seq=2, key=-account00000000000000000001000000000322(0e62daef6bbaa2634292b44ec4a4f23ec78b558dc)
Letus Put! tid=0, seq=2, key=-account00000000000000000001000000000323(06d04ba5b6d8c04ccb9145e68356412e599dea6f1)
Letus Put! tid=0, seq=2, key=-account00000000000000000001000000000324(0612dc9ea0b1009c75f7019dc5a33d1c9f6bd20fe)
Letus Put! tid=0, seq=2, key=-account00000000000000000001000000000325(0aa4a4993b645ed62b01679c028779c286f48d40a)
Letus Put! tid=0, seq=2, key=-account00000000000000000001000000000326(0e8c4ea6b61fee3e242c931af345210ddbe2be5f7)
Letus Put! tid=0, seq=2, key=-account00000000000000000001000000000327(0fb081d773dd2acee51df02b7efb14c98a2ae8b4c)
Letus Put! tid=0, seq=2, key=-account00000000000000000001000000000328(02828124e7fced942e4e3e8401c6bb8d2af0bcde6)
Letus Put! tid=0, seq=2, key=-account00000000000000000001000000000329(0f4ea52dc303852f70cfe9f0fe24f8be6c424a00a)
Letus Put! tid=0, seq=2, key=-account00000000000000000001000000000330(0dfa41b02e1c6c1f1e70762cfe81d33974e394065)
Letus Put! tid=0, seq=2, key=-account00000000000000000001000000000331(008f1c16232306609fbd151d657256823fdc4e950)
Letus Put! tid=0, seq=2, key=-account00000000000000000001000000000332(01d473a51b31ada09dbf2171b814bafda5bc19c12)
Letus Put! tid=0, seq=2, key=-account00000000000000000001000000000333(0ae4fb9f177b860f0324887306b5119c81f3b94af)
Letus Put! tid=0, seq=2, key=-account00000000000000000001000000000334(01bb4a71562e0167ae43cbb68330b840f9e36aaae)
Letus Put! tid=0, seq=2, key=-account00000000000000000001000000000335(03c59f3d14f7e514f272aa35663a3a8c9c2698fab)
Letus Put! tid=0, seq=2, key=-account00000000000000000001000000000336(07a9422041a5f6556cb420c89c96f71b13ad91c2c)
Letus Put! tid=0, seq=2, key=-account00000000000000000001000000000337(0ee64b410d7ce3ee92cf916ef06d8dd783b4192c1)
Letus Put! tid=0, seq=2, key=-account00000000000000000001000000000338(0923dd5478958784dd3b67b94ce4f75369625beb0)
Letus Put! tid=0, seq=2, key=-account00000000000000000001000000000339(0a59a8ea6470de8529d4d025b31e8bdab24f346b0)
Letus Put! tid=0, seq=2, key=-account00000000000000000001000000000340(0dcc3a8e607a00bb2ac9ef70a8e1b336b2511b205)
Letus Put! tid=0, seq=2, key=-account00000000000000000001000000000341(036db6ee8b8eff99e877b99ab3df0279669c1b2ef)
Letus Put! tid=0, seq=2, key=-account00000000000000000001000000000342(01835b2806767f5b319aab3aee8cb21e91a0580a6)
Letus Put! tid=0, seq=2, key=-account00000000000000000001000000000343(0993781138c18a073522d92700fa30536c39c90b7)
Letus Put! tid=0, seq=2, key=-account00000000000000000001000000000344(05a19ad614b0d4f314ad5e67b4553ed902d5cf8d8)
Letus Put! tid=0, seq=2, key=-account00000000000000000001000000000345(03bd899e348195ca6118b3bcc70b9574002f57615)
Letus Put! tid=0, seq=2, key=-account00000000000000000001000000000346(009412dff1b4642b03d2a8b4d114af4e8c0237b5c)
Letus Put! tid=0, seq=2, key=-account00000000000000000001000000000347(0cc43b949dc66eb5729ef5ff5d2ed9ecc8c2ee9bd)
Letus Put! tid=0, seq=2, key=-account00000000000000000001000000000348(0955ddea9f22d58aef237ddd448913e936e100d59)
Letus Put! tid=0, seq=2, key=-account00000000000000000001000000000349(08b178ae259678d03a00cd20a11d63b7f433415de)
Letus Put! tid=0, seq=2, key=-account00000000000000000001000000000350(0c8327ed157557ec35fddeb4c6deeefecc4fa1a32)
Letus Put! tid=0, seq=2, key=-account00000000000000000001000000000351(0129dca4812baca74fdf2ca31bf2224452078c56a)
Letus Put! tid=0, seq=2, key=-account00000000000000000001000000000352(043e2a029b393fb5365c55281ea335a96e2d69236)
Letus Put! tid=0, seq=2, key=-account00000000000000000001000000000353(0e10f91c49a4a3881980eca9b4db698ed57615374)
Letus Put! tid=0, seq=2, key=-account00000000000000000001000000000354(00f00019333adf9b1f3a177c2c0f90b93f7547dab)
Letus Put! tid=0, seq=2, key=-account00000000000000000001000000000355(028aaaf1c1c1ce560cb2d254343d7b75398d903e1)
Letus Put! tid=0, seq=2, key=-account00000000000000000001000000000356(06ae5e9354ca202b603ea6659e3703a65baa96ef8)
Letus Put! tid=0, seq=2, key=-account00000000000000000001000000000357(01bbd0b9865f969a26464c28a40e2aeccb7a1c475)
Letus Put! tid=0, seq=2, key=-account00000000000000000001000000000358(00377875c8c2a0643667d21918312e823bfb3c02d)
Letus Put! tid=0, seq=2, key=-account00000000000000000001000000000359(064af59bdbb6d3fe64a33e1f4b3b9725d141ecc28)
Letus Put! tid=0, seq=2, key=-account00000000000000000001000000000360(0d4aab4d3e57458fb2e00943e066d5c310d5e026d)
Letus Put! tid=0, seq=2, key=-account00000000000000000001000000000361(0976ca6ccbe75f3d5aeba01561258342b07106528)
Letus Put! tid=0, seq=2, key=-account00000000000000000001000000000362(04354d66abeb5d83e412e4d6149b52d688c0bcc7e)
Letus Put! tid=0, seq=2, key=-account00000000000000000001000000000363(039a0e19d4f92258ac88dddbb157e67214e52e821)
Letus Put! tid=0, seq=2, key=-account00000000000000000001000000000364(0deb83f78e08d32fb881135d4d9de65ea662bbee4)
Letus Put! tid=0, seq=2, key=-account00000000000000000001000000000365(02a6d1506cc0986ba8826d3794e1c0fa3236f5248)
Letus Put! tid=0, seq=2, key=-account00000000000000000001000000000366(0176214de1ddbcb3e17733ee69a70e0fb1e9c45d5)
Letus Put! tid=0, seq=2, key=-account00000000000000000001000000000367(0de4fb205488067f1a2694d827416c6c7badb33b1)
Letus Put! tid=0, seq=2, key=-account00000000000000000001000000000368(00ab19f2f297cba4d383f44bd528344d48eeef224)
Letus Put! tid=0, seq=2, key=-account00000000000000000001000000000369(01f6c61c5265301972bde5d45a7f05d54ddabc498)
Letus Put! tid=0, seq=2, key=-account00000000000000000001000000000370(048c9e6024eb2a4373d6a51f172607d17db57514e)
Letus Put! tid=0, seq=2, key=-account00000000000000000001000000000371(0f086a05c996a0b722391e654103220cbdf49376d)
Letus Put! tid=0, seq=2, key=-account00000000000000000001000000000372(02e83c5b65d329217f1e7f14a0287dec750de1de7)
Letus Put! tid=0, seq=2, key=-account00000000000000000001000000000373(025dfbb45bb6f943d1f5d53a33a07cdda45ca05ea)
Letus Put! tid=0, seq=2, key=-account00000000000000000001000000000374(043f707bec4f95605b95157b35a1e514d03fc89f5)
Letus Put! tid=0, seq=2, key=-account00000000000000000001000000000375(05e3d2bd907bb46d47dec66e533bfd565abafb2cb)
Letus Put! tid=0, seq=2, key=-account00000000000000000001000000000376(00ba290c6e9d189d6ed377d4583e668aa61ef1cf8)
Letus Put! tid=0, seq=2, key=-account00000000000000000001000000000377(00571cd30ee1552a29f6bcc5dfe0bf929e66d4619)
Letus Put! tid=0, seq=2, key=-account00000000000000000001000000000378(052819143fbe0c26d0b014275138ddca272e7f0e1)
Letus Put! tid=0, seq=2, key=-account00000000000000000001000000000379(04e6fc5c8862f61210137ae41257a74f32ae0bca9)
Letus Put! tid=0, seq=2, key=-account00000000000000000001000000000380(016b1771c451f1854f9213021428ff7b12448da3f)
Letus Put! tid=0, seq=2, key=-account00000000000000000001000000000381(09ed6eedc8785f9665c4b03d3e2ca535b80e30f4d)
Letus Put! tid=0, seq=2, key=-account00000000000000000001000000000382(0e43623ef0f8cede4c6351f5fbf1e87dee8360c86)
Letus Put! tid=0, seq=2, key=-account00000000000000000001000000000383(0c237f8b5f871e15384124dd0bc058642812cccc1)
Letus Put! tid=0, seq=2, key=-account00000000000000000001000000000384(0b0524692e62ea5103056f5188878f3f77c28d957)
Letus Put! tid=0, seq=2, key=-account00000000000000000001000000000385(039ff5c365194d6578b246aa5a4324a79960bee42)
Letus Put! tid=0, seq=2, key=-account00000000000000000001000000000386(0db1f369c50a417f05640d87061f9b06acafc90e6)
Letus Put! tid=0, seq=2, key=-account00000000000000000001000000000387(03e8969608f80319c4bb093c61495dcbc7fa7988a)
Letus Put! tid=0, seq=2, key=-account00000000000000000001000000000388(093fc07d7f4827e4eada1d6c3124129c72cdec6d9)
Letus Put! tid=0, seq=2, key=-account00000000000000000001000000000389(0cfddd187160b34c6501507f779d9219981125867)
Letus Put! tid=0, seq=2, key=-account00000000000000000001000000000390(0803feb6d701fade51f642bcb75f26265845bca5b)
Letus Put! tid=0, seq=2, key=-account00000000000000000001000000000391(08341126edeac8808ce50504825ad4c88594f50e9)
Letus Put! tid=0, seq=2, key=-account00000000000000000001000000000392(0234c26a3e2516c2f6e09c4f84549384a9891cfd4)
Letus Put! tid=0, seq=2, key=-account00000000000000000001000000000393(05b43ebffc22e043a9ce33b07df39c637655be300)
Letus Put! tid=0, seq=2, key=-account00000000000000000001000000000394(0e5de541c8048a242af722c5ed21fc242c885f3b6)
Letus Put! tid=0, seq=2, key=-account00000000000000000001000000000395(0e3260aa874346af055aca4cd4ec643f7570d7300)
Letus Put! tid=0, seq=2, key=-account00000000000000000001000000000396(0c8641cf8cfe5c6c00b3e8686f935924b15d3c542)
Letus Put! tid=0, seq=2, key=-account00000000000000000001000000000397(0bf84b43e2ce0bc8ac53478a84f25ce15bdf58f36)
Letus Put! tid=0, seq=2, key=-account00000000000000000001000000000398(0888945fc74aa6599b833d749051a2fa5ee4d18d4)
Letus Put! tid=0, seq=2, key=-account00000000000000000001000000000399(016e6e7c992eb8296e55cb0d86f25c08376031286)
Letus Put! tid=0, seq=2, key=-account00000000000000000001000000000400(06767b38eb45b8120cb40340ccf7c060ca5bb2933)
Letus Put! tid=0, seq=2, key=-account00000000000000000001000000000401(05ad6da738af8756484c63ed72e688cd961d98f4a)
Letus Put! tid=0, seq=2, key=-account00000000000000000001000000000402(06b4ada50e5f6f273b2ab61169830890849e5462b)
Letus Put! tid=0, seq=2, key=-account00000000000000000001000000000403(0e41408234646d1d306e5943c6d70d55425480f21)
Letus Put! tid=0, seq=2, key=-account00000000000000000001000000000404(0dd82ce0c30b4c5ebef0fd61079dfdcde19be566b)
Letus Put! tid=0, seq=2, key=-account00000000000000000001000000000405(0e29a686dcd6744ac3670446e85e3a9e52c0fda7a)
Letus Put! tid=0, seq=2, key=-account00000000000000000001000000000406(054caa30ea142062b2bb1febec3dfc349bc07c6fd)
Letus Put! tid=0, seq=2, key=-account00000000000000000001000000000407(06bc92f8ddc4ad9d0d65495a7ed75be0b856b9641)
Letus Put! tid=0, seq=2, key=-account00000000000000000001000000000408(0f66c4d23245cfe7d5a975ff22e1575c2d4603612)
Letus Put! tid=0, seq=2, key=-account00000000000000000001000000000409(06f4f0593377e61641dee98d35d4b162b095b374f)
Letus Put! tid=0, seq=2, key=-account00000000000000000001000000000410(0b8b52e8dfa1b4c2d246d22f1cceac1f341ea59bf)
Letus Put! tid=0, seq=2, key=-account00000000000000000001000000000411(085ddc4554047b27ec46e78b7cc946e1ea2b14d63)
Letus Put! tid=0, seq=2, key=-account00000000000000000001000000000412(09400192cb751b3c3e150716675f28a2fbad88e16)
Letus Put! tid=0, seq=2, key=-account00000000000000000001000000000413(0d4fddd678c205873bdba4710db1fbb873217391b)
Letus Put! tid=0, seq=2, key=-account00000000000000000001000000000414(0d1e33b6eef1a31e7e42f885fcadc1e303ed07451)
Letus Put! tid=0, seq=2, key=-account00000000000000000001000000000415(001b0dedfb6600007e6f500f60b824ce7aedcef7b)
Letus Put! tid=0, seq=2, key=-account00000000000000000001000000000416(02323835719e6faf000adea71c5b59cc5ab19f489)
Letus Put! tid=0, seq=2, key=-account00000000000000000001000000000417(00ebf0fab05bbc4a0c605029f3c301dd0f9908fe1)
Letus Put! tid=0, seq=2, key=-account00000000000000000001000000000418(00cbcb646ad50297dbc23ed97eedae4a565d98139)
Letus Put! tid=0, seq=2, key=-account00000000000000000001000000000419(0469a3ad8544bfc8c81305c9b578315ecb8b366eb)
Letus Put! tid=0, seq=2, key=-account00000000000000000001000000000420(05ca61518cbc0c961eb853fa6edf1e0d3ff2b2a9b)
Letus Put! tid=0, seq=2, key=-account00000000000000000001000000000421(0d230d0f3bf2337d60e60cb5d822f97ec4bc43515)
Letus Put! tid=0, seq=2, key=-account00000000000000000001000000000422(0f937a8d5dd158726a5e0db17ad8696e6e29f4d1c)
Letus Put! tid=0, seq=2, key=-account00000000000000000001000000000423(0066ae6508ed161a28bf43ec542391402501b5005)
Letus Put! tid=0, seq=2, key=-account00000000000000000001000000000424(00ece13843fe44c59988a2e6671ebb81a31c3ddf0)
Letus Put! tid=0, seq=2, key=-account00000000000000000001000000000425(0941f894fdafb5c2bfd9cca0df311716f7cea2a52)
Letus Put! tid=0, seq=2, key=-account00000000000000000001000000000426(035714db7faffc3b1532e8a7ff174d2007f81dab1)
Letus Put! tid=0, seq=2, key=-account00000000000000000001000000000427(09069a48cc1e3ab29c404b036e09cb2e18fe78f1b)
Letus Put! tid=0, seq=2, key=-account00000000000000000001000000000428(0c2799debc2a93d75f220a4755173988f0efd06f9)
Letus Put! tid=0, seq=2, key=-account00000000000000000001000000000429(0ee473705e8b5511d0895b8d399b8fe53ac5adaf9)
Letus Put! tid=0, seq=2, key=-account00000000000000000001000000000430(07294db34e74fd03c8ffec01df74c8da584ce47fe)
Letus Put! tid=0, seq=2, key=-account00000000000000000001000000000431(0a69ab7ee6c745e51442ef95eab74f47628c3a6a4)
Letus Put! tid=0, seq=2, key=-account00000000000000000001000000000432(0b524b5d570143ba60b948303ccff21d50aec423e)
Letus Put! tid=0, seq=2, key=-account00000000000000000001000000000433(0940ea7094014b169cb8ec05c2ddb88dd81c73216)
Letus Put! tid=0, seq=2, key=-account00000000000000000001000000000434(0e1e4c431693dd6abe9f770942b648f034a705ec7)
Letus Put! tid=0, seq=2, key=-account00000000000000000001000000000435(0d303865ec6b6823e6b1754fd3c7aed88a7ce3763)
Letus Put! tid=0, seq=2, key=-account00000000000000000001000000000436(016c9f3b7be16f0329fa3c28b9f4e238de87c18ab)
Letus Put! tid=0, seq=2, key=-account00000000000000000001000000000437(03d1889848ef92ef32fd2fc0b6c4fc380fb8e2773)
Letus Put! tid=0, seq=2, key=-account00000000000000000001000000000438(034264e83f18fb80fa938e8c6c7f2d149b653c6ac)
Letus Put! tid=0, seq=2, key=-account00000000000000000001000000000439(0a35e2f62554145bd48b5f1be5639436ef733a321)
Letus Put! tid=0, seq=2, key=-account00000000000000000001000000000440(0ac72d1a43980e60451cacf461319242815e06aaa)
Letus Put! tid=0, seq=2, key=-account00000000000000000001000000000441(0fc7f8ceb2788b011f658b7272f0397aabf103d63)
Letus Put! tid=0, seq=2, key=-account00000000000000000001000000000442(0cb82d7788eb8eb0e20d0d743f063dc1b6c34b278)
Letus Put! tid=0, seq=2, key=-account00000000000000000001000000000443(0714263f2916dbde07ed88a90ea8ce22ee429f9c8)
Letus Put! tid=0, seq=2, key=-account00000000000000000001000000000444(071bb5dd67b9333c33911f052f171ecc2483c5b82)
Letus Put! tid=0, seq=2, key=-account00000000000000000001000000000445(0bb195043b68983a36e3f39c61c7839a20f8c0556)
Letus Put! tid=0, seq=2, key=-account00000000000000000001000000000446(0cd67256d0bc0ce9c8c59194e2ab0ecd0132b36c9)
Letus Put! tid=0, seq=2, key=-account00000000000000000001000000000447(048807ef71504ffb4b661e1927ed2979afc0f2fbc)
Letus Put! tid=0, seq=2, key=-account00000000000000000001000000000448(000b9993824d107c448d0ab7b04ba8f8a888ea0cf)
Letus Put! tid=0, seq=2, key=-account00000000000000000001000000000449(04924fdb1bd40f3184a213adb496d993df4392663)
Letus Put! tid=0, seq=2, key=-account00000000000000000001000000000450(08740c941af0753a74b938690d00c23f6cdd99fe5)
Letus Put! tid=0, seq=2, key=-account00000000000000000001000000000451(0c474db9314207738a5e33b46c1d95f105497ca7d)
Letus Put! tid=0, seq=2, key=-account00000000000000000001000000000452(09d544ab0efc658e56386bd0d4d2634647b0512cf)
Letus Put! tid=0, seq=2, key=-account00000000000000000001000000000453(0018b951e3fc3906e7dd6b58f20c1fb510e8a4baa)
Letus Put! tid=0, seq=2, key=-account00000000000000000001000000000454(0417ef9141c91b80c789a7fe98c005a2175065dc8)
Letus Put! tid=0, seq=2, key=-account00000000000000000001000000000455(0c31c900ebe003a31813f83b80e68cadd690b662b)
Letus Put! tid=0, seq=2, key=-account00000000000000000001000000000456(0f42e93c64bddcb8471086fae3cccb81486a51157)
Letus Put! tid=0, seq=2, key=-account00000000000000000001000000000457(0b73abe7f7e40f5369f97625311240b0b041c0aa2)
Letus Put! tid=0, seq=2, key=-account00000000000000000001000000000458(0605105ae579b9e5decd6e2d26ae4b89833df62bc)
Letus Put! tid=0, seq=2, key=-account00000000000000000001000000000459(0a5a80dbe08ebf3cb383c5178e269570085896fd3)
Letus Put! tid=0, seq=2, key=-account00000000000000000001000000000460(0ed528f3b110029cd364d98e77eb53e37b481e1b3)
Letus Put! tid=0, seq=2, key=-account00000000000000000001000000000461(0a08d6b7ae5e4650029f8233c1ef3407bafe0a5bd)
Letus Put! tid=0, seq=2, key=-account00000000000000000001000000000462(0d2d8be23c1c3cc96a34fec6849e2df5a5be5674b)
Letus Put! tid=0, seq=2, key=-account00000000000000000001000000000463(074ebbd77811535b4f2eb1ea56b99d5320d09702b)
Letus Put! tid=0, seq=2, key=-account00000000000000000001000000000464(05ef2097531854cc510e5bcfeddd335ea09053f80)
Letus Put! tid=0, seq=2, key=-account00000000000000000001000000000465(0ee330425827694266245e83071ba957b6a074ce1)
Letus Put! tid=0, seq=2, key=-account00000000000000000001000000000466(0c4680ceadb69b22642777a94568612a3f68a0d28)
Letus Put! tid=0, seq=2, key=-account00000000000000000001000000000467(082270070215ae22c30ad280b69d985f64829297a)
Letus Put! tid=0, seq=2, key=-account00000000000000000001000000000468(004fee7018d7d1de234c0184f3aa9a040cbd81bff)
Letus Put! tid=0, seq=2, key=-account00000000000000000001000000000469(09b584ac0672aa72448cb86ffb79bd91005b65c7b)
Letus Put! tid=0, seq=2, key=-account00000000000000000001000000000470(0c83f210ea6e3f364c9aaa8b0a3a8faa43996ca7b)
Letus Put! tid=0, seq=2, key=-account00000000000000000001000000000471(0831d3b9b475e7aa4c630bb54d1226ad46cfdedc6)
Letus Put! tid=0, seq=2, key=-account00000000000000000001000000000472(03ca5990926535a25c1e98f3004e392616f455eae)
Letus Put! tid=0, seq=2, key=-account00000000000000000001000000000473(01e966b4899cf551089b7050c20358652a63a9d8c)
Letus Put! tid=0, seq=2, key=-account00000000000000000001000000000474(010ee5e6eb0729c1fd16ffbedc84cf47edd036730)
Letus Put! tid=0, seq=2, key=-account00000000000000000001000000000475(0f775faba75a49cb4d6c9bd26aec47f267dbc0e69)
Letus Put! tid=0, seq=2, key=-account00000000000000000001000000000476(029e8c2f266f61f5c93183954b415d57757212b65)
Letus Put! tid=0, seq=2, key=-account00000000000000000001000000000477(0840df0897ddb95f5b172f7594035b453c526f3e7)
Letus Put! tid=0, seq=2, key=-account00000000000000000001000000000478(0b98f9ee02ac05c1a6c7d4faac1aac6b15fd6cfbb)
Letus Put! tid=0, seq=2, key=-account00000000000000000001000000000479(0a8ed323e55023e387f3acc448a4ab9fb45c85d5d)
Letus Put! tid=0, seq=2, key=-account00000000000000000001000000000480(0fed23bda71993c523e1cd87bd33252155c82ca08)
Letus Put! tid=0, seq=2, key=-account00000000000000000001000000000481(015e4cba2dc834d00ba8831e544569d1aebf5410a)
Letus Put! tid=0, seq=2, key=-account00000000000000000001000000000482(04b523f82a475a84471f7ec95245ecdecd56ed6d7)
Letus Put! tid=0, seq=2, key=-account00000000000000000001000000000483(0876668bc1b357b35ebeff4c3ba9efe6f6f2503ef)
Letus Put! tid=0, seq=2, key=-account00000000000000000001000000000484(0a1c4b89dd8087e77784ce171eed4497e6afea323)
Letus Put! tid=0, seq=2, key=-account00000000000000000001000000000485(0a1c6598bca4f69d784f74d7cd662892a973ed3bf)
Letus Put! tid=0, seq=2, key=-account00000000000000000001000000000486(0425ee4b8b20c7d8e86e71d387bb7c7ca63447802)
Letus Put! tid=0, seq=2, key=-account00000000000000000001000000000487(08d340224547e674411507617ccbf2d7ffd86f964)
Letus Put! tid=0, seq=2, key=-account00000000000000000001000000000488(08c2843c186ff9383796b6ee51c3ae31fdc29076a)
Letus Put! tid=0, seq=2, key=-account00000000000000000001000000000489(01843b3e69ac4958cec698d0502189988d4eed020)
Letus Put! tid=0, seq=2, key=-account00000000000000000001000000000490(07c470b8969a8cf93dd4d6f59246c73c622e094d6)
Letus Put! tid=0, seq=2, key=-account00000000000000000001000000000491(02906bff3efb7109dc78022aa5691544d3a87d1dd)
Letus Put! tid=0, seq=2, key=-account00000000000000000001000000000492(09c90a214e6d4ccfb0c9218b8d5d6d2a8cc4538a4)
Letus Put! tid=0, seq=2, key=-account00000000000000000001000000000493(0ff76131cdc2dca46e26c2dd68b731dc72eedb92b)
Letus Put! tid=0, seq=2, key=-account00000000000000000001000000000494(0e7d06f47748a72a6e5d863fc08611184c949278d)
Letus Put! tid=0, seq=2, key=-account00000000000000000001000000000495(0d04e2136bf4d36397e412cd701e61abbe0d51b0f)
Letus Put! tid=0, seq=2, key=-account00000000000000000001000000000496(031468b5bab18b2ffb2189eb39a802fe67889db87)
Letus Put! tid=0, seq=2, key=-account00000000000000000001000000000497(0d24bbc8820d858e430c3d1859a0c5fdb488b364c)
Letus Put! tid=0, seq=2, key=-account00000000000000000001000000000498(0a71554fb339565f51a8c10ca286f7e86cad0a292)
Letus Put! tid=0, seq=2, key=-account00000000000000000001000000000499(07b25a694baf79870e786faa604b998d27996947f)
Letus calculate root hash! version=2
after hash seq_no:1
Letus Get! tid=0, seq=2, key=-account00000000000000000001000000000000(04fb1e9bba6c208e1d8e99cdc2d8546eb1ad69005)
Letus Get! tid=0, seq=2, key=-account00000000000000000001000000000001(0e562fc57fafbdcd3b9c8b1666f4de65ca37413b4)
Letus Get! tid=0, seq=2, key=-account00000000000000000001000000000002(0fb0f2b7c0aa58aaa9bd0eb27cf22b5263ed4281f)
Letus Get! tid=0, seq=2, key=-account00000000000000000001000000000003(0e2df3c5eeda5b255cfb8c5cee2235f5fd9e19777)
Letus Get! tid=0, seq=2, key=-account00000000000000000001000000000004(0e08a315fcded21a483709cae8fefa7de85a83365)
Letus Get! tid=0, seq=2, key=-account00000000000000000001000000000005(087bba27fcec9511e3cb2760795944b49d558bfea)
Letus Get! tid=0, seq=2, key=-account00000000000000000001000000000006(079f172fb08994a4b83e138aef1ff40c8e195b399)
Letus Get! tid=0, seq=2, key=-account00000000000000000001000000000007(0f6dd0d6fe5aa5008c53e718bb56e9cd682b66afc)
Letus Get! tid=0, seq=2, key=-account00000000000000000001000000000008(00db37a0ad9927972d249c9fef64a75f8661d8548)
Letus Get! tid=0, seq=2, key=-account00000000000000000001000000000009(08e26d46e2e8ba608dc384717ced1f213a51db34a)
Letus Get! tid=0, seq=2, key=-account00000000000000000001000000000010(054f78ea1f6c8b9e6de5d2a99d53f10968de44209)
Letus Get! tid=0, seq=2, key=-account00000000000000000001000000000011(0d52f8eb24cf7ea5b9aa90424b9d595639d3471c3)
Letus Get! tid=0, seq=2, key=-account00000000000000000001000000000012(08f260b3ddf1f37d5ab8a190042915a99559062ff)
Letus Get! tid=0, seq=2, key=-account00000000000000000001000000000013(0979a6897aa84baf43acde9de028aa962503f35b4)
Letus Get! tid=0, seq=2, key=-account00000000000000000001000000000014(0a0762084a64958204e3ddf680aa87e2c49b9f36d)
Letus Get! tid=0, seq=2, key=-account00000000000000000001000000000015(0b41550380fa1bf4aae4867ef66697b78055b5795)
Letus Get! tid=0, seq=2, key=-account00000000000000000001000000000016(08cf4e982fd16173d5a42535bd9f99da324e677a6)
Letus Get! tid=0, seq=2, key=-account00000000000000000001000000000017(009e3fe58a4c132e70b2ad15e8098d48db677c5c1)
Letus Get! tid=0, seq=2, key=-account00000000000000000001000000000018(0e8bc567da386084b84296568b0dffa0c06899b13)
Letus Get! tid=0, seq=2, key=-account00000000000000000001000000000019(01409bbcb7c3af688a7b051841f243a3c1e4ca7cb)
Letus Get! tid=0, seq=2, key=-account00000000000000000001000000000020(01f9297c5b0b2186881ce78aff1603486cad9f2f8)
Letus Get! tid=0, seq=2, key=-account00000000000000000001000000000021(0f1cd72bdb6ee39ce92c6613ec2d6af383431cd84)
Letus Get! tid=0, seq=2, key=-account00000000000000000001000000000022(0865749954e17ea55896822333d595180a6b4c293)
Letus Get! tid=0, seq=2, key=-account00000000000000000001000000000023(01a2fe01b597613bc43152a5962f0b7d707160d1e)
Letus Get! tid=0, seq=2, key=-account00000000000000000001000000000024(0c2be271db25ee212d948d0567df479dc9d5d94b3)
Letus Get! tid=0, seq=2, key=-account00000000000000000001000000000025(0f3a95f396056d78bb2218c017125362e2b060049)
Letus Get! tid=0, seq=2, key=-account00000000000000000001000000000026(0d3d23489f689dc9d838f8518877981a128d92997)
Letus Get! tid=0, seq=2, key=-account00000000000000000001000000000027(02165c0857c72efb1aa07a719c0c25ebbd5511960)
Letus Get! tid=0, seq=2, key=-account00000000000000000001000000000028(0ac330ed0c863c858d83946eb62ee72699ab1fbc5)
Letus Get! tid=0, seq=2, key=-account00000000000000000001000000000029(0bdd4bff8d9cb588b20ad0883875fa8026ef17aa9)
Letus Get! tid=0, seq=2, key=-account00000000000000000001000000000030(08e865abcee9568598fe208a9a387459bd6087ac4)
Letus Get! tid=0, seq=2, key=-account00000000000000000001000000000031(0f8df92cd4ccdde9a3286020d1889f2c3339e73c6)
Letus Get! tid=0, seq=2, key=-account00000000000000000001000000000032(00137d13b268e68df3f81b9cb0c3ae3acb3abd12e)
Letus Get! tid=0, seq=2, key=-account00000000000000000001000000000033(00c14e1d5b5d171d097ff2d10239a588fb76d3739)
Letus Get! tid=0, seq=2, key=-account00000000000000000001000000000034(09c6b72168b1c5f229515eb3ab1265a3b7ab4c6de)
Letus Get! tid=0, seq=2, key=-account00000000000000000001000000000035(0e2b781571f31ad43042aec6d8131062c815ee8f1)
Letus Get! tid=0, seq=2, key=-account00000000000000000001000000000036(0c3cef5a5da47e61453b35da39437fa7b214c7b48)
Letus Get! tid=0, seq=2, key=-account00000000000000000001000000000037(0ebf2c4b3d7ad7dcb245628c5bd2488792f7fe08b)
Letus Get! tid=0, seq=2, key=-account00000000000000000001000000000038(001cde88fe348c4ac22611c12d45aee31bc78ec3b)
Letus Get! tid=0, seq=2, key=-account00000000000000000001000000000039(07bbb69bc90f61c3b89436d351f3fe7ca872b3818)
Letus Get! tid=0, seq=2, key=-account00000000000000000001000000000040(0e15b8052e78b790d7fbbca9c13ba73f32f136d92)
Letus Get! tid=0, seq=2, key=-account00000000000000000001000000000041(0da9c1fcb7155a7ff62be4466435f789d40307b60)
Letus Get! tid=0, seq=2, key=-account00000000000000000001000000000042(07cd4c2171fc598c24fb517926a07cb4620d8ab89)
Letus Get! tid=0, seq=2, key=-account00000000000000000001000000000043(0cc16f8da63df8d899da3ff4f67727c497c0cbeca)
Letus Get! tid=0, seq=2, key=-account00000000000000000001000000000044(037c91d8e10d4be1d8c0b3836c3c5284a9394b10c)
Letus Get! tid=0, seq=2, key=-account00000000000000000001000000000045(09cc0bc5996fe9b73135ec2d7f280a380556a80b0)
Letus Get! tid=0, seq=2, key=-account00000000000000000001000000000046(070ec6ab174dc10d91c28af190e68845b6f6f3b03)
Letus Get! tid=0, seq=2, key=-account00000000000000000001000000000047(0725c055f67dd4ae50c351abb26b118323a5075bc)
Letus Get! tid=0, seq=2, key=-account00000000000000000001000000000048(02708b16a7ec2fceb95ab132a0bcd984aeb7d0cf7)
Letus Get! tid=0, seq=2, key=-account00000000000000000001000000000049(0a58bbbf94b320a04b8324915e299ebfaf3b2846b)
Letus Get! tid=0, seq=2, key=-account00000000000000000001000000000050(03dacb36f29ee81c0afe14f622c0161f35f8d10f2)
Letus Get! tid=0, seq=2, key=-account00000000000000000001000000000051(001b73a7f37e00d11267236050bf04aecaa655417)
Letus Get! tid=0, seq=2, key=-account00000000000000000001000000000052(0af0197cfcc670bbef1dbe98089cd558cdb8b41ee)
Letus Get! tid=0, seq=2, key=-account00000000000000000001000000000053(03ddd7f2d224332ccbb899435fa963da9ed8e0d03)
Letus Get! tid=0, seq=2, key=-account00000000000000000001000000000054(09b8442d74c689e8e436e2c550597286d5f9c55ca)
Letus Get! tid=0, seq=2, key=-account00000000000000000001000000000055(03e4d9a4fe026ced3d96b76f2b720dde393e4351a)
Letus Get! tid=0, seq=2, key=-account00000000000000000001000000000056(0b609ec7fb526e3c529930d2bde4a69991ef0f78e)
Letus Get! tid=0, seq=2, key=-account00000000000000000001000000000057(0eaf6c1417b93a54e6c82c1a5daad8bfbf2d8240a)
Letus Get! tid=0, seq=2, key=-account00000000000000000001000000000058(00b539e5128e7aead8a12aad0196e1d4476eb6bd8)
Letus Get! tid=0, seq=2, key=-account00000000000000000001000000000059(02e0db60640c3a2d7e47f3b7554be4889f38cb248)
Letus Get! tid=0, seq=2, key=-account00000000000000000001000000000060(0a20896a12adcbe4c95f2c869bfd2cc9db92073d7)
Letus Get! tid=0, seq=2, key=-account00000000000000000001000000000061(03eb8c0cd9a2a53996f6891b7d1b920fb801a498c)
Letus Get! tid=0, seq=2, key=-account00000000000000000001000000000062(0f2b079b2bea3a9e814944932d573747114d60b7e)
Letus Get! tid=0, seq=2, key=-account00000000000000000001000000000063(0f38c038c1372eef6273800cd0590b92d8fad8679)
Letus Get! tid=0, seq=2, key=-account00000000000000000001000000000064(06b1247baf45198e7c275352a377130d2728070ee)
Letus Get! tid=0, seq=2, key=-account00000000000000000001000000000065(096941880554043831fa24ce191d8f1f86a1da4e0)
Letus Get! tid=0, seq=2, key=-account00000000000000000001000000000066(00bd41a3a6cbba818c70ea81ed2489874249e6c85)
Letus Get! tid=0, seq=2, key=-account00000000000000000001000000000067(03f9e20d75f59b8bfb98c715f535ea32a3ace0c7d)
Letus Get! tid=0, seq=2, key=-account00000000000000000001000000000068(06f2811f76297ed5b6a5408173ba65be9658d8074)
Letus Get! tid=0, seq=2, key=-account00000000000000000001000000000069(02d752024e2b34ff041dcc98ca902c25d530ee745)
Letus Get! tid=0, seq=2, key=-account00000000000000000001000000000070(0e5cf85e05060b53c6c1bfa8921285912546857c5)
Letus Get! tid=0, seq=2, key=-account00000000000000000001000000000071(0f1659dea6c53d021d79589f6d7bae295951e1bff)
Letus Get! tid=0, seq=2, key=-account00000000000000000001000000000072(0f7bfbe677a28f867f9baa980641983953b6214a3)
Letus Get! tid=0, seq=2, key=-account00000000000000000001000000000073(065b3d622baba1f842e8ea63900abe6cdfcd4d246)
Letus Get! tid=0, seq=2, key=-account00000000000000000001000000000074(055bedab55547431875fac68c90f749ff3317aeb1)
Letus Get! tid=0, seq=2, key=-account00000000000000000001000000000075(09e647416b8b1a837f710ae7cb8624207d957bb68)
Letus Get! tid=0, seq=2, key=-account00000000000000000001000000000076(0701460d3849239b91439fb1feffc98fe0f4776cc)
Letus Get! tid=0, seq=2, key=-account00000000000000000001000000000077(07e4d7c982230f407657fbd8acdd9688dcacb9359)
Letus Get! tid=0, seq=2, key=-account00000000000000000001000000000078(04a455cdce4f6df2b3420af1117ef4ffef982dd80)
Letus Get! tid=0, seq=2, key=-account00000000000000000001000000000079(067bb771960b6f2dfd5a35ec8023261dc510db199)
Letus Get! tid=0, seq=2, key=-account00000000000000000001000000000080(047915e6b8a9afe2510508f217e27368cd97f6da3)
Letus Get! tid=0, seq=2, key=-account00000000000000000001000000000081(0f856772c06c274cb599b7af91cecf01f5abc1207)
Letus Get! tid=0, seq=2, key=-account00000000000000000001000000000082(01b371a69d32d14feee2cc7c63aa0517450645dd1)
Letus Get! tid=0, seq=2, key=-account00000000000000000001000000000083(09fc22513ef233670b4a8a8c1e7cab8bdd48790c4)
Letus Get! tid=0, seq=2, key=-account00000000000000000001000000000084(07bf313e51c3d618e6dc0fa884cb1293388eed195)
Letus Get! tid=0, seq=2, key=-account00000000000000000001000000000085(0cc18a5f6d3bbc55786b2447368d8defedac757a1)
Letus Get! tid=0, seq=2, key=-account00000000000000000001000000000086(02418fa62d766e72b28b74652f3ed64626e15cf76)
Letus Get! tid=0, seq=2, key=-account00000000000000000001000000000087(068e3c0f8bf5aab4cb6dc9dbc0e305e54ff90a5a5)
Letus Get! tid=0, seq=2, key=-account00000000000000000001000000000088(0a8001124fca6f351bb5ca89d830fe42f67d50356)
Letus Get! tid=0, seq=2, key=-account00000000000000000001000000000089(08c3b0806a793129613fb469d06ada082884ed052)
Letus Get! tid=0, seq=2, key=-account00000000000000000001000000000090(0076edaae614e1f57330e3fded4e295f198005df4)
Letus Get! tid=0, seq=2, key=-account00000000000000000001000000000091(01b4177b5e5108516664fa03981618896b099245b)
Letus Get! tid=0, seq=2, key=-account00000000000000000001000000000092(008478c335d2210aaf1f60a09ff41fb9774f7f617)
Letus Get! tid=0, seq=2, key=-account00000000000000000001000000000093(0156b30bfe6caaf662dee46d467f83ee2739e4acc)
Letus Get! tid=0, seq=2, key=-account00000000000000000001000000000094(03eb4a0a46cba1ea240e33a39df1d7039a3dda32c)
Letus Get! tid=0, seq=2, key=-account00000000000000000001000000000095(05074c3bd862fbf6c654536b759544a8a63c0cc9d)
Letus Get! tid=0, seq=2, key=-account00000000000000000001000000000096(04d83b53039fcb4df27272f2366d324e16db91f26)
Letus Get! tid=0, seq=2, key=-account00000000000000000001000000000097(0238f7da5924cc040ced6cb9f292d73b186333155)
Letus Get! tid=0, seq=2, key=-account00000000000000000001000000000098(048719b8965f20f77f614729db621c9a090f7a68a)
Letus Get! tid=0, seq=2, key=-account00000000000000000001000000000099(066565b7f776516bb9162a23138eee29f14a9a5de)
Letus Get! tid=0, seq=2, key=-account00000000000000000001000000000100(0195e0eaba178435d60d3b4716da174c8d7c1e6c4)
Letus Get! tid=0, seq=2, key=-account00000000000000000001000000000101(08780c3e6bcd68e21a45d15a2521079447c4c88ba)
Letus Get! tid=0, seq=2, key=-account00000000000000000001000000000102(0d45ce831b178ff9a48df903edfdd4166ccec7aa7)
Letus Get! tid=0, seq=2, key=-account00000000000000000001000000000103(07ab35cfb0b19c0a220f0a8d0e9aaa5a65805511a)
Letus Get! tid=0, seq=2, key=-account00000000000000000001000000000104(0e5323254d40c6b48625c458d6c057985173cb872)
Letus Get! tid=0, seq=2, key=-account00000000000000000001000000000105(0f17bcf6153ea2bdf2dd0c855504592e127bdfc29)
Letus Get! tid=0, seq=2, key=-account00000000000000000001000000000106(02046380b2cf9747d708b849bc763c01daa87a0a6)
Letus Get! tid=0, seq=2, key=-account00000000000000000001000000000107(08a0f029987995eddd27c4306999273ed08deccd3)
Letus Get! tid=0, seq=2, key=-account00000000000000000001000000000108(0086887e84b70f2e34383863dc337e343c8672d2c)
Letus Get! tid=0, seq=2, key=-account00000000000000000001000000000109(0f9a84cb8f924f92deaa2acbc6286141851098f16)
Letus Get! tid=0, seq=2, key=-account00000000000000000001000000000110(09de1b36b760ddb32e7e23fa13e1251eb2b1d0cb6)
Letus Get! tid=0, seq=2, key=-account00000000000000000001000000000111(09c1ff09dd3057960a5c792d67f01710925a779de)
Letus Get! tid=0, seq=2, key=-account00000000000000000001000000000112(0594fc2d14ed3d2a306372d7f85c697d0e546aec3)
Letus Get! tid=0, seq=2, key=-account00000000000000000001000000000113(084a31b34065cce858565e10d4369edab1352a969)
Letus Get! tid=0, seq=2, key=-account00000000000000000001000000000114(08c8fbb5942dfc8fc48cad7901b76fb6493bca158)
Letus Get! tid=0, seq=2, key=-account00000000000000000001000000000115(07541e0e303c036523bc5b08a0a1d9f1b49b819f2)
Letus Get! tid=0, seq=2, key=-account00000000000000000001000000000116(0acc3a0e4fd959e00363eeb1d7a192de0890c748a)
Letus Get! tid=0, seq=2, key=-account00000000000000000001000000000117(0dfabc102725485852145a48fc1f2f6d15d1a8971)
Letus Get! tid=0, seq=2, key=-account00000000000000000001000000000118(0b09ed1d77a77f3fc022251b304c84573e523e784)
Letus Get! tid=0, seq=2, key=-account00000000000000000001000000000119(0efee153e5d265d5f53c5e3c258db67796b495cf2)
Letus Get! tid=0, seq=2, key=-account00000000000000000001000000000120(042861b49af9d764c7de185596858462c19777809)
Letus Get! tid=0, seq=2, key=-account00000000000000000001000000000121(08571e68a4427383478f4f087175610b3e6a725c0)
Letus Get! tid=0, seq=2, key=-account00000000000000000001000000000122(01f9ddde295fdb4bb9f538d2581f7ab0eeca30f6c)
Letus Get! tid=0, seq=2, key=-account00000000000000000001000000000123(0fd6eda7fa5eed709c800f44b4e46a3529575a9e5)
Letus Get! tid=0, seq=2, key=-account00000000000000000001000000000124(0e4e43a44e2b5b351349df1dff035b8acaeac8558)
Letus Get! tid=0, seq=2, key=-account00000000000000000001000000000125(04ecad101e74e6f4ad5a8d6f2a8e4ec22c11fa553)
Letus Get! tid=0, seq=2, key=-account00000000000000000001000000000126(02b7d0c20d9ed914b0f132b0642a75427340e5a8b)
Letus Get! tid=0, seq=2, key=-account00000000000000000001000000000127(0580028661df17eb9d200cd70a29f4047044ac851)
Letus Get! tid=0, seq=2, key=-account00000000000000000001000000000128(081524e34a248c0df084b26cdb33da33028db4d42)
Letus Get! tid=0, seq=2, key=-account00000000000000000001000000000129(0cb0521147f3d0d12a0427c171bcfc43c1d7f58de)
Letus Get! tid=0, seq=2, key=-account00000000000000000001000000000130(0719705ae2e75dc631064d2330981dae9cee97ca8)
Letus Get! tid=0, seq=2, key=-account00000000000000000001000000000131(0354663ececcebb71e68958bf7ef6738074a9d53a)
Letus Get! tid=0, seq=2, key=-account00000000000000000001000000000132(039186d6c7556a9593454baf8f16659847f7926d9)
Letus Get! tid=0, seq=2, key=-account00000000000000000001000000000133(024cf9801d921e26b89636584c1eb8bd02156284e)
Letus Get! tid=0, seq=2, key=-account00000000000000000001000000000134(0df7972f088edd54d39d5fd8c293f57ff3419b707)
Letus Get! tid=0, seq=2, key=-account00000000000000000001000000000135(0ca0368948ee2b6c599d00f21322a88fa4711b460)
Letus Get! tid=0, seq=2, key=-account00000000000000000001000000000136(0a1b6874fcfcd7f25c0264dce9e09a33de9d73d0d)
Letus Get! tid=0, seq=2, key=-account00000000000000000001000000000137(0beca10a0278c22606aa2299219233b5641d4fc27)
Letus Get! tid=0, seq=2, key=-account00000000000000000001000000000138(05f5c47849e2284b827e026c4ebf78f816d232309)
Letus Get! tid=0, seq=2, key=-account00000000000000000001000000000139(05441e374ad6a3749ac52f6791e17a0b542300789)
Letus Get! tid=0, seq=2, key=-account00000000000000000001000000000140(00166cd5d6cda765e212e9c4a3c555d9e07fdee1a)
Letus Get! tid=0, seq=2, key=-account00000000000000000001000000000141(0588591c9ef866668a663638276b8deb650018ac8)
Letus Get! tid=0, seq=2, key=-account00000000000000000001000000000142(0aa6afb41d94e97972c4f2dd96c0e5d28f61862c1)
Letus Get! tid=0, seq=2, key=-account00000000000000000001000000000143(0b3367218730819785fc1be60bb04ce675eb1fad7)
Letus Get! tid=0, seq=2, key=-account00000000000000000001000000000144(0400109d5f665d2e2ce8e555bbc806abd74d25e8c)
Letus Get! tid=0, seq=2, key=-account00000000000000000001000000000145(0553241fdcb11e0651fb45e83c5f3c306a5f84d58)
Letus Get! tid=0, seq=2, key=-account00000000000000000001000000000146(0556c3ab7db8bcc1aee52261eb98ca01d0c27d70e)
Letus Get! tid=0, seq=2, key=-account00000000000000000001000000000147(00e56c3b7bbed13a65ea1a2515182eaff4ddfd4a9)
Letus Get! tid=0, seq=2, key=-account00000000000000000001000000000148(094b0298b7abe56cbb121b2fb4c421bac04ad768f)
Letus Get! tid=0, seq=2, key=-account00000000000000000001000000000149(08b4a8dcee0991fd829b2fd9e37f9ccb34b3af91c)
Letus Get! tid=0, seq=2, key=-account00000000000000000001000000000150(0658b4f046f0e33c74bac36d13f941261f08c70a3)
Letus Get! tid=0, seq=2, key=-account00000000000000000001000000000151(02d2725de150a008b5fc6d496b33bfe950884a034)
Letus Get! tid=0, seq=2, key=-account00000000000000000001000000000152(04918b3199469d27634af003d0a24f1ca4deee28b)
Letus Get! tid=0, seq=2, key=-account00000000000000000001000000000153(01fed8c65630fa2cb152023166a660e71bc95eb43)
Letus Get! tid=0, seq=2, key=-account00000000000000000001000000000154(00837f517c92f1f8ad62e0960e121c4c92f52ba72)
Letus Get! tid=0, seq=2, key=-account00000000000000000001000000000155(06b2717347014dc14a0ed8dfd0ccd89d80f5ddd6f)
Letus Get! tid=0, seq=2, key=-account00000000000000000001000000000156(02821118afad4b4d163256c80e1734e969d662467)
Letus Get! tid=0, seq=2, key=-account00000000000000000001000000000157(091198d87777aee1c7b364b62d91595cd32e7e93a)
Letus Get! tid=0, seq=2, key=-account00000000000000000001000000000158(0668f2504cb279e072e89930e48d1cd03f443839a)
Letus Get! tid=0, seq=2, key=-account00000000000000000001000000000159(0b4c5f4222c8b248b0e2934b86e4eda48c1c86039)
Letus Get! tid=0, seq=2, key=-account00000000000000000001000000000160(07293743b0533026c9737884f49e6e598b4b8b0ee)
Letus Get! tid=0, seq=2, key=-account00000000000000000001000000000161(088852be6c87ae7741831a4ddbfa76482433e1e7f)
Letus Get! tid=0, seq=2, key=-account00000000000000000001000000000162(019a06139c8b28c5cc4489c0b614ff4102c4b9346)
Letus Get! tid=0, seq=2, key=-account00000000000000000001000000000163(0063940f6e8aa8c1b63e0e2a6441a73a04703662c)
Letus Get! tid=0, seq=2, key=-account00000000000000000001000000000164(090dbd203ef749b5805734b83e2f564fecb0cc224)
Letus Get! tid=0, seq=2, key=-account00000000000000000001000000000165(0dd4934a29c2c388f1b8ef2251cb73b0bb5e9f8e7)
Letus Get! tid=0, seq=2, key=-account00000000000000000001000000000166(093f62a54eb301d582646e948b04f78b2ec37bfa9)
Letus Get! tid=0, seq=2, key=-account00000000000000000001000000000167(015baff4c0c8944c32dcc084d59aaf64db826fa50)
Letus Get! tid=0, seq=2, key=-account00000000000000000001000000000168(03a27b8641112ac1ae39ad5d2e6b4c92fad65f719)
Letus Get! tid=0, seq=2, key=-account00000000000000000001000000000169(0ea97a8c28cf45ea947ec490d59ebca7feffddc15)
Letus Get! tid=0, seq=2, key=-account00000000000000000001000000000170(05ed7d5e0053a30d74e5185d9f4084141026d69e0)
Letus Get! tid=0, seq=2, key=-account00000000000000000001000000000171(0cdaf28f6c3ec10e4312f8b29b8b98670eae55732)
Letus Get! tid=0, seq=2, key=-account00000000000000000001000000000172(086c204bb2e0c7f1435cb57e1839de78fbe296682)
Letus Get! tid=0, seq=2, key=-account00000000000000000001000000000173(0c7386bd754329b2c0ff9ba1abbbde2b618b8aa13)
Letus Get! tid=0, seq=2, key=-account00000000000000000001000000000174(07e2ac90c982b5494abd5c3e6a902df83673d0806)
Letus Get! tid=0, seq=2, key=-account00000000000000000001000000000175(07c78e7c4e0e7211b3af723becf9c35bfe9351c33)
Letus Get! tid=0, seq=2, key=-account00000000000000000001000000000176(0ba20c8e31d3d064e4f3f2e21898aa41253df873d)
Letus Get! tid=0, seq=2, key=-account00000000000000000001000000000177(092a6e06b5a5ffe17ef04d728fd7928c4563b215a)
Letus Get! tid=0, seq=2, key=-account00000000000000000001000000000178(03b64eea935c34d8e82a6e9e57d58ae977e9d4321)
Letus Get! tid=0, seq=2, key=-account00000000000000000001000000000179(0248080e5b3804de7c230cd6a06f90bbc0f9a6ea6)
Letus Get! tid=0, seq=2, key=-account00000000000000000001000000000180(0760cd70891bae05a9f8c1cc94304ffc95c649f81)
Letus Get! tid=0, seq=2, key=-account00000000000000000001000000000181(0c5859d4a1a5fb2407a17bf9980512dc889fb0baf)
Letus Get! tid=0, seq=2, key=-account00000000000000000001000000000182(0d56dd0a1af35e7706ef8aa10dff8c36de06a0f1d)
Letus Get! tid=0, seq=2, key=-account00000000000000000001000000000183(02335bfb6a590f247be71d1eaad97686613573677)
Letus Get! tid=0, seq=2, key=-account00000000000000000001000000000184(0ae39ebf6dcb5b167e6fefc22d85f035fc594a17c)
Letus Get! tid=0, seq=2, key=-account00000000000000000001000000000185(0f96f9d868cec1212b96ce5091356250a4e10f224)
Letus Get! tid=0, seq=2, key=-account00000000000000000001000000000186(0966b1b100c6bf8ce04bed237878bed7f48af829c)
Letus Get! tid=0, seq=2, key=-account00000000000000000001000000000187(0fa30012a86198bda40f1d22904840b5f0f353370)
Letus Get! tid=0, seq=2, key=-account00000000000000000001000000000188(047fa69471e519073eb5a4371b1b2245afa5c00a6)
Letus Get! tid=0, seq=2, key=-account00000000000000000001000000000189(07c49ca4f3b0ae5a8cd01e502b95a586e3cc39217)
Letus Get! tid=0, seq=2, key=-account00000000000000000001000000000190(04a7af1859ba38fbbbf615ce13b405377c64babec)
Letus Get! tid=0, seq=2, key=-account00000000000000000001000000000191(0c62c1b20cee208d5ba30c33a853a372189d6be32)
Letus Get! tid=0, seq=2, key=-account00000000000000000001000000000192(00e9a87edc9ba2ae6b42797617d4280c9a1e98abc)
Letus Get! tid=0, seq=2, key=-account00000000000000000001000000000193(08dcb3c4e52286faee664944edde0e65b06f2734a)
Letus Get! tid=0, seq=2, key=-account00000000000000000001000000000194(0bb4201c190071a2b61c09ca39fd71ff4d1a2ace8)
Letus Get! tid=0, seq=2, key=-account00000000000000000001000000000195(036a051f47b17a61503c5467c99b3ae6d8a67f668)
Letus Get! tid=0, seq=2, key=-account00000000000000000001000000000196(057e46f43955130a36d998487fafb06545df831bf)
Letus Get! tid=0, seq=2, key=-account00000000000000000001000000000197(07db2d5e1284c5d4373a6931ae2979ee94463b3a4)
Letus Get! tid=0, seq=2, key=-account00000000000000000001000000000198(0e8adac1a60ca805eaa0038653149b064f721a08e)
Letus Get! tid=0, seq=2, key=-account00000000000000000001000000000199(0c3de5949c75e266b1b374dbfd73f52051eaaf652)
Letus Get! tid=0, seq=2, key=-account00000000000000000001000000000200(03da761e6aacf98dfa57c753e5f4573a53f971263)
Letus Get! tid=0, seq=2, key=-account00000000000000000001000000000201(004737c72857c8d42a99a4af4afb02e410b1b65d8)
Letus Get! tid=0, seq=2, key=-account00000000000000000001000000000202(0c111e154e4926cdd91968896ea0f5f10410e5a49)
Letus Get! tid=0, seq=2, key=-account00000000000000000001000000000203(035889e429b644c5dbd6943fd228012678fc1f945)
Letus Get! tid=0, seq=2, key=-account00000000000000000001000000000204(0ea4919a1e10c79a1112ecbfe2000921450d51b1c)
Letus Get! tid=0, seq=2, key=-account00000000000000000001000000000205(00f6faa97cf6893e60a7bac3f306ea01891be80c8)
Letus Get! tid=0, seq=2, key=-account00000000000000000001000000000206(097f2f79ead24129f11d7c8176022e8e02c921cad)
Letus Get! tid=0, seq=2, key=-account00000000000000000001000000000207(07610344e3a36b69d464457b78ffde02a4ea77816)
Letus Get! tid=0, seq=2, key=-account00000000000000000001000000000208(04b24a49f265738df1e06ca7f8a72c03c94c1d41b)
Letus Get! tid=0, seq=2, key=-account00000000000000000001000000000209(0c0307e8487ee8c500d3f9715889251521448988c)
Letus Get! tid=0, seq=2, key=-account00000000000000000001000000000210(0b0447d7a7bafce3234ee4ba25bdde6bdae2364f0)
Letus Get! tid=0, seq=2, key=-account00000000000000000001000000000211(050249436459e21ca92c04ca162ef727bf149f6c8)
Letus Get! tid=0, seq=2, key=-account00000000000000000001000000000212(036659bc56a565d7b9b8f2b76d7a4a794c73e0428)
Letus Get! tid=0, seq=2, key=-account00000000000000000001000000000213(0d521cbd412d4858b4db51052c4a0f06e35e494db)
Letus Get! tid=0, seq=2, key=-account00000000000000000001000000000214(0c18a729d2840e2c1d13eb99d91e1557418adce39)
Letus Get! tid=0, seq=2, key=-account00000000000000000001000000000215(06bd55f1b1c9f81ba1623a6b8e7de96600c634a47)
Letus Get! tid=0, seq=2, key=-account00000000000000000001000000000216(0985f585b1a6b42178c0065e06817f57a23db3d26)
Letus Get! tid=0, seq=2, key=-account00000000000000000001000000000217(0b139bebbcb951a0671990e8fec5f9cea1ce4c2c2)
Letus Get! tid=0, seq=2, key=-account00000000000000000001000000000218(07fc8be50f2842cbd48d8655e2bcb9f6aa34b8c1c)
Letus Get! tid=0, seq=2, key=-account00000000000000000001000000000219(0b0949fc6e2d309a1fe9a6f57822a00cd14daa011)
Letus Get! tid=0, seq=2, key=-account00000000000000000001000000000220(057b7fedc02cb9a95f7719bbe930a5280e64d9969)
Letus Get! tid=0, seq=2, key=-account00000000000000000001000000000221(0d283d69bb35a096b3051b127a26bc682ee126049)
Letus Get! tid=0, seq=2, key=-account00000000000000000001000000000222(0519802046cfedd30928de72cd7e612d3dc7ed3d4)
Letus Get! tid=0, seq=2, key=-account00000000000000000001000000000223(0eeaba81642ccd0e89b57604c1fd6e6ee7e8fdd89)
Letus Get! tid=0, seq=2, key=-account00000000000000000001000000000224(0248eff9d563043f6fc6b0cda7a8d5dd86eed9562)
Letus Get! tid=0, seq=2, key=-account00000000000000000001000000000225(0af61fac14e449ace0333c750a5404ff21bc6f60c)
Letus Get! tid=0, seq=2, key=-account00000000000000000001000000000226(0604180f458b923103eee6cf4ad90d3f161c4aa8e)
Letus Get! tid=0, seq=2, key=-account00000000000000000001000000000227(05f191b4564811d23cdbf1333237577c98a887ec6)
Letus Get! tid=0, seq=2, key=-account00000000000000000001000000000228(0c1c7d974e5d717cf1979faf6f66b686cc79ad24e)
Letus Get! tid=0, seq=2, key=-account00000000000000000001000000000229(02811bc5f9bb55328c81a2163f6193285c84c8816)
Letus Get! tid=0, seq=2, key=-account00000000000000000001000000000230(0700ee2aebfb4966809fc65defc5a8344a9a73707)
Letus Get! tid=0, seq=2, key=-account00000000000000000001000000000231(04d624bb5c96429405de388f9a1f603e1a5dffb1d)
Letus Get! tid=0, seq=2, key=-account00000000000000000001000000000232(0b0d7242ae2e0fbf0ab8ae54a7e2b1e8754513ad0)
Letus Get! tid=0, seq=2, key=-account00000000000000000001000000000233(05dbb29cc385b16cb9d3740e0cbed242866fda44f)
Letus Get! tid=0, seq=2, key=-account00000000000000000001000000000234(0314d59f6348bf92a4fcd3ce66cd8020ca100dd7a)
Letus Get! tid=0, seq=2, key=-account00000000000000000001000000000235(04b7d22e194b47326a79f50c4b03e60cc7c19718c)
Letus Get! tid=0, seq=2, key=-account00000000000000000001000000000236(082a29e94a2725a21c5a5ad3f610f3baee7053b07)
Letus Get! tid=0, seq=2, key=-account00000000000000000001000000000237(02fb5f08312e74c061c4fa2822962b2357f774981)
Letus Get! tid=0, seq=2, key=-account00000000000000000001000000000238(00dc91593197f6d8ff51bc965252d8c53c1d7c6b7)
Letus Get! tid=0, seq=2, key=-account00000000000000000001000000000239(0995f375ebbf6d0b79bda55523d0e1ec35820e375)
Letus Get! tid=0, seq=2, key=-account00000000000000000001000000000240(0cbf9a02ff58f4a49af505e61702a45357ba5d6e7)
Letus Get! tid=0, seq=2, key=-account00000000000000000001000000000241(097da8ca285fc802238eaf49885abc465d415bff4)
Letus Get! tid=0, seq=2, key=-account00000000000000000001000000000242(0f92c4dadd0c8b28d0bc64884fec1820997b0e069)
Letus Get! tid=0, seq=2, key=-account00000000000000000001000000000243(02e414092031f30dd4d5c654c03f4b343d60e2f24)
Letus Get! tid=0, seq=2, key=-account00000000000000000001000000000244(0c07af68f711ecf30653e66f91214049d76d0e7ad)
Letus Get! tid=0, seq=2, key=-account00000000000000000001000000000245(0b7acdedae5c7a2965ab691c69a8b534e5d6bff68)
Letus Get! tid=0, seq=2, key=-account00000000000000000001000000000246(0b3220d36ff042e2260d02bac4498bd86627d08dd)
Letus Get! tid=0, seq=2, key=-account00000000000000000001000000000247(0ef942e35db62ffc27b87f861cafb4e7a4d1fdb7f)
Letus Get! tid=0, seq=2, key=-account00000000000000000001000000000248(01aaf4c53e1c0451a8dda2c21992f0651e1533246)
Letus Get! tid=0, seq=2, key=-account00000000000000000001000000000249(0c4f0c52fe030dc84a61512f23adbdbf0f2c950de)
Letus Get! tid=0, seq=2, key=-account00000000000000000001000000000250(0ffb973f9f38dbefc259724baf8c6bae30a9732c8)
Letus Get! tid=0, seq=2, key=-account00000000000000000001000000000251(0a43233d39d1eb9d4e2447cb27e1e8f79a0b99c3b)
Letus Get! tid=0, seq=2, key=-account00000000000000000001000000000252(0395cf30ba8db0be49dfb7011c2ea771592531874)
Letus Get! tid=0, seq=2, key=-account00000000000000000001000000000253(0f38da1c096c6885425d77b40f6b79d17f1d9af1a)
Letus Get! tid=0, seq=2, key=-account00000000000000000001000000000254(019f30779f4adbb23d8b239887f6621f9f16cb54f)
Letus Get! tid=0, seq=2, key=-account00000000000000000001000000000255(011998c1fe8f0cd47de9105cc55f739c8e59ed4d9)
Letus Get! tid=0, seq=2, key=-account00000000000000000001000000000256(0345362bc151a0d7ab7c9ab76e999394edf056d93)
Letus Get! tid=0, seq=2, key=-account00000000000000000001000000000257(0625d20068d10cac9f2ccd146b00d852aca43c4e7)
Letus Get! tid=0, seq=2, key=-account00000000000000000001000000000258(02f902ec1de694f0ee9e34a68daeebeef522a94b7)
Letus Get! tid=0, seq=2, key=-account00000000000000000001000000000259(012ba34aab6790c4921931ef7e7a26f040ed6e08d)
Letus Get! tid=0, seq=2, key=-account00000000000000000001000000000260(0514c514e1754e05df843d4b5829226b0f91b9e34)
Letus Get! tid=0, seq=2, key=-account00000000000000000001000000000261(0bf20155e7eddef8372f11fd9be33029ba46cc7a3)
Letus Get! tid=0, seq=2, key=-account00000000000000000001000000000262(0e0dfd0df4fa08ac0185de1b2e7f9909cb5635e7e)
Letus Get! tid=0, seq=2, key=-account00000000000000000001000000000263(087df7a34195b1a3b0753804c137f479d89107d55)
Letus Get! tid=0, seq=2, key=-account00000000000000000001000000000264(02fd1650b7a44b0b303a2b31515638196f409a93a)
Letus Get! tid=0, seq=2, key=-account00000000000000000001000000000265(0ff27f466c90c14dad34d91061c09cbef58321cd1)
Letus Get! tid=0, seq=2, key=-account00000000000000000001000000000266(0c7e1eeb5f7e64957585be0eaaec75bfbd1c68f8b)
Letus Get! tid=0, seq=2, key=-account00000000000000000001000000000267(0e6479c233d3bed92cfd3099e5a3d8791142862c5)
Letus Get! tid=0, seq=2, key=-account00000000000000000001000000000268(0d2c45a5cfe565765c66329ba4b001948b2b838c0)
Letus Get! tid=0, seq=2, key=-account00000000000000000001000000000269(0bf7630b47086421800aa3f0c97ac9e4f145d3e82)
Letus Get! tid=0, seq=2, key=-account00000000000000000001000000000270(0d3de0198174670e27231f0fa101b0c0c742190c8)
Letus Get! tid=0, seq=2, key=-account00000000000000000001000000000271(06b5b21c5db12c260103a282fa96d6860e15df693)
Letus Get! tid=0, seq=2, key=-account00000000000000000001000000000272(07b5e101ba056283d661fc7984a4b3d1d42e8909c)
Letus Get! tid=0, seq=2, key=-account00000000000000000001000000000273(07e588eb346d75938c1ebb4b4a17d44c324477912)
Letus Get! tid=0, seq=2, key=-account00000000000000000001000000000274(0784d494de832d6a92dfd95d720a28b552aa2aadf)
Letus Get! tid=0, seq=2, key=-account00000000000000000001000000000275(0750baf76e6bd5338bcdcd843b90ffd6c32cff63c)
Letus Get! tid=0, seq=2, key=-account00000000000000000001000000000276(0c6453fc2af5c701d333a65283fd9ea26741a50aa)
Letus Get! tid=0, seq=2, key=-account00000000000000000001000000000277(0681d2899f9c9744e9b6489ab528b454d2cb329ca)
Letus Get! tid=0, seq=2, key=-account00000000000000000001000000000278(0f78d72aba5d4f9b8ae4f1befcdfd20f627acb9e4)
Letus Get! tid=0, seq=2, key=-account00000000000000000001000000000279(0398069ec802adc3ee00b7e272fa908a93ec08dac)
Letus Get! tid=0, seq=2, key=-account00000000000000000001000000000280(00d40143d47836c73e3e595f00ebadf298dd60c43)
Letus Get! tid=0, seq=2, key=-account00000000000000000001000000000281(0b5b27453e441da4b0e00c1d61d2fea78126d693b)
Letus Get! tid=0, seq=2, key=-account00000000000000000001000000000282(0522e60eaf49d4db8bb21e16bc486d16d7defed20)
Letus Get! tid=0, seq=2, key=-account00000000000000000001000000000283(0c31297a7a4bce27a86fc9ce1fde60161f11b9496)
Letus Get! tid=0, seq=2, key=-account00000000000000000001000000000284(05010f94e4098679c2708f6967ea6e7f1d4848296)
Letus Get! tid=0, seq=2, key=-account00000000000000000001000000000285(0045a06a6a5a61b84e92a7f255b5851f036486fe6)
Letus Get! tid=0, seq=2, key=-account00000000000000000001000000000286(007667c4309eb7f4c6a86f29b24244f7a1e896766)
Letus Get! tid=0, seq=2, key=-account00000000000000000001000000000287(00955e4545e77bafe809c2927213a2a305022edfe)
Letus Get! tid=0, seq=2, key=-account00000000000000000001000000000288(036d582b3650520f4c9791df3e5ece4115085572d)
Letus Get! tid=0, seq=2, key=-account00000000000000000001000000000289(0e2d4dfefb4f0cede3632b3074306b8fa810d93b7)
Letus Get! tid=0, seq=2, key=-account00000000000000000001000000000290(0ba65fbdad68a3885f82576a9fbe1d0e484011dd8)
Letus Get! tid=0, seq=2, key=-account00000000000000000001000000000291(039c3b9277d83033ce12547680eed68099209fc9d)
Letus Get! tid=0, seq=2, key=-account00000000000000000001000000000292(0384fa8d167f40532a323099e1fc71a231567e473)
Letus Get! tid=0, seq=2, key=-account00000000000000000001000000000293(091a113bb881d08803df332c52501c2a34eddfbf8)
Letus Get! tid=0, seq=2, key=-account00000000000000000001000000000294(0665f5a999de5bebcf83659f575a0d0a508f9dc41)
Letus Get! tid=0, seq=2, key=-account00000000000000000001000000000295(0b64e751f3332f460919aa39000199503631efb4c)
Letus Get! tid=0, seq=2, key=-account00000000000000000001000000000296(0e971f1865930be6e508bb631fd1c4dcb733ec971)
Letus Get! tid=0, seq=2, key=-account00000000000000000001000000000297(0c31ee8afaaf17b3b35525c9a74ad3c6ac3bc6f5c)
Letus Get! tid=0, seq=2, key=-account00000000000000000001000000000298(0c4e2a292f48995767b7714cf4a805141d9277e6b)
Letus Get! tid=0, seq=2, key=-account00000000000000000001000000000299(0be742dd6bc90e732fa644e140a9d365ecf7d857c)
Letus Get! tid=0, seq=2, key=-account00000000000000000001000000000300(06d16b35f6d216c4727114cc159390882c2353ed8)
Letus Get! tid=0, seq=2, key=-account00000000000000000001000000000301(03eff432fd7ba55d1253b5ee79d8d33927e57241e)
Letus Get! tid=0, seq=2, key=-account00000000000000000001000000000302(035b2fd06b1e3c954431e289ee5fffd91769e03b0)
Letus Get! tid=0, seq=2, key=-account00000000000000000001000000000303(060b63a536545fd8bc1da6914db2ac436d4552b7d)
Letus Get! tid=0, seq=2, key=-account00000000000000000001000000000304(069d9a2c8c37457f7ad26bd1a7d26f1ab59203e57)
Letus Get! tid=0, seq=2, key=-account00000000000000000001000000000305(0b1e78f6a679ee622b853f6feaa0d3180275abc89)
Letus Get! tid=0, seq=2, key=-account00000000000000000001000000000306(01c9e2c3c780bb34bf37d5ff7c8dccf5ac620016c)
Letus Get! tid=0, seq=2, key=-account00000000000000000001000000000307(04ef773dfa9b912169619706303416211e1a60545)
Letus Get! tid=0, seq=2, key=-account00000000000000000001000000000308(094d2a1b2e0aa1c146f799c61bb39d428a559d7a8)
Letus Get! tid=0, seq=2, key=-account00000000000000000001000000000309(09122b79cbdad4c85cbbb12a726549a634003281f)
Letus Get! tid=0, seq=2, key=-account00000000000000000001000000000310(0b54d7c9ceca1f0ff08cf9a6fa550a4de72e6d21c)
Letus Get! tid=0, seq=2, key=-account00000000000000000001000000000311(06206057af53dfcf778f473998337817e441a4c60)
Letus Get! tid=0, seq=2, key=-account00000000000000000001000000000312(0f61328cc100cc3368bdae33e01622bb72f0509d1)
Letus Get! tid=0, seq=2, key=-account00000000000000000001000000000313(0af68ba63397d5646e24d928e8d1bd031b0760107)
Letus Get! tid=0, seq=2, key=-account00000000000000000001000000000314(08b06750faecdada9defe4138f888422276075817)
Letus Get! tid=0, seq=2, key=-account00000000000000000001000000000315(0eaa7645f5c70209e7730a0d381c686868f337aaf)
Letus Get! tid=0, seq=2, key=-account00000000000000000001000000000316(02840674ad591658d1a8bc6eabec3b32f47725ff3)
Letus Get! tid=0, seq=2, key=-account00000000000000000001000000000317(0289917638208a64bff66559c62dad9b30632b4ab)
Letus Get! tid=0, seq=2, key=-account00000000000000000001000000000318(0f216d808a68e284cc6d12429eb49319d8facc126)
Letus Get! tid=0, seq=2, key=-account00000000000000000001000000000319(01d8425cba2c22ff9c2081ef72bc80442e520ab6c)
Letus Get! tid=0, seq=2, key=-account00000000000000000001000000000320(0852a3b400b3d13c6a2fe960611214645fc4a2cef)
Letus Get! tid=0, seq=2, key=-account00000000000000000001000000000321(0393390cb14dd4749a0efa493816fb287c4837f6b)
Letus Get! tid=0, seq=2, key=-account00000000000000000001000000000322(0e62daef6bbaa2634292b44ec4a4f23ec78b558dc)
Letus Get! tid=0, seq=2, key=-account00000000000000000001000000000323(06d04ba5b6d8c04ccb9145e68356412e599dea6f1)
Letus Get! tid=0, seq=2, key=-account00000000000000000001000000000324(0612dc9ea0b1009c75f7019dc5a33d1c9f6bd20fe)
Letus Get! tid=0, seq=2, key=-account00000000000000000001000000000325(0aa4a4993b645ed62b01679c028779c286f48d40a)
Letus Get! tid=0, seq=2, key=-account00000000000000000001000000000326(0e8c4ea6b61fee3e242c931af345210ddbe2be5f7)
Letus Get! tid=0, seq=2, key=-account00000000000000000001000000000327(0fb081d773dd2acee51df02b7efb14c98a2ae8b4c)
Letus Get! tid=0, seq=2, key=-account00000000000000000001000000000328(02828124e7fced942e4e3e8401c6bb8d2af0bcde6)
Letus Get! tid=0, seq=2, key=-account00000000000000000001000000000329(0f4ea52dc303852f70cfe9f0fe24f8be6c424a00a)
Letus Get! tid=0, seq=2, key=-account00000000000000000001000000000330(0dfa41b02e1c6c1f1e70762cfe81d33974e394065)
Letus Get! tid=0, seq=2, key=-account00000000000000000001000000000331(008f1c16232306609fbd151d657256823fdc4e950)
Letus Get! tid=0, seq=2, key=-account00000000000000000001000000000332(01d473a51b31ada09dbf2171b814bafda5bc19c12)
Letus Get! tid=0, seq=2, key=-account00000000000000000001000000000333(0ae4fb9f177b860f0324887306b5119c81f3b94af)
Letus Get! tid=0, seq=2, key=-account00000000000000000001000000000334(01bb4a71562e0167ae43cbb68330b840f9e36aaae)
Letus Get! tid=0, seq=2, key=-account00000000000000000001000000000335(03c59f3d14f7e514f272aa35663a3a8c9c2698fab)
Letus Get! tid=0, seq=2, key=-account00000000000000000001000000000336(07a9422041a5f6556cb420c89c96f71b13ad91c2c)
Letus Get! tid=0, seq=2, key=-account00000000000000000001000000000337(0ee64b410d7ce3ee92cf916ef06d8dd783b4192c1)
Letus Get! tid=0, seq=2, key=-account00000000000000000001000000000338(0923dd5478958784dd3b67b94ce4f75369625beb0)
Letus Get! tid=0, seq=2, key=-account00000000000000000001000000000339(0a59a8ea6470de8529d4d025b31e8bdab24f346b0)
Letus Get! tid=0, seq=2, key=-account00000000000000000001000000000340(0dcc3a8e607a00bb2ac9ef70a8e1b336b2511b205)
Letus Get! tid=0, seq=2, key=-account00000000000000000001000000000341(036db6ee8b8eff99e877b99ab3df0279669c1b2ef)
Letus Get! tid=0, seq=2, key=-account00000000000000000001000000000342(01835b2806767f5b319aab3aee8cb21e91a0580a6)
Letus Get! tid=0, seq=2, key=-account00000000000000000001000000000343(0993781138c18a073522d92700fa30536c39c90b7)
Letus Get! tid=0, seq=2, key=-account00000000000000000001000000000344(05a19ad614b0d4f314ad5e67b4553ed902d5cf8d8)
Letus Get! tid=0, seq=2, key=-account00000000000000000001000000000345(03bd899e348195ca6118b3bcc70b9574002f57615)
Letus Get! tid=0, seq=2, key=-account00000000000000000001000000000346(009412dff1b4642b03d2a8b4d114af4e8c0237b5c)
Letus Get! tid=0, seq=2, key=-account00000000000000000001000000000347(0cc43b949dc66eb5729ef5ff5d2ed9ecc8c2ee9bd)
Letus Get! tid=0, seq=2, key=-account00000000000000000001000000000348(0955ddea9f22d58aef237ddd448913e936e100d59)
Letus Get! tid=0, seq=2, key=-account00000000000000000001000000000349(08b178ae259678d03a00cd20a11d63b7f433415de)
Letus Get! tid=0, seq=2, key=-account00000000000000000001000000000350(0c8327ed157557ec35fddeb4c6deeefecc4fa1a32)
Letus Get! tid=0, seq=2, key=-account00000000000000000001000000000351(0129dca4812baca74fdf2ca31bf2224452078c56a)
Letus Get! tid=0, seq=2, key=-account00000000000000000001000000000352(043e2a029b393fb5365c55281ea335a96e2d69236)
Letus Get! tid=0, seq=2, key=-account00000000000000000001000000000353(0e10f91c49a4a3881980eca9b4db698ed57615374)
Letus Get! tid=0, seq=2, key=-account00000000000000000001000000000354(00f00019333adf9b1f3a177c2c0f90b93f7547dab)
Letus Get! tid=0, seq=2, key=-account00000000000000000001000000000355(028aaaf1c1c1ce560cb2d254343d7b75398d903e1)
Letus Get! tid=0, seq=2, key=-account00000000000000000001000000000356(06ae5e9354ca202b603ea6659e3703a65baa96ef8)
Letus Get! tid=0, seq=2, key=-account00000000000000000001000000000357(01bbd0b9865f969a26464c28a40e2aeccb7a1c475)
Letus Get! tid=0, seq=2, key=-account00000000000000000001000000000358(00377875c8c2a0643667d21918312e823bfb3c02d)
Letus Get! tid=0, seq=2, key=-account00000000000000000001000000000359(064af59bdbb6d3fe64a33e1f4b3b9725d141ecc28)
Letus Get! tid=0, seq=2, key=-account00000000000000000001000000000360(0d4aab4d3e57458fb2e00943e066d5c310d5e026d)
Letus Get! tid=0, seq=2, key=-account00000000000000000001000000000361(0976ca6ccbe75f3d5aeba01561258342b07106528)
Letus Get! tid=0, seq=2, key=-account00000000000000000001000000000362(04354d66abeb5d83e412e4d6149b52d688c0bcc7e)
Letus Get! tid=0, seq=2, key=-account00000000000000000001000000000363(039a0e19d4f92258ac88dddbb157e67214e52e821)
Letus Get! tid=0, seq=2, key=-account00000000000000000001000000000364(0deb83f78e08d32fb881135d4d9de65ea662bbee4)
Letus Get! tid=0, seq=2, key=-account00000000000000000001000000000365(02a6d1506cc0986ba8826d3794e1c0fa3236f5248)
Letus Get! tid=0, seq=2, key=-account00000000000000000001000000000366(0176214de1ddbcb3e17733ee69a70e0fb1e9c45d5)
Letus Get! tid=0, seq=2, key=-account00000000000000000001000000000367(0de4fb205488067f1a2694d827416c6c7badb33b1)
Letus Get! tid=0, seq=2, key=-account00000000000000000001000000000368(00ab19f2f297cba4d383f44bd528344d48eeef224)
Letus Get! tid=0, seq=2, key=-account00000000000000000001000000000369(01f6c61c5265301972bde5d45a7f05d54ddabc498)
Letus Get! tid=0, seq=2, key=-account00000000000000000001000000000370(048c9e6024eb2a4373d6a51f172607d17db57514e)
Letus Get! tid=0, seq=2, key=-account00000000000000000001000000000371(0f086a05c996a0b722391e654103220cbdf49376d)
Letus Get! tid=0, seq=2, key=-account00000000000000000001000000000372(02e83c5b65d329217f1e7f14a0287dec750de1de7)
Letus Get! tid=0, seq=2, key=-account00000000000000000001000000000373(025dfbb45bb6f943d1f5d53a33a07cdda45ca05ea)
Letus Get! tid=0, seq=2, key=-account00000000000000000001000000000374(043f707bec4f95605b95157b35a1e514d03fc89f5)
Letus Get! tid=0, seq=2, key=-account00000000000000000001000000000375(05e3d2bd907bb46d47dec66e533bfd565abafb2cb)
Letus Get! tid=0, seq=2, key=-account00000000000000000001000000000376(00ba290c6e9d189d6ed377d4583e668aa61ef1cf8)
Letus Get! tid=0, seq=2, key=-account00000000000000000001000000000377(00571cd30ee1552a29f6bcc5dfe0bf929e66d4619)
Letus Get! tid=0, seq=2, key=-account00000000000000000001000000000378(052819143fbe0c26d0b014275138ddca272e7f0e1)
Letus Get! tid=0, seq=2, key=-account00000000000000000001000000000379(04e6fc5c8862f61210137ae41257a74f32ae0bca9)
Letus Get! tid=0, seq=2, key=-account00000000000000000001000000000380(016b1771c451f1854f9213021428ff7b12448da3f)
Letus Get! tid=0, seq=2, key=-account00000000000000000001000000000381(09ed6eedc8785f9665c4b03d3e2ca535b80e30f4d)
Letus Get! tid=0, seq=2, key=-account00000000000000000001000000000382(0e43623ef0f8cede4c6351f5fbf1e87dee8360c86)
Letus Get! tid=0, seq=2, key=-account00000000000000000001000000000383(0c237f8b5f871e15384124dd0bc058642812cccc1)
Letus Get! tid=0, seq=2, key=-account00000000000000000001000000000384(0b0524692e62ea5103056f5188878f3f77c28d957)
Letus Get! tid=0, seq=2, key=-account00000000000000000001000000000385(039ff5c365194d6578b246aa5a4324a79960bee42)
Letus Get! tid=0, seq=2, key=-account00000000000000000001000000000386(0db1f369c50a417f05640d87061f9b06acafc90e6)
Letus Get! tid=0, seq=2, key=-account00000000000000000001000000000387(03e8969608f80319c4bb093c61495dcbc7fa7988a)
Letus Get! tid=0, seq=2, key=-account00000000000000000001000000000388(093fc07d7f4827e4eada1d6c3124129c72cdec6d9)
Letus Get! tid=0, seq=2, key=-account00000000000000000001000000000389(0cfddd187160b34c6501507f779d9219981125867)
Letus Get! tid=0, seq=2, key=-account00000000000000000001000000000390(0803feb6d701fade51f642bcb75f26265845bca5b)
Letus Get! tid=0, seq=2, key=-account00000000000000000001000000000391(08341126edeac8808ce50504825ad4c88594f50e9)
Letus Get! tid=0, seq=2, key=-account00000000000000000001000000000392(0234c26a3e2516c2f6e09c4f84549384a9891cfd4)
Letus Get! tid=0, seq=2, key=-account00000000000000000001000000000393(05b43ebffc22e043a9ce33b07df39c637655be300)
Letus Get! tid=0, seq=2, key=-account00000000000000000001000000000394(0e5de541c8048a242af722c5ed21fc242c885f3b6)
Letus Get! tid=0, seq=2, key=-account00000000000000000001000000000395(0e3260aa874346af055aca4cd4ec643f7570d7300)
Letus Get! tid=0, seq=2, key=-account00000000000000000001000000000396(0c8641cf8cfe5c6c00b3e8686f935924b15d3c542)
Letus Get! tid=0, seq=2, key=-account00000000000000000001000000000397(0bf84b43e2ce0bc8ac53478a84f25ce15bdf58f36)
Letus Get! tid=0, seq=2, key=-account00000000000000000001000000000398(0888945fc74aa6599b833d749051a2fa5ee4d18d4)
Letus Get! tid=0, seq=2, key=-account00000000000000000001000000000399(016e6e7c992eb8296e55cb0d86f25c08376031286)
Letus Get! tid=0, seq=2, key=-account00000000000000000001000000000400(06767b38eb45b8120cb40340ccf7c060ca5bb2933)
Letus Get! tid=0, seq=2, key=-account00000000000000000001000000000401(05ad6da738af8756484c63ed72e688cd961d98f4a)
Letus Get! tid=0, seq=2, key=-account00000000000000000001000000000402(06b4ada50e5f6f273b2ab61169830890849e5462b)
Letus Get! tid=0, seq=2, key=-account00000000000000000001000000000403(0e41408234646d1d306e5943c6d70d55425480f21)
Letus Get! tid=0, seq=2, key=-account00000000000000000001000000000404(0dd82ce0c30b4c5ebef0fd61079dfdcde19be566b)
Letus Get! tid=0, seq=2, key=-account00000000000000000001000000000405(0e29a686dcd6744ac3670446e85e3a9e52c0fda7a)
Letus Get! tid=0, seq=2, key=-account00000000000000000001000000000406(054caa30ea142062b2bb1febec3dfc349bc07c6fd)
Letus Get! tid=0, seq=2, key=-account00000000000000000001000000000407(06bc92f8ddc4ad9d0d65495a7ed75be0b856b9641)
Letus Get! tid=0, seq=2, key=-account00000000000000000001000000000408(0f66c4d23245cfe7d5a975ff22e1575c2d4603612)
Letus Get! tid=0, seq=2, key=-account00000000000000000001000000000409(06f4f0593377e61641dee98d35d4b162b095b374f)
Letus Get! tid=0, seq=2, key=-account00000000000000000001000000000410(0b8b52e8dfa1b4c2d246d22f1cceac1f341ea59bf)
Letus Get! tid=0, seq=2, key=-account00000000000000000001000000000411(085ddc4554047b27ec46e78b7cc946e1ea2b14d63)
Letus Get! tid=0, seq=2, key=-account00000000000000000001000000000412(09400192cb751b3c3e150716675f28a2fbad88e16)
Letus Get! tid=0, seq=2, key=-account00000000000000000001000000000413(0d4fddd678c205873bdba4710db1fbb873217391b)
Letus Get! tid=0, seq=2, key=-account00000000000000000001000000000414(0d1e33b6eef1a31e7e42f885fcadc1e303ed07451)
Letus Get! tid=0, seq=2, key=-account00000000000000000001000000000415(001b0dedfb6600007e6f500f60b824ce7aedcef7b)
Letus Get! tid=0, seq=2, key=-account00000000000000000001000000000416(02323835719e6faf000adea71c5b59cc5ab19f489)
Letus Get! tid=0, seq=2, key=-account00000000000000000001000000000417(00ebf0fab05bbc4a0c605029f3c301dd0f9908fe1)
Letus Get! tid=0, seq=2, key=-account00000000000000000001000000000418(00cbcb646ad50297dbc23ed97eedae4a565d98139)
Letus Get! tid=0, seq=2, key=-account00000000000000000001000000000419(0469a3ad8544bfc8c81305c9b578315ecb8b366eb)
Letus Get! tid=0, seq=2, key=-account00000000000000000001000000000420(05ca61518cbc0c961eb853fa6edf1e0d3ff2b2a9b)
Letus Get! tid=0, seq=2, key=-account00000000000000000001000000000421(0d230d0f3bf2337d60e60cb5d822f97ec4bc43515)
Letus Get! tid=0, seq=2, key=-account00000000000000000001000000000422(0f937a8d5dd158726a5e0db17ad8696e6e29f4d1c)
Letus Get! tid=0, seq=2, key=-account00000000000000000001000000000423(0066ae6508ed161a28bf43ec542391402501b5005)
Letus Get! tid=0, seq=2, key=-account00000000000000000001000000000424(00ece13843fe44c59988a2e6671ebb81a31c3ddf0)
Letus Get! tid=0, seq=2, key=-account00000000000000000001000000000425(0941f894fdafb5c2bfd9cca0df311716f7cea2a52)
Letus Get! tid=0, seq=2, key=-account00000000000000000001000000000426(035714db7faffc3b1532e8a7ff174d2007f81dab1)
Letus Get! tid=0, seq=2, key=-account00000000000000000001000000000427(09069a48cc1e3ab29c404b036e09cb2e18fe78f1b)
Letus Get! tid=0, seq=2, key=-account00000000000000000001000000000428(0c2799debc2a93d75f220a4755173988f0efd06f9)
Letus Get! tid=0, seq=2, key=-account00000000000000000001000000000429(0ee473705e8b5511d0895b8d399b8fe53ac5adaf9)
Letus Get! tid=0, seq=2, key=-account00000000000000000001000000000430(07294db34e74fd03c8ffec01df74c8da584ce47fe)
Letus Get! tid=0, seq=2, key=-account00000000000000000001000000000431(0a69ab7ee6c745e51442ef95eab74f47628c3a6a4)
Letus Get! tid=0, seq=2, key=-account00000000000000000001000000000432(0b524b5d570143ba60b948303ccff21d50aec423e)
Letus Get! tid=0, seq=2, key=-account00000000000000000001000000000433(0940ea7094014b169cb8ec05c2ddb88dd81c73216)
Letus Get! tid=0, seq=2, key=-account00000000000000000001000000000434(0e1e4c431693dd6abe9f770942b648f034a705ec7)
Letus Get! tid=0, seq=2, key=-account00000000000000000001000000000435(0d303865ec6b6823e6b1754fd3c7aed88a7ce3763)
Letus Get! tid=0, seq=2, key=-account00000000000000000001000000000436(016c9f3b7be16f0329fa3c28b9f4e238de87c18ab)
Letus Get! tid=0, seq=2, key=-account00000000000000000001000000000437(03d1889848ef92ef32fd2fc0b6c4fc380fb8e2773)
Letus Get! tid=0, seq=2, key=-account00000000000000000001000000000438(034264e83f18fb80fa938e8c6c7f2d149b653c6ac)
Letus Get! tid=0, seq=2, key=-account00000000000000000001000000000439(0a35e2f62554145bd48b5f1be5639436ef733a321)
Letus Get! tid=0, seq=2, key=-account00000000000000000001000000000440(0ac72d1a43980e60451cacf461319242815e06aaa)
Letus Get! tid=0, seq=2, key=-account00000000000000000001000000000441(0fc7f8ceb2788b011f658b7272f0397aabf103d63)
Letus Get! tid=0, seq=2, key=-account00000000000000000001000000000442(0cb82d7788eb8eb0e20d0d743f063dc1b6c34b278)
Letus Get! tid=0, seq=2, key=-account00000000000000000001000000000443(0714263f2916dbde07ed88a90ea8ce22ee429f9c8)
Letus Get! tid=0, seq=2, key=-account00000000000000000001000000000444(071bb5dd67b9333c33911f052f171ecc2483c5b82)
Letus Get! tid=0, seq=2, key=-account00000000000000000001000000000445(0bb195043b68983a36e3f39c61c7839a20f8c0556)
Letus Get! tid=0, seq=2, key=-account00000000000000000001000000000446(0cd67256d0bc0ce9c8c59194e2ab0ecd0132b36c9)
Letus Get! tid=0, seq=2, key=-account00000000000000000001000000000447(048807ef71504ffb4b661e1927ed2979afc0f2fbc)
Letus Get! tid=0, seq=2, key=-account00000000000000000001000000000448(000b9993824d107c448d0ab7b04ba8f8a888ea0cf)
Letus Get! tid=0, seq=2, key=-account00000000000000000001000000000449(04924fdb1bd40f3184a213adb496d993df4392663)
Letus Get! tid=0, seq=2, key=-account00000000000000000001000000000450(08740c941af0753a74b938690d00c23f6cdd99fe5)
Letus Get! tid=0, seq=2, key=-account00000000000000000001000000000451(0c474db9314207738a5e33b46c1d95f105497ca7d)
Letus Get! tid=0, seq=2, key=-account00000000000000000001000000000452(09d544ab0efc658e56386bd0d4d2634647b0512cf)
Letus Get! tid=0, seq=2, key=-account00000000000000000001000000000453(0018b951e3fc3906e7dd6b58f20c1fb510e8a4baa)
Letus Get! tid=0, seq=2, key=-account00000000000000000001000000000454(0417ef9141c91b80c789a7fe98c005a2175065dc8)
Letus Get! tid=0, seq=2, key=-account00000000000000000001000000000455(0c31c900ebe003a31813f83b80e68cadd690b662b)
Letus Get! tid=0, seq=2, key=-account00000000000000000001000000000456(0f42e93c64bddcb8471086fae3cccb81486a51157)
Letus Get! tid=0, seq=2, key=-account00000000000000000001000000000457(0b73abe7f7e40f5369f97625311240b0b041c0aa2)
Letus Get! tid=0, seq=2, key=-account00000000000000000001000000000458(0605105ae579b9e5decd6e2d26ae4b89833df62bc)
Letus Get! tid=0, seq=2, key=-account00000000000000000001000000000459(0a5a80dbe08ebf3cb383c5178e269570085896fd3)
Letus Get! tid=0, seq=2, key=-account00000000000000000001000000000460(0ed528f3b110029cd364d98e77eb53e37b481e1b3)
Letus Get! tid=0, seq=2, key=-account00000000000000000001000000000461(0a08d6b7ae5e4650029f8233c1ef3407bafe0a5bd)
Letus Get! tid=0, seq=2, key=-account00000000000000000001000000000462(0d2d8be23c1c3cc96a34fec6849e2df5a5be5674b)
Letus Get! tid=0, seq=2, key=-account00000000000000000001000000000463(074ebbd77811535b4f2eb1ea56b99d5320d09702b)
Letus Get! tid=0, seq=2, key=-account00000000000000000001000000000464(05ef2097531854cc510e5bcfeddd335ea09053f80)
Letus Get! tid=0, seq=2, key=-account00000000000000000001000000000465(0ee330425827694266245e83071ba957b6a074ce1)
Letus Get! tid=0, seq=2, key=-account00000000000000000001000000000466(0c4680ceadb69b22642777a94568612a3f68a0d28)
Letus Get! tid=0, seq=2, key=-account00000000000000000001000000000467(082270070215ae22c30ad280b69d985f64829297a)
Letus Get! tid=0, seq=2, key=-account00000000000000000001000000000468(004fee7018d7d1de234c0184f3aa9a040cbd81bff)
Letus Get! tid=0, seq=2, key=-account00000000000000000001000000000469(09b584ac0672aa72448cb86ffb79bd91005b65c7b)
Letus Get! tid=0, seq=2, key=-account00000000000000000001000000000470(0c83f210ea6e3f364c9aaa8b0a3a8faa43996ca7b)
Letus Get! tid=0, seq=2, key=-account00000000000000000001000000000471(0831d3b9b475e7aa4c630bb54d1226ad46cfdedc6)
Letus Get! tid=0, seq=2, key=-account00000000000000000001000000000472(03ca5990926535a25c1e98f3004e392616f455eae)
Letus Get! tid=0, seq=2, key=-account00000000000000000001000000000473(01e966b4899cf551089b7050c20358652a63a9d8c)
Letus Get! tid=0, seq=2, key=-account00000000000000000001000000000474(010ee5e6eb0729c1fd16ffbedc84cf47edd036730)
Letus Get! tid=0, seq=2, key=-account00000000000000000001000000000475(0f775faba75a49cb4d6c9bd26aec47f267dbc0e69)
Letus Get! tid=0, seq=2, key=-account00000000000000000001000000000476(029e8c2f266f61f5c93183954b415d57757212b65)
Letus Get! tid=0, seq=2, key=-account00000000000000000001000000000477(0840df0897ddb95f5b172f7594035b453c526f3e7)
Letus Get! tid=0, seq=2, key=-account00000000000000000001000000000478(0b98f9ee02ac05c1a6c7d4faac1aac6b15fd6cfbb)
Letus Get! tid=0, seq=2, key=-account00000000000000000001000000000479(0a8ed323e55023e387f3acc448a4ab9fb45c85d5d)
Letus Get! tid=0, seq=2, key=-account00000000000000000001000000000480(0fed23bda71993c523e1cd87bd33252155c82ca08)
Letus Get! tid=0, seq=2, key=-account00000000000000000001000000000481(015e4cba2dc834d00ba8831e544569d1aebf5410a)
Letus Get! tid=0, seq=2, key=-account00000000000000000001000000000482(04b523f82a475a84471f7ec95245ecdecd56ed6d7)
Letus Get! tid=0, seq=2, key=-account00000000000000000001000000000483(0876668bc1b357b35ebeff4c3ba9efe6f6f2503ef)
Letus Get! tid=0, seq=2, key=-account00000000000000000001000000000484(0a1c4b89dd8087e77784ce171eed4497e6afea323)
Letus Get! tid=0, seq=2, key=-account00000000000000000001000000000485(0a1c6598bca4f69d784f74d7cd662892a973ed3bf)
Letus Get! tid=0, seq=2, key=-account00000000000000000001000000000486(0425ee4b8b20c7d8e86e71d387bb7c7ca63447802)
Letus Get! tid=0, seq=2, key=-account00000000000000000001000000000487(08d340224547e674411507617ccbf2d7ffd86f964)
Letus Get! tid=0, seq=2, key=-account00000000000000000001000000000488(08c2843c186ff9383796b6ee51c3ae31fdc29076a)
Letus Get! tid=0, seq=2, key=-account00000000000000000001000000000489(01843b3e69ac4958cec698d0502189988d4eed020)
Letus Get! tid=0, seq=2, key=-account00000000000000000001000000000490(07c470b8969a8cf93dd4d6f59246c73c622e094d6)
Letus Get! tid=0, seq=2, key=-account00000000000000000001000000000491(02906bff3efb7109dc78022aa5691544d3a87d1dd)
Letus Get! tid=0, seq=2, key=-account00000000000000000001000000000492(09c90a214e6d4ccfb0c9218b8d5d6d2a8cc4538a4)
Letus Get! tid=0, seq=2, key=-account00000000000000000001000000000493(0ff76131cdc2dca46e26c2dd68b731dc72eedb92b)
Letus Get! tid=0, seq=2, key=-account00000000000000000001000000000494(0e7d06f47748a72a6e5d863fc08611184c949278d)
Letus Get! tid=0, seq=2, key=-account00000000000000000001000000000495(0d04e2136bf4d36397e412cd701e61abbe0d51b0f)
Letus Get! tid=0, seq=2, key=-account00000000000000000001000000000496(031468b5bab18b2ffb2189eb39a802fe67889db87)
Letus Get! tid=0, seq=2, key=-account00000000000000000001000000000497(0d24bbc8820d858e430c3d1859a0c5fdb488b364c)
Letus Get! tid=0, seq=2, key=-account00000000000000000001000000000498(0a71554fb339565f51a8c10ca286f7e86cad0a292)
Letus Get! tid=0, seq=2, key=-account00000000000000000001000000000499(07b25a694baf79870e786faa604b998d27996947f)
Letus flush! version=2
terminate called after throwing an instance of 'std::runtime_error'
  what():  Failed to write page data
SIGABRT: abort
PC=0x7f3c43861e87 m=8 sigcode=18446744073709551610
signal arrived during cgo execution

goroutine 1 gp=0xc000002380 m=8 mp=0xc000500808 [syscall]:
runtime.cgocall(0x5e0e80, 0xc0000e9d80)
	/usr/local/go/src/runtime/cgocall.go:167 +0x4b fp=0xc0000e9d58 sp=0xc0000e9d20 pc=0x47f20b
github.com/zjuDBSystems/LETUS-go/letus._Cfunc_LetusFlush(0x19db430, 0x0, 0x2)
	_cgo_gotypes.go:140 +0x45 fp=0xc0000e9d80 sp=0xc0000e9d58 pc=0x4f4725
github.com/zjuDBSystems/LETUS-go/letus.(*LetusKVStorage).Write.func1(...)
	/home/xinyu.chen/LETUS-go/letus/kvstorage.go:114
github.com/zjuDBSystems/LETUS-go/letus.(*LetusKVStorage).Write(0xc0000186c0, 0x619640?)
	/home/xinyu.chen/LETUS-go/letus/kvstorage.go:114 +0xbf fp=0xc0000e9df8 sp=0xc0000e9d80 pc=0x4f565f
github.com/zjuDBSystems/LETUS-go/letus.(*LetusBatch).Write(0xc0000186c0?, {0x619840?, 0x6c9228?})
	/home/xinyu.chen/LETUS-go/letus/batch.go:28 +0x30 fp=0xc0000e9e20 sp=0xc0000e9df8 pc=0x4f4430
main.main()
	/home/xinyu.chen/LETUS-go/cmd/main.go:78 +0x1f2 fp=0xc0000e9f50 sp=0xc0000e9e20 pc=0x5a78d2
runtime.main()
	/usr/local/go/src/runtime/proc.go:283 +0x28b fp=0xc0000e9fe0 sp=0xc0000e9f50 pc=0x44e0cb
runtime.goexit({})
	/usr/local/go/src/runtime/asm_amd64.s:1700 +0x1 fp=0xc0000e9fe8 sp=0xc0000e9fe0 pc=0x4891e1

goroutine 2 gp=0xc000002e00 m=nil [force gc (idle)]:
runtime.gopark(0x0?, 0x0?, 0x0?, 0x0?, 0x0?)
	/usr/local/go/src/runtime/proc.go:435 +0xce fp=0xc0000d4fa8 sp=0xc0000d4f88 pc=0x481e6e
runtime.goparkunlock(...)
	/usr/local/go/src/runtime/proc.go:441
runtime.forcegchelper()
	/usr/local/go/src/runtime/proc.go:348 +0xb3 fp=0xc0000d4fe0 sp=0xc0000d4fa8 pc=0x44e413
runtime.goexit({})
	/usr/local/go/src/runtime/asm_amd64.s:1700 +0x1 fp=0xc0000d4fe8 sp=0xc0000d4fe0 pc=0x4891e1
created by runtime.init.7 in goroutine 1
	/usr/local/go/src/runtime/proc.go:336 +0x1a

goroutine 3 gp=0xc000003340 m=nil [GC sweep wait]:
runtime.gopark(0x1?, 0x0?, 0x0?, 0x0?, 0x0?)
	/usr/local/go/src/runtime/proc.go:435 +0xce fp=0xc0000d5780 sp=0xc0000d5760 pc=0x481e6e
runtime.goparkunlock(...)
	/usr/local/go/src/runtime/proc.go:441
runtime.bgsweep(0xc0000ce080)
	/usr/local/go/src/runtime/mgcsweep.go:316 +0xdf fp=0xc0000d57c8 sp=0xc0000d5780 pc=0x43659f
runtime.gcenable.gowrap1()
	/usr/local/go/src/runtime/mgc.go:204 +0x25 fp=0xc0000d57e0 sp=0xc0000d57c8 pc=0x42aa25
runtime.goexit({})
	/usr/local/go/src/runtime/asm_amd64.s:1700 +0x1 fp=0xc0000d57e8 sp=0xc0000d57e0 pc=0x4891e1
created by runtime.gcenable in goroutine 1
	/usr/local/go/src/runtime/mgc.go:204 +0x66

goroutine 4 gp=0xc000003500 m=nil [GC scavenge wait]:
runtime.gopark(0x10000?, 0x6bf3c0?, 0x0?, 0x0?, 0x0?)
	/usr/local/go/src/runtime/proc.go:435 +0xce fp=0xc0000d5f78 sp=0xc0000d5f58 pc=0x481e6e
runtime.goparkunlock(...)
	/usr/local/go/src/runtime/proc.go:441
runtime.(*scavengerState).park(0xa5c380)
	/usr/local/go/src/runtime/mgcscavenge.go:425 +0x49 fp=0xc0000d5fa8 sp=0xc0000d5f78 pc=0x434009
runtime.bgscavenge(0xc0000ce080)
	/usr/local/go/src/runtime/mgcscavenge.go:658 +0x59 fp=0xc0000d5fc8 sp=0xc0000d5fa8 pc=0x434599
runtime.gcenable.gowrap2()
	/usr/local/go/src/runtime/mgc.go:205 +0x25 fp=0xc0000d5fe0 sp=0xc0000d5fc8 pc=0x42a9c5
runtime.goexit({})
	/usr/local/go/src/runtime/asm_amd64.s:1700 +0x1 fp=0xc0000d5fe8 sp=0xc0000d5fe0 pc=0x4891e1
created by runtime.gcenable in goroutine 1
	/usr/local/go/src/runtime/mgc.go:205 +0xa5

goroutine 5 gp=0xc000003dc0 m=nil [finalizer wait]:
runtime.gopark(0x1b8?, 0xc000002380?, 0x1?, 0x23?, 0xc0000d4688?)
	/usr/local/go/src/runtime/proc.go:435 +0xce fp=0xc0000d4630 sp=0xc